BL51 BANKED LINKER/LOCATER V6.22                                                        01/27/2021  14:40:19  PAGE 1


BL51 BANKED LINKER/LOCATER V6.22, INVOKED BY:
F:\KEIL\C51\BIN\BL51.EXE STARTUP_OB38R08T1.obj, ADC.obj, EEPROM.obj, Main.obj, Timer.obj, WDT.obj TO CRM1227 RAMSIZE (25
>> 6)


MEMORY MODEL: SMALL WITH FLOATING POINT ARITHMETIC


INPUT MODULES INCLUDED:
  STARTUP_OB38R08T1.obj (?C_STARTUP)
  ADC.obj (ADC)
  EEPROM.obj (EEPROM)
  Main.obj (MAIN)
  Timer.obj (TIMER)
  WDT.obj (WDT)
  F:\KEIL\C51\LIB\C51FPS.LIB (?C?FPCMP)
  F:\KEIL\C51\LIB\C51FPS.LIB (?C?FCAST)
  F:\KEIL\C51\LIB\C51S.LIB (?C_INIT)
  F:\KEIL\C51\LIB\C51S.LIB (?C?UIDIV)
  F:\KEIL\C51\LIB\C51S.LIB (?C?LNEG)
  F:\KEIL\C51\LIB\C51S.LIB (?C?SLCMP)


LINK MAP OF MODULE:  CRM1227 (?C_STARTUP)


            TYPE    BASE      LENGTH    RELOCATION   SEGMENT NAME
            -----------------------------------------------------

            * * * * * * *   D A T A   M E M O R Y   * * * * * * *
            REG     0000H     0008H     ABSOLUTE     "REG BANK 0"
            DATA    0008H     0016H     UNIT         ?DT?ADC
                    001EH     0002H                  *** GAP ***
            BIT     0020H.0   0000H.4   UNIT         ?BI?MAIN
            BIT     0020H.4   0000H.1   UNIT         ?BI?ADC
                    0020H.5   0000H.3                *** GAP ***
            DATA    0021H     0046H     UNIT         ?DT?MAIN
            DATA    0067H     0009H     UNIT         _DATA_GROUP_
            IDATA   0070H     0001H     UNIT         ?STACK

            * * * * * * *  X D A T A   M E M O R Y  * * * * * * *
            XDATA   0000H     001AH     UNIT         ?XD?MAIN
            XDATA   001AH     0007H     UNIT         _XDATA_GROUP_

            * * * * * * *   C O D E   M E M O R Y   * * * * * * *
            CODE    0000H     0003H     ABSOLUTE     
            CODE    0003H     0008H     UNIT         ?PR?_ROM_BYTEREAD?EEPROM
            CODE    000BH     0003H     ABSOLUTE     
            CODE    000EH     0041H     UNIT         ?PR?TIMER0_ISR?TIMER
            CODE    004FH     0004H     UNIT         ?PR?WDTR_COUNTCLEAR?WDT
            CODE    0053H     0003H     ABSOLUTE     
            CODE    0056H     07C7H     UNIT         ?PR?PROWORKSTATEB?MAIN
            CODE    081DH     07B0H     UNIT         ?PR?PROWORKSTATE?MAIN
            CODE    0FCDH     0130H     UNIT         ?C?LIB_CODE
            CODE    10FDH     00F2H     UNIT         ?PR?TEMCONTROLAUTOB?MAIN
            CODE    11EFH     00EFH     UNIT         ?PR?TEMCONTROLAUTO?MAIN
            CODE    12DEH     00E5H     UNIT         ?C_INITSEG
            CODE    13C3H     00BDH     UNIT         ?PR?_CLEARWORKDOJOB?MAIN
BL51 BANKED LINKER/LOCATER V6.22                                                      01/27/2021  14:40:19  PAGE 2


            CODE    1480H     00BAH     UNIT         ?PR?_DISPLAY?MAIN
            CODE    153AH     00BAH     UNIT         ?PR?_DISPLAYB?MAIN
            CODE    15F4H     009AH     UNIT         ?C_C51STARTUP
            CODE    168EH     0081H     UNIT         ?PR?CHECKKEY?MAIN
            CODE    170FH     0081H     UNIT         ?PR?CHECKKEYB?MAIN
            CODE    1790H     006DH     UNIT         ?PR?TIMCAL?MAIN
            CODE    17FDH     005AH     UNIT         ?PR?_GETADCCALVAL?ADC
            CODE    1857H     0055H     UNIT         ?PR?_MAX6675_READREG?MAIN
            CODE    18ACH     0053H     UNIT         ?PR?FLASHTEMPVAL?MAIN
            CODE    18FFH     0053H     UNIT         ?PR?FLASHTEMPVALB?MAIN
            CODE    1952H     004FH     UNIT         ?PR?MAIN?MAIN
            CODE    19A1H     0037H     UNIT         ?PR?READ_8BIT?MAIN
            CODE    19D8H     0037H     UNIT         ?PR?READ_8BITB?MAIN
            CODE    1A0FH     002FH     UNIT         ?PR?GPIO_INIT?MAIN
            CODE    1A3EH     002FH     UNIT         ?PR?_SEND_8BIT?MAIN
            CODE    1A6DH     002FH     UNIT         ?PR?_SEND_8BITB?MAIN
            CODE    1A9CH     002BH     UNIT         ?PR?CHECKSHUISTATE?ADC
            CODE    1AC7H     002AH     UNIT         ?PR?CHECKSHUISTATEB?ADC
            CODE    1AF1H     0026H     UNIT         ?PR?_DELAY?MAIN
            CODE    1B17H     0025H     UNIT         ?PR?ADCINTERRUPT?ADC
            CODE    1B3CH     0020H     UNIT         ?PR?_DELAYNP?MAIN
            CODE    1B5CH     0018H     UNIT         ?PR?_ADC?ADC
            CODE    1B74H     0015H     UNIT         ?PR?_ROM_2BYTEPROGRAM?EEPROM
            CODE    1B89H     0015H     UNIT         ?PR?READTMP1EEPROM?MAIN
            CODE    1B9EH     0015H     UNIT         ?PR?READTMP2EEPROM?MAIN
            CODE    1BB3H     0015H     UNIT         ?PR?READTMP1BEEPROM?MAIN
            CODE    1BC8H     0015H     UNIT         ?PR?READTMP2BEEPROM?MAIN
            CODE    1BDDH     0013H     UNIT         ?PR?_ROM_1BYTEPROGRAM?EEPROM
            CODE    1BF0H     0012H     UNIT         ?PR?_COMMAND?MAIN
            CODE    1C02H     0012H     UNIT         ?PR?_COMMANDB?MAIN
            CODE    1C14H     0011H     UNIT         ?PR?ADC_READ12?ADC
            CODE    1C25H     0011H     UNIT         ?PR?ISP_ENABLE?EEPROM
            CODE    1C36H     0011H     UNIT         ?PR?ISP_DISABLE?EEPROM
            CODE    1C47H     0011H     UNIT         ?PR?_READ_EEPROM?EEPROM
            CODE    1C58H     0010H     UNIT         ?PR?_WRITE_EEPROM?EEPROM
            CODE    1C68H     000FH     UNIT         ?PR?TIMER0_INITIALIZE?TIMER
            CODE    1C77H     000DH     UNIT         ?PR?WDTR_INIT?WDT
            CODE    1C84H     000DH     UNIT         ?PR?WDTR_DISABLE?WDT
            CODE    1C91H     000BH     UNIT         ?PR?ADC_INIT?ADC
            CODE    1C9CH     0007H     UNIT         ?PR?WRITETMP1EEPROM?MAIN
            CODE    1CA3H     0007H     UNIT         ?PR?WRITETMP2EEPROM?MAIN
            CODE    1CAAH     0007H     UNIT         ?PR?WRITETMP1BEEPROM?MAIN
            CODE    1CB1H     0007H     UNIT         ?PR?WRITETMP2BEEPROM?MAIN
            CODE    1CB8H     0006H     UNIT         ?PR?_ADC_START?ADC
            CODE    1CBEH     0001H     UNIT         ?PR?EXIDWORKJOB?MAIN
            CODE    1CBFH     0001H     UNIT         ?PR?CAFEWORKDOJOB?MAIN



OVERLAY MAP OF MODULE:   CRM1227 (?C_STARTUP)


SEGMENT                                DATA_GROUP          XDATA_GROUP
  +--> CALLED SEGMENT                START    LENGTH     START    LENGTH
------------------------------------------------------------------------
?C_C51STARTUP                        -----    -----      -----    -----
  +--> ?PR?MAIN?MAIN
BL51 BANKED LINKER/LOCATER V6.22                                                      01/27/2021  14:40:19  PAGE 3


  +--> ?C_INITSEG

?PR?MAIN?MAIN                        -----    -----      -----    -----
  +--> ?PR?GPIO_INIT?MAIN
  +--> ?PR?TIMER0_INITIALIZE?TIMER
  +--> ?PR?WDTR_INIT?WDT
  +--> ?PR?ADC_INIT?ADC
  +--> ?PR?READTMP1EEPROM?MAIN
  +--> ?PR?READTMP2EEPROM?MAIN
  +--> ?PR?READTMP1BEEPROM?MAIN
  +--> ?PR?READTMP2BEEPROM?MAIN
  +--> ?PR?_DISPLAY?MAIN
  +--> ?PR?_DISPLAYB?MAIN
  +--> ?PR?TEMCONTROLAUTO?MAIN
  +--> ?PR?TEMCONTROLAUTOB?MAIN
  +--> ?PR?PROWORKSTATE?MAIN
  +--> ?PR?PROWORKSTATEB?MAIN
  +--> ?PR?WDTR_COUNTCLEAR?WDT
  +--> ?PR?_DELAY?MAIN

?PR?READTMP1EEPROM?MAIN              -----    -----      -----    -----
  +--> ?PR?_READ_EEPROM?EEPROM
  +--> ?PR?WRITETMP1EEPROM?MAIN

?PR?_READ_EEPROM?EEPROM              -----    -----      -----    -----
  +--> ?PR?ISP_ENABLE?EEPROM
  +--> ?PR?ISP_DISABLE?EEPROM

?PR?WRITETMP1EEPROM?MAIN             -----    -----      -----    -----
  +--> ?PR?_WRITE_EEPROM?EEPROM

?PR?_WRITE_EEPROM?EEPROM             -----    -----      -----    -----
  +--> ?PR?ISP_ENABLE?EEPROM
  +--> ?PR?ISP_DISABLE?EEPROM

?PR?READTMP2EEPROM?MAIN              -----    -----      -----    -----
  +--> ?PR?_READ_EEPROM?EEPROM
  +--> ?PR?WRITETMP2EEPROM?MAIN

?PR?WRITETMP2EEPROM?MAIN             -----    -----      -----    -----
  +--> ?PR?_WRITE_EEPROM?EEPROM

?PR?READTMP1BEEPROM?MAIN             -----    -----      -----    -----
  +--> ?PR?_READ_EEPROM?EEPROM
  +--> ?PR?WRITETMP1BEEPROM?MAIN

?PR?WRITETMP1BEEPROM?MAIN            -----    -----      -----    -----
  +--> ?PR?_WRITE_EEPROM?EEPROM

?PR?READTMP2BEEPROM?MAIN             -----    -----      -----    -----
  +--> ?PR?_READ_EEPROM?EEPROM
  +--> ?PR?WRITETMP2BEEPROM?MAIN

?PR?WRITETMP2BEEPROM?MAIN            -----    -----      -----    -----
  +--> ?PR?_WRITE_EEPROM?EEPROM

?PR?_DISPLAY?MAIN                    006BH    0004H      -----    -----
BL51 BANKED LINKER/LOCATER V6.22                                                      01/27/2021  14:40:19  PAGE 4


  +--> ?PR?_COMMAND?MAIN
  +--> ?PR?_SEND_8BIT?MAIN

?PR?_COMMAND?MAIN                    -----    -----      -----    -----
  +--> ?PR?_DELAY?MAIN
  +--> ?PR?_SEND_8BIT?MAIN

?PR?_SEND_8BIT?MAIN                  006FH    0001H      -----    -----
  +--> ?PR?_DELAY?MAIN

?PR?_DISPLAYB?MAIN                   006BH    0004H      -----    -----
  +--> ?PR?_COMMANDB?MAIN
  +--> ?PR?_SEND_8BITB?MAIN

?PR?_COMMANDB?MAIN                   -----    -----      -----    -----
  +--> ?PR?_DELAY?MAIN
  +--> ?PR?_SEND_8BITB?MAIN

?PR?_SEND_8BITB?MAIN                 006FH    0001H      -----    -----
  +--> ?PR?_DELAY?MAIN

?PR?TEMCONTROLAUTO?MAIN              0067H    0004H      -----    -----
  +--> ?PR?FLASHTEMPVAL?MAIN
  +--> ?PR?CHECKSHUISTATE?ADC
  +--> ?PR?_DELAY?MAIN
  +--> ?PR?_DISPLAY?MAIN

?PR?FLASHTEMPVAL?MAIN                -----    -----      -----    -----
  +--> ?PR?_MAX6675_READREG?MAIN
  +--> ?PR?_DISPLAY?MAIN

?PR?_MAX6675_READREG?MAIN            006BH    0001H      -----    -----
  +--> ?PR?_DELAY?MAIN
  +--> ?PR?_DELAYNP?MAIN

?PR?CHECKSHUISTATE?ADC               -----    -----      001AH    0002H
  +--> ?PR?_GETADCCALVAL?ADC

?PR?_GETADCCALVAL?ADC                -----    -----      001CH    0003H
  +--> ?PR?_ADC?ADC

?PR?_ADC?ADC                         -----    -----      -----    -----
  +--> ?PR?_ADC_START?ADC

?PR?TEMCONTROLAUTOB?MAIN             0067H    0004H      -----    -----
  +--> ?PR?FLASHTEMPVALB?MAIN
  +--> ?PR?CHECKSHUISTATEB?ADC
  +--> ?PR?_DELAY?MAIN
  +--> ?PR?_DISPLAYB?MAIN

?PR?FLASHTEMPVALB?MAIN               -----    -----      -----    -----
  +--> ?PR?_MAX6675_READREG?MAIN
  +--> ?PR?_DISPLAYB?MAIN

?PR?CHECKSHUISTATEB?ADC              -----    -----      001AH    0002H
  +--> ?PR?_GETADCCALVAL?ADC

BL51 BANKED LINKER/LOCATER V6.22                                                      01/27/2021  14:40:19  PAGE 5


?PR?PROWORKSTATE?MAIN                0067H    0001H      -----    -----
  +--> ?PR?_DISPLAY?MAIN
  +--> ?PR?CHECKKEY?MAIN
  +--> ?PR?FLASHTEMPVAL?MAIN
  +--> ?PR?_DELAY?MAIN
  +--> ?PR?_CLEARWORKDOJOB?MAIN
  +--> ?PR?WRITETMP1EEPROM?MAIN
  +--> ?PR?WRITETMP2EEPROM?MAIN

?PR?CHECKKEY?MAIN                    -----    -----      001AH    0005H
  +--> ?PR?_COMMAND?MAIN
  +--> ?PR?READ_8BIT?MAIN

?PR?READ_8BIT?MAIN                   -----    -----      001FH    0002H
  +--> ?PR?_DELAY?MAIN

?PR?_CLEARWORKDOJOB?MAIN             0068H    0002H      -----    -----
  +--> ?PR?_DISPLAY?MAIN

?PR?PROWORKSTATEB?MAIN               0067H    0001H      -----    -----
  +--> ?PR?_DISPLAYB?MAIN
  +--> ?PR?CHECKKEYB?MAIN
  +--> ?PR?FLASHTEMPVALB?MAIN
  +--> ?PR?_DELAY?MAIN
  +--> ?PR?_CLEARWORKDOJOB?MAIN
  +--> ?PR?WRITETMP1BEEPROM?MAIN
  +--> ?PR?WRITETMP2BEEPROM?MAIN

?PR?CHECKKEYB?MAIN                   -----    -----      001AH    0005H
  +--> ?PR?_COMMANDB?MAIN
  +--> ?PR?READ_8BITB?MAIN

?PR?READ_8BITB?MAIN                  -----    -----      001FH    0002H
  +--> ?PR?_DELAY?MAIN

*** NEW ROOT ***************************************************

?PR?ADCINTERRUPT?ADC                 -----    -----      -----    -----
  +--> ?PR?ADC_READ12?ADC

*** NEW ROOT ***************************************************

?PR?TIMER0_ISR?TIMER                 -----    -----      -----    -----
  +--> ?PR?TIMCAL?MAIN

?PR?TIMCAL?MAIN                      -----    -----      -----    -----
  +--> ?PR?WDTR_COUNTCLEAR?WDT



SYMBOL TABLE OF MODULE:  CRM1227 (?C_STARTUP)

  VALUE           TYPE          NAME
  ----------------------------------

  -------         MODULE        ?C_STARTUP
  C:15F4H         SEGMENT       ?C_C51STARTUP
BL51 BANKED LINKER/LOCATER V6.22                                                      01/27/2021  14:40:19  PAGE 6


  I:0070H         SEGMENT       ?STACK
  C:0000H         PUBLIC        ?C_STARTUP
  D:00E0H         SYMBOL        ACC
  D:00F0H         SYMBOL        B
  D:0083H         SYMBOL        DPH
  D:0082H         SYMBOL        DPL
  N:0000H         SYMBOL        IBPSTACK
  N:0100H         SYMBOL        IBPSTACKTOP
  N:0100H         SYMBOL        IDATALEN
  C:15F7H         SYMBOL        IDATALOOP
  N:0000H         SYMBOL        PBPSTACK
  N:0100H         SYMBOL        PBPSTACKTOP
  N:0000H         SYMBOL        PDATALEN
  N:0000H         SYMBOL        PDATASTART
  N:0000H         SYMBOL        PPAGE
  N:0000H         SYMBOL        PPAGEENABLE
  D:00A0H         SYMBOL        PPAGE_SFR
  D:0081H         SYMBOL        SP
  C:15F4H         SYMBOL        STARTUP1
  N:0000H         SYMBOL        XBPSTACK
  N:0000H         SYMBOL        XBPSTACKTOP
  N:0200H         SYMBOL        XDATALEN
  C:1602H         SYMBOL        XDATALOOP
  N:0000H         SYMBOL        XDATASTART
  C:0000H         LINE#         126
  C:15F4H         LINE#         133
  C:15F6H         LINE#         134
  C:15F7H         LINE#         135
  C:15F8H         LINE#         136
  C:15FAH         LINE#         140
  C:15FDH         LINE#         141
  C:15FFH         LINE#         145
  C:1601H         LINE#         147
  C:1602H         LINE#         148
  C:1603H         LINE#         149
  C:1604H         LINE#         150
  C:1606H         LINE#         151
  C:1608H         LINE#         185
  C:160BH         LINE#         196
  -------         ENDMOD        ?C_STARTUP

  -------         MODULE        ADC
  C:0000H         SYMBOL        _ICE_DUMMY_
  D:0080H         PUBLIC        P0
  D:0090H         PUBLIC        P1
  C:1A9CH         PUBLIC        CheckShuiState
  D:00A0H         PUBLIC        P2
  D:00B0H         PUBLIC        P3
  B:00A8H.7       PUBLIC        EA
  C:1C14H         PUBLIC        ADC_Read12
  D:00A8H         PUBLIC        IEN0
  D:00B8H         PUBLIC        IEN1
  C:1B17H         PUBLIC        ADCInterrupt
  C:17FDH         PUBLIC        _GetADCCalVal
  D:00F8H         PUBLIC        IICS
  D:0098H         PUBLIC        SCON
  D:0088H         PUBLIC        TCON
BL51 BANKED LINKER/LOCATER V6.22                                                      01/27/2021  14:40:19  PAGE 7


  C:1CB8H         PUBLIC        _ADC_Start
  D:00ABH         PUBLIC        ADCC1
  D:00ACH         PUBLIC        ADCC2
  C:1C91H         PUBLIC        ADC_Init
  C:1AC7H         PUBLIC        CheckShuiStateB
  D:00E0H         PUBLIC        ACC
  C:1B5CH         PUBLIC        _ADC
  D:0008H         PUBLIC        ADC_Val
  B:0020H.4       PUBLIC        ADCfinish
  D:00ADH         PUBLIC        ADCDH
  B:00B8H.2       PUBLIC        IEADC
  D:00AEH         PUBLIC        ADCDL
  D:00AFH         PUBLIC        ADCCS
  D:001CH         PUBLIC        n_data
  D:00D0H         PUBLIC        PSW
  D:00C0H         PUBLIC        IRCON
  -------         PROC          _ADC_START
  D:0007H         SYMBOL        n_ADC_CH
  C:1CB8H         LINE#         8
  C:1CB8H         LINE#         9
  C:1CB8H         LINE#         10
  C:1CBAH         LINE#         11
  C:1CBDH         LINE#         12
  -------         ENDPROC       _ADC_START
  -------         PROC          ADC_INIT
  C:1C91H         LINE#         14
  C:1C91H         LINE#         15
  C:1C91H         LINE#         16
  C:1C94H         LINE#         17
  C:1C97H         LINE#         18
  C:1C99H         LINE#         19
  C:1C9BH         LINE#         20
  -------         ENDPROC       ADC_INIT
  -------         PROC          ADC_READ12
  -------         DO            
  D:0006H         SYMBOL        n_ADCD12
  -------         ENDDO         
  C:1C14H         LINE#         22
  C:1C14H         LINE#         23
  C:1C14H         LINE#         24
  C:1C15H         LINE#         25
  C:1C24H         LINE#         26
  C:1C24H         LINE#         27
  -------         ENDPROC       ADC_READ12
  -------         PROC          ADCINTERRUPT
  C:1B17H         LINE#         29
  C:1B26H         LINE#         31
  C:1B2DH         LINE#         32
  C:1B2FH         LINE#         33
  -------         ENDPROC       ADCINTERRUPT
  -------         PROC          _ADC
  D:0007H         SYMBOL        channel
  C:1B5CH         LINE#         35
  C:1B5CH         LINE#         36
  C:1B5CH         LINE#         37
  C:1B5FH         LINE#         38
  C:1B5FH         LINE#         39
BL51 BANKED LINKER/LOCATER V6.22                                                      01/27/2021  14:40:19  PAGE 8


  C:1B5FH         LINE#         40
  C:1B5FH         LINE#         41
  C:1B63H         LINE#         42
  C:1B66H         LINE#         43
  C:1B68H         LINE#         44
  C:1B68H         LINE#         45
  C:1B69H         LINE#         47
  C:1B69H         LINE#         48
  C:1B69H         LINE#         49
  C:1B69H         LINE#         50
  C:1B6EH         LINE#         51
  C:1B71H         LINE#         52
  C:1B73H         LINE#         53
  C:1B73H         LINE#         54
  C:1B73H         LINE#         55
  -------         ENDPROC       _ADC
  -------         PROC          _GETADCCALVAL
  D:0006H         SYMBOL        channel
  -------         DO            
  X:001CH         SYMBOL        AdPerVal
  X:001EH         SYMBOL        i
  -------         ENDDO         
  C:17FDH         LINE#         56
  C:17FFH         LINE#         57
  C:17FFH         LINE#         58
  C:1806H         LINE#         59
  C:1808H         LINE#         60
  C:180EH         LINE#         61
  C:1810H         LINE#         62
  C:1810H         LINE#         63
  C:1815H         LINE#         64
  C:1824H         LINE#         65
  C:183BH         LINE#         66
  C:1847H         LINE#         67
  C:1856H         LINE#         68
  -------         ENDPROC       _GETADCCALVAL
  -------         PROC          CHECKSHUISTATE
  -------         DO            
  X:001AH         SYMBOL        ADValc
  -------         ENDDO         
  C:1A9CH         LINE#         71
  C:1A9CH         LINE#         72
  C:1A9CH         LINE#         73
  C:1AA3H         LINE#         74
  C:1AB0H         LINE#         75
  C:1AB8H         LINE#         76
  C:1AB8H         LINE#         77
  C:1AC1H         LINE#         78
  C:1AC1H         LINE#         79
  C:1AC1H         LINE#         80
  C:1AC1H         LINE#         82
  C:1AC1H         LINE#         84
  C:1AC4H         LINE#         85
  C:1AC4H         LINE#         86
  C:1AC4H         LINE#         88
  C:1AC4H         LINE#         89
  C:1AC6H         LINE#         90
BL51 BANKED LINKER/LOCATER V6.22                                                      01/27/2021  14:40:19  PAGE 9


  C:1AC6H         LINE#         91
  -------         ENDPROC       CHECKSHUISTATE
  -------         PROC          CHECKSHUISTATEB
  -------         DO            
  X:001AH         SYMBOL        ADValc
  -------         ENDDO         
  C:1AC7H         LINE#         92
  C:1AC7H         LINE#         93
  C:1AC7H         LINE#         94
  C:1ACEH         LINE#         95
  C:1ADAH         LINE#         96
  C:1AE2H         LINE#         97
  C:1AE2H         LINE#         98
  C:1AEBH         LINE#         99
  C:1AEBH         LINE#         100
  C:1AEBH         LINE#         101
  C:1AEBH         LINE#         103
  C:1AEBH         LINE#         105
  C:1AEEH         LINE#         106
  C:1AEEH         LINE#         107
  C:1AEEH         LINE#         109
  C:1AEEH         LINE#         110
  C:1AF0H         LINE#         111
  C:1AF0H         LINE#         112
  -------         ENDPROC       CHECKSHUISTATEB
  -------         ENDMOD        ADC

  -------         MODULE        EEPROM
  C:0000H         SYMBOL        _ICE_DUMMY_
  D:00F7H         PUBLIC        TAKEY
  D:0080H         PUBLIC        P0
  D:0090H         PUBLIC        P1
  D:00A0H         PUBLIC        P2
  D:00B0H         PUBLIC        P3
  C:1C36H         PUBLIC        ISP_Disable
  B:00A8H.7       PUBLIC        EA
  D:00A8H         PUBLIC        IEN0
  D:00B8H         PUBLIC        IEN1
  C:1C25H         PUBLIC        ISP_Enable
  C:1C47H         PUBLIC        _Read_EEPROM
  D:00F8H         PUBLIC        IICS
  D:0098H         PUBLIC        SCON
  D:0088H         PUBLIC        TCON
  C:1C58H         PUBLIC        _Write_EEPROM
  D:00E1H         PUBLIC        ISPFAH
  D:00EBH         PUBLIC        ISPFDH
  D:00E2H         PUBLIC        ISPFAL
  D:00E3H         PUBLIC        ISPFDL
  D:00E0H         PUBLIC        ACC
  C:0003H         PUBLIC        _ROM_ByteRead
  D:008FH         PUBLIC        IFCON
  C:1BDDH         PUBLIC        _ROM_1ByteProgram
  C:1B74H         PUBLIC        _ROM_2ByteProgram
  D:00E4H         PUBLIC        ISPFC
  D:00D0H         PUBLIC        PSW
  D:00C0H         PUBLIC        IRCON
  -------         PROC          ISP_ENABLE
BL51 BANKED LINKER/LOCATER V6.22                                                      01/27/2021  14:40:19  PAGE 10


  C:1C25H         LINE#         14
  C:1C25H         LINE#         15
  C:1C25H         LINE#         16
  C:1C27H         LINE#         17
  C:1C2AH         LINE#         18
  C:1C2DH         LINE#         19
  C:1C30H         LINE#         20
  C:1C33H         LINE#         21
  C:1C35H         LINE#         22
  -------         ENDPROC       ISP_ENABLE
  -------         PROC          ISP_DISABLE
  C:1C36H         LINE#         24
  C:1C36H         LINE#         25
  C:1C36H         LINE#         26
  C:1C38H         LINE#         27
  C:1C3BH         LINE#         28
  C:1C3EH         LINE#         29
  C:1C41H         LINE#         30
  C:1C44H         LINE#         31
  C:1C46H         LINE#         32
  -------         ENDPROC       ISP_DISABLE
  -------         PROC          _ROM_1BYTEPROGRAM
  D:0002H         SYMBOL        Addr
  D:0005H         SYMBOL        Data
  C:1BDDH         LINE#         34
  C:1BE1H         LINE#         35
  C:1BE1H         LINE#         36
  C:1BE4H         LINE#         37
  C:1BE6H         LINE#         38
  C:1BE8H         LINE#         39
  C:1BEAH         LINE#         40
  C:1BEDH         LINE#         41
  -------         ENDPROC       _ROM_1BYTEPROGRAM
  -------         PROC          _ROM_2BYTEPROGRAM
  D:0002H         SYMBOL        Addr
  D:0004H         SYMBOL        Data
  C:1B74H         LINE#         44
  C:1B78H         LINE#         45
  C:1B78H         LINE#         46
  C:1B7BH         LINE#         47
  C:1B7DH         LINE#         48
  C:1B7FH         LINE#         49
  C:1B81H         LINE#         50
  C:1B83H         LINE#         51
  C:1B86H         LINE#         52
  -------         ENDPROC       _ROM_2BYTEPROGRAM
  -------         PROC          _WRITE_EEPROM
  D:0007H         SYMBOL        Addr
  D:0005H         SYMBOL        Data
  C:1C58H         LINE#         55
  C:1C58H         LINE#         56
  C:1C58H         LINE#         57
  C:1C5BH         LINE#         58
  C:1C5EH         LINE#         59
  C:1C60H         LINE#         60
  C:1C62H         LINE#         61
  C:1C65H         LINE#         62
BL51 BANKED LINKER/LOCATER V6.22                                                      01/27/2021  14:40:19  PAGE 11


  -------         ENDPROC       _WRITE_EEPROM
  -------         PROC          _READ_EEPROM
  D:0007H         SYMBOL        Addr
  -------         DO            
  D:0007H         SYMBOL        Data
  -------         ENDDO         
  C:1C47H         LINE#         65
  C:1C47H         LINE#         66
  C:1C47H         LINE#         68
  C:1C4AH         LINE#         69
  C:1C4DH         LINE#         70
  C:1C4FH         LINE#         71
  C:1C52H         LINE#         72
  C:1C54H         LINE#         73
  C:1C57H         LINE#         74
  C:1C57H         LINE#         75
  -------         ENDPROC       _READ_EEPROM
  -------         PROC          _ROM_BYTEREAD
  D:0006H         SYMBOL        Addr
  C:0003H         LINE#         78
  C:0003H         LINE#         79
  C:0003H         LINE#         80
  C:000AH         LINE#         81
  -------         ENDPROC       _ROM_BYTEREAD
  -------         ENDMOD        EEPROM

  -------         MODULE        MAIN
  C:0000H         SYMBOL        _ICE_DUMMY_
  D:0023H         PUBLIC        KeyTimeB
  X:0008H         PUBLIC        MkCafeTimeB
  D:00D4H         PUBLIC        P1M0
  D:00D3H         PUBLIC        P0M1
  D:00D6H         PUBLIC        P2M0
  D:00D5H         PUBLIC        P1M1
  D:0080H         PUBLIC        P0
  B:0020H.0       PUBLIC        HeatFlag
  D:00DAH         PUBLIC        P3M0
  D:00D7H         PUBLIC        P2M1
  D:0090H         PUBLIC        P1
  D:00DBH         PUBLIC        P3M1
  D:00A0H         PUBLIC        P2
  X:000AH         PUBLIC        SenTempB
  D:00B0H         PUBLIC        P3
  D:0025H         PUBLIC        DelayTime
  C:1A45H         PUBLIC        _send_8bit
  B:00A8H.7       PUBLIC        EA
  C:168EH         PUBLIC        CheckKey
  D:0027H         PUBLIC        Temp1B
  D:0028H         PUBLIC        Lamp
  D:0029H         PUBLIC        StartMach
  D:002AH         PUBLIC        Temp2B
  D:00A8H         PUBLIC        IEN0
  D:00B8H         PUBLIC        IEN1
  B:0080H.0       PUBLIC        P0_0
  B:0090H.0       PUBLIC        P1_0
  B:0080H.1       PUBLIC        P0_1
  C:1BB3H         PUBLIC        ReadTmp1BEeprom
BL51 BANKED LINKER/LOCATER V6.22                                                      01/27/2021  14:40:19  PAGE 12


  D:002BH         PUBLIC        HeadMaxTmpB
  B:0090H.1       PUBLIC        P1_1
  B:0080H.2       PUBLIC        P0_2
  C:1BC8H         PUBLIC        ReadTmp2BEeprom
  B:00B0H.0       PUBLIC        P3_0
  B:0090H.2       PUBLIC        P1_2
  B:00B0H.1       PUBLIC        P3_1
  B:0090H.3       PUBLIC        P1_3
  X:000BH         PUBLIC        PowerState
  B:0020H.1       PUBLIC        TempFlag
  B:00A0H.3       PUBLIC        P2_3
  B:0090H.4       PUBLIC        P1_4
  B:0080H.5       PUBLIC        P0_5
  D:002CH         PUBLIC        swWorkState
  B:00B0H.3       PUBLIC        P3_3
  B:0090H.5       PUBLIC        P1_5
  B:00B0H.4       PUBLIC        P3_4
  B:0090H.6       PUBLIC        P1_6
  D:002DH         PUBLIC        ShuiFlag
  B:00B0H.5       PUBLIC        P3_5
  B:0090H.7       PUBLIC        P1_7
  D:002EH         PUBLIC        KeyButB
  D:002FH         PUBLIC        CODE
  C:154EH         PUBLIC        _DisplayB
  C:0056H         PUBLIC        ProWorkStateB
  C:1CAAH         PUBLIC        WriteTmp1BEeprom
  C:1CB1H         PUBLIC        WriteTmp2BEeprom
  C:1C02H         PUBLIC        _commandB
  C:1952H         PUBLIC        main
  C:1A0FH         PUBLIC        GPIO_Init
  D:004DH         PUBLIC        KeyFlag
  D:004EH         PUBLIC        ErrCode
  X:000CH         PUBLIC        ZhenTime
  D:00F8H         PUBLIC        IICS
  C:11EFH         PUBLIC        TemControlAuto
  D:004FH         PUBLIC        AutCtrTimeB
  D:0051H         PUBLIC        HeatFa
  X:000EH         PUBLIC        ShuiTime
  C:18ACH         PUBLIC        FlashTempVal
  C:1B3CH         PUBLIC        _delayNP
  X:0010H         PUBLIC        LedOnOFF
  D:0098H         PUBLIC        SCON
  D:0088H         PUBLIC        TCON
  D:0052H         PUBLIC        TimeCc
  C:19D8H         PUBLIC        read_8bitB
  D:0054H         PUBLIC        KeyTime
  X:0011H         PUBLIC        MkCafeTime
  C:1790H         PUBLIC        TimCal
  C:1857H         PUBLIC        _MAX6675_ReadReg
  X:0013H         PUBLIC        SenTemp
  B:0020H.2       PUBLIC        HeatFlagB
  D:0056H         PUBLIC        DelayTimeB
  D:00E0H         PUBLIC        ACC
  C:1A74H         PUBLIC        _send_8bitB
  D:0058H         PUBLIC        Temp1
  D:0059H         PUBLIC        Temp2
  C:170FH         PUBLIC        CheckKeyB
BL51 BANKED LINKER/LOCATER V6.22                                                      01/27/2021  14:40:19  PAGE 13


  D:005AH         PUBLIC        LampB
  C:1CBEH         PUBLIC        ExidWorkJob
  C:1B89H         PUBLIC        ReadTmp1Eeprom
  D:005BH         PUBLIC        StartMachB
  D:005CH         PUBLIC        HeadMaxTmp
  C:1B9EH         PUBLIC        ReadTmp2Eeprom
  D:005DH         PUBLIC        KeyBut
  X:0014H         PUBLIC        PowerStateB
  B:0020H.3       PUBLIC        TempFlagB
  D:005EH         PUBLIC        swWorkStateB
  C:1494H         PUBLIC        _Display
  D:005FH         PUBLIC        ShuiFlagB
  C:081DH         PUBLIC        ProWorkState
  C:1C9CH         PUBLIC        WriteTmp1Eeprom
  C:1CA3H         PUBLIC        WriteTmp2Eeprom
  C:13C8H         PUBLIC        _ClearWorkDoJob
  C:1BF0H         PUBLIC        _command
  D:00E6H         PUBLIC        LVC
  C:1CBFH         PUBLIC        CafeWorkDoJob
  D:0060H         PUBLIC        AutCtrTime
  D:0062H         PUBLIC        KeyFlagB
  D:0063H         PUBLIC        ErrCodeB
  X:0015H         PUBLIC        ZhenTimeB
  C:10FDH         PUBLIC        TemControlAutoB
  D:0064H         PUBLIC        HeatFaB
  X:0017H         PUBLIC        ShuiTimeB
  C:18FFH         PUBLIC        FlashTempValB
  C:1AF7H         PUBLIC        _Delay
  X:0019H         PUBLIC        LedOnOFFB
  C:19A1H         PUBLIC        read_8bit
  D:0065H         PUBLIC        TimeCcB
  D:00D0H         PUBLIC        PSW
  D:00C0H         PUBLIC        IRCON
  D:00D2H         PUBLIC        P0M0
  C:1AF1H         SYMBOL        L?0500
  C:1AF3H         SYMBOL        L?0501
  -------         PROC          L?0499
  -------         ENDPROC       L?0499
  C:1AF1H         SYMBOL        L?0500
  C:1AF3H         SYMBOL        L?0501
  -------         PROC          _DELAY
  D:0006H         SYMBOL        tim
  -------         DO            
  D:0004H         SYMBOL        i
  D:0002H         SYMBOL        j
  -------         ENDDO         
  C:1AF7H         LINE#         130
  C:1AF7H         LINE#         131
  C:1AF7H         LINE#         133
  C:1B01H         LINE#         134
  C:1B16H         LINE#         135
  -------         ENDPROC       _DELAY
  -------         PROC          GPIO_INIT
  C:1A0FH         LINE#         173
  C:1A0FH         LINE#         174
  C:1A0FH         LINE#         175
  C:1A12H         LINE#         176
BL51 BANKED LINKER/LOCATER V6.22                                                      01/27/2021  14:40:19  PAGE 14


  C:1A14H         LINE#         177
  C:1A16H         LINE#         178
  C:1A18H         LINE#         190
  C:1A1BH         LINE#         191
  C:1A1EH         LINE#         203
  C:1A20H         LINE#         204
  C:1A23H         LINE#         215
  C:1A25H         LINE#         216
  C:1A28H         LINE#         224
  C:1A2AH         LINE#         225
  C:1A2DH         LINE#         227
  C:1A2FH         LINE#         228
  C:1A31H         LINE#         229
  C:1A33H         LINE#         230
  C:1A35H         LINE#         232
  C:1A37H         LINE#         233
  C:1A39H         LINE#         234
  C:1A3BH         LINE#         235
  C:1A3DH         LINE#         237
  -------         ENDPROC       GPIO_INIT
  -------         PROC          _DELAYNP
  D:0006H         SYMBOL        tim
  -------         DO            
  D:0004H         SYMBOL        i
  D:0002H         SYMBOL        j
  -------         ENDDO         
  C:1B3CH         LINE#         238
  C:1B3CH         LINE#         239
  C:1B3CH         LINE#         241
  C:1B46H         LINE#         242
  C:1B46H         LINE#         243
  C:1B54H         LINE#         244
  C:1B5BH         LINE#         245
  -------         ENDPROC       _DELAYNP
  C:1A3EH         SYMBOL        L?0503
  -------         PROC          L?0502
  -------         ENDPROC       L?0502
  C:1A3EH         SYMBOL        L?0503
  -------         PROC          _SEND_8BIT
  D:006FH         SYMBOL        dat
  -------         DO            
  D:0001H         SYMBOL        i
  -------         ENDDO         
  C:1A45H         LINE#         249
  C:1A47H         LINE#         250
  C:1A47H         LINE#         252
  C:1A49H         LINE#         253
  C:1A49H         LINE#         254
  C:1A4EH         LINE#         255
  C:1A52H         LINE#         256
  C:1A54H         LINE#         257
  C:1A56H         LINE#         258
  C:1A5DH         LINE#         259
  C:1A5FH         LINE#         260
  C:1A62H         LINE#         261
  C:1A68H         LINE#         262
  C:1A6CH         LINE#         263
BL51 BANKED LINKER/LOCATER V6.22                                                      01/27/2021  14:40:19  PAGE 15


  -------         ENDPROC       _SEND_8BIT
  -------         PROC          READ_8BIT
  -------         DO            
  X:001FH         SYMBOL        reData
  X:0020H         SYMBOL        i
  -------         ENDDO         
  C:19A1H         LINE#         264
  C:19A1H         LINE#         265
  C:19A1H         LINE#         267
  C:19A3H         LINE#         268
  C:19A8H         LINE#         269
  C:19AAH         LINE#         270
  C:19AAH         LINE#         271
  C:19ACH         LINE#         272
  C:19B3H         LINE#         273
  C:19B5H         LINE#         274
  C:19B8H         LINE#         275
  C:19BFH         LINE#         276
  C:19C2H         LINE#         277
  C:19C2H         LINE#         278
  C:19C6H         LINE#         279
  C:19C6H         LINE#         280
  C:19D2H         LINE#         281
  C:19D7H         LINE#         282
  -------         ENDPROC       READ_8BIT
  -------         PROC          _MAX6675_READREG
  D:006BH         SYMBOL        channel
  -------         DO            
  D:0001H         SYMBOL        i
  D:0082H         SYMBOL        dat
  -------         ENDDO         
  C:1857H         LINE#         287
  C:1859H         LINE#         288
  C:1859H         LINE#         291
  C:185BH         LINE#         292
  C:185FH         LINE#         293
  C:1861H         LINE#         294
  C:1866H         LINE#         295
  C:1866H         LINE#         296
  C:1868H         LINE#         297
  C:186AH         LINE#         299
  C:186AH         LINE#         300
  C:186CH         LINE#         301
  C:186CH         LINE#         302
  C:1873H         LINE#         303
  C:1875H         LINE#         304
  C:1875H         LINE#         305
  C:1877H         LINE#         306
  C:187EH         LINE#         307
  C:1889H         LINE#         308
  C:188CH         LINE#         309
  C:188FH         LINE#         310
  C:1891H         LINE#         311
  C:1898H         LINE#         312
  C:189CH         LINE#         313
  C:18A1H         LINE#         314
  C:18A1H         LINE#         315
BL51 BANKED LINKER/LOCATER V6.22                                                      01/27/2021  14:40:19  PAGE 16


  C:18A3H         LINE#         316
  C:18A5H         LINE#         318
  C:18A5H         LINE#         319
  C:18A7H         LINE#         320
  C:18A7H         LINE#         321
  C:18ABH         LINE#         322
  -------         ENDPROC       _MAX6675_READREG
  -------         PROC          _COMMAND
  D:0001H         SYMBOL        com
  C:1BF0H         LINE#         335
  C:1BF2H         LINE#         336
  C:1BF2H         LINE#         337
  C:1BF4H         LINE#         338
  C:1BFBH         LINE#         339
  C:1BFDH         LINE#         340
  -------         ENDPROC       _COMMAND
  -------         PROC          L?0506
  -------         ENDPROC       L?0506
  -------         PROC          _DISPLAY
  D:006BH         SYMBOL        da1
  D:006CH         SYMBOL        da2
  D:006DH         SYMBOL        da3
  D:006EH         SYMBOL        da4
  -------         DO            
  X:0000H         SYMBOL        sda1
  X:0001H         SYMBOL        sda2
  X:0002H         SYMBOL        sda3
  X:0003H         SYMBOL        sda4
  -------         ENDDO         
  C:1494H         LINE#         346
  C:149AH         LINE#         347
  C:149AH         LINE#         352
  C:14B4H         LINE#         354
  C:14B9H         LINE#         355
  C:14B9H         LINE#         356
  C:14BCH         LINE#         357
  C:14BFH         LINE#         358
  C:14C2H         LINE#         359
  C:14CAH         LINE#         361
  C:14CAH         LINE#         362
  C:14CFH         LINE#         363
  C:14D4H         LINE#         364
  C:14D9H         LINE#         365
  C:14DEH         LINE#         366
  C:14EAH         LINE#         367
  C:14EFH         LINE#         368
  C:14FBH         LINE#         369
  C:1500H         LINE#         370
  C:150CH         LINE#         371
  C:1511H         LINE#         372
  C:1516H         LINE#         373
  C:151BH         LINE#         374
  C:1520H         LINE#         375
  C:1525H         LINE#         376
  C:1527H         LINE#         377
  C:152DH         LINE#         378
  C:1531H         LINE#         379
BL51 BANKED LINKER/LOCATER V6.22                                                      01/27/2021  14:40:19  PAGE 17


  C:1535H         LINE#         380
  C:1539H         LINE#         381
  -------         ENDPROC       _DISPLAY
  -------         PROC          CHECKKEY
  -------         DO            
  X:001AH         SYMBOL        Key1
  X:001BH         SYMBOL        Key2
  X:001CH         SYMBOL        Key3
  X:001DH         SYMBOL        Key4
  X:001EH         SYMBOL        Key5
  D:0007H         SYMBOL        KeyVal
  -------         ENDDO         
  C:168EH         LINE#         382
  C:168EH         LINE#         383
  C:168EH         LINE#         385
  C:168EH         LINE#         386
  C:1693H         LINE#         387
  C:169BH         LINE#         388
  C:16A3H         LINE#         389
  C:16ABH         LINE#         390
  C:16B3H         LINE#         391
  C:16BBH         LINE#         392
  C:16BDH         LINE#         393
  C:16C9H         LINE#         394
  C:16C9H         LINE#         395
  C:16CAH         LINE#         396
  C:16CCH         LINE#         397
  C:16D4H         LINE#         398
  C:16D4H         LINE#         399
  C:16D6H         LINE#         400
  C:16D8H         LINE#         401
  C:16E4H         LINE#         402
  C:16E4H         LINE#         403
  C:16E6H         LINE#         404
  C:16E8H         LINE#         405
  C:16F0H         LINE#         406
  C:16F0H         LINE#         407
  C:16F2H         LINE#         408
  C:16F4H         LINE#         409
  C:1700H         LINE#         410
  C:1700H         LINE#         411
  C:1702H         LINE#         412
  C:1704H         LINE#         413
  C:170CH         LINE#         414
  C:170CH         LINE#         415
  C:170EH         LINE#         416
  C:170EH         LINE#         417
  C:170EH         LINE#         418
  -------         ENDPROC       CHECKKEY
  C:1A6DH         SYMBOL        L?0505
  -------         PROC          L?0504
  -------         ENDPROC       L?0504
  C:1A6DH         SYMBOL        L?0505
  -------         PROC          _SEND_8BITB
  D:006FH         SYMBOL        dat
  -------         DO            
  D:0001H         SYMBOL        i
BL51 BANKED LINKER/LOCATER V6.22                                                      01/27/2021  14:40:19  PAGE 18


  -------         ENDDO         
  C:1A74H         LINE#         420
  C:1A76H         LINE#         421
  C:1A76H         LINE#         423
  C:1A78H         LINE#         424
  C:1A78H         LINE#         425
  C:1A7DH         LINE#         426
  C:1A81H         LINE#         427
  C:1A83H         LINE#         428
  C:1A85H         LINE#         429
  C:1A8CH         LINE#         430
  C:1A8EH         LINE#         431
  C:1A91H         LINE#         432
  C:1A97H         LINE#         433
  C:1A9BH         LINE#         434
  -------         ENDPROC       _SEND_8BITB
  -------         PROC          READ_8BITB
  -------         DO            
  X:001FH         SYMBOL        reData
  X:0020H         SYMBOL        i
  -------         ENDDO         
  C:19D8H         LINE#         435
  C:19D8H         LINE#         436
  C:19D8H         LINE#         438
  C:19DAH         LINE#         439
  C:19DFH         LINE#         440
  C:19E1H         LINE#         441
  C:19E1H         LINE#         442
  C:19E3H         LINE#         443
  C:19EAH         LINE#         444
  C:19ECH         LINE#         445
  C:19EFH         LINE#         446
  C:19F6H         LINE#         447
  C:19F9H         LINE#         448
  C:19F9H         LINE#         449
  C:19FDH         LINE#         450
  C:19FDH         LINE#         451
  C:1A09H         LINE#         452
  C:1A0EH         LINE#         453
  -------         ENDPROC       READ_8BITB
  -------         PROC          _COMMANDB
  D:0001H         SYMBOL        com
  C:1C02H         LINE#         454
  C:1C04H         LINE#         455
  C:1C04H         LINE#         456
  C:1C06H         LINE#         457
  C:1C0DH         LINE#         458
  C:1C0FH         LINE#         459
  -------         ENDPROC       _COMMANDB
  -------         PROC          L?0507
  -------         ENDPROC       L?0507
  -------         PROC          _DISPLAYB
  D:006BH         SYMBOL        da1
  D:006CH         SYMBOL        da2
  D:006DH         SYMBOL        da3
  D:006EH         SYMBOL        da4
  -------         DO            
BL51 BANKED LINKER/LOCATER V6.22                                                      01/27/2021  14:40:19  PAGE 19


  X:0004H         SYMBOL        sda1
  X:0005H         SYMBOL        sda2
  X:0006H         SYMBOL        sda3
  X:0007H         SYMBOL        sda4
  -------         ENDDO         
  C:154EH         LINE#         462
  C:1554H         LINE#         463
  C:1554H         LINE#         468
  C:156EH         LINE#         470
  C:1573H         LINE#         471
  C:1573H         LINE#         472
  C:1576H         LINE#         473
  C:1579H         LINE#         474
  C:157CH         LINE#         475
  C:1584H         LINE#         477
  C:1584H         LINE#         478
  C:1589H         LINE#         479
  C:158EH         LINE#         480
  C:1593H         LINE#         481
  C:1598H         LINE#         482
  C:15A4H         LINE#         483
  C:15A9H         LINE#         484
  C:15B5H         LINE#         485
  C:15BAH         LINE#         486
  C:15C6H         LINE#         487
  C:15CBH         LINE#         488
  C:15D0H         LINE#         489
  C:15D5H         LINE#         490
  C:15DAH         LINE#         491
  C:15DFH         LINE#         492
  C:15E1H         LINE#         493
  C:15E7H         LINE#         494
  C:15EBH         LINE#         495
  C:15EFH         LINE#         496
  C:15F3H         LINE#         497
  -------         ENDPROC       _DISPLAYB
  -------         PROC          CHECKKEYB
  -------         DO            
  X:001AH         SYMBOL        Key1
  X:001BH         SYMBOL        Key2
  X:001CH         SYMBOL        Key3
  X:001DH         SYMBOL        Key4
  X:001EH         SYMBOL        Key5
  D:0007H         SYMBOL        KeyVal
  -------         ENDDO         
  C:170FH         LINE#         499
  C:170FH         LINE#         500
  C:170FH         LINE#         502
  C:170FH         LINE#         503
  C:1714H         LINE#         504
  C:171CH         LINE#         505
  C:1724H         LINE#         506
  C:172CH         LINE#         507
  C:1734H         LINE#         508
  C:173CH         LINE#         509
  C:173EH         LINE#         510
  C:174AH         LINE#         511
BL51 BANKED LINKER/LOCATER V6.22                                                      01/27/2021  14:40:19  PAGE 20


  C:174AH         LINE#         512
  C:174BH         LINE#         513
  C:174DH         LINE#         514
  C:1755H         LINE#         515
  C:1755H         LINE#         516
  C:1757H         LINE#         517
  C:1759H         LINE#         518
  C:1765H         LINE#         519
  C:1765H         LINE#         520
  C:1767H         LINE#         521
  C:1769H         LINE#         522
  C:1771H         LINE#         523
  C:1771H         LINE#         524
  C:1773H         LINE#         525
  C:1775H         LINE#         526
  C:1781H         LINE#         527
  C:1781H         LINE#         528
  C:1783H         LINE#         529
  C:1785H         LINE#         530
  C:178DH         LINE#         531
  C:178DH         LINE#         532
  C:178FH         LINE#         533
  C:178FH         LINE#         534
  C:178FH         LINE#         535
  -------         ENDPROC       CHECKKEYB
  -------         PROC          WRITETMP1EEPROM
  C:1C9CH         LINE#         537
  C:1C9CH         LINE#         538
  C:1C9CH         LINE#         539
  -------         ENDPROC       WRITETMP1EEPROM
  -------         PROC          READTMP1EEPROM
  C:1B89H         LINE#         541
  C:1B89H         LINE#         542
  C:1B89H         LINE#         543
  C:1B90H         LINE#         544
  C:1B97H         LINE#         545
  C:1B97H         LINE#         546
  C:1B9AH         LINE#         547
  C:1B9DH         LINE#         548
  C:1B9DH         LINE#         549
  -------         ENDPROC       READTMP1EEPROM
  -------         PROC          WRITETMP2EEPROM
  C:1CA3H         LINE#         550
  C:1CA3H         LINE#         551
  C:1CA3H         LINE#         552
  -------         ENDPROC       WRITETMP2EEPROM
  -------         PROC          READTMP2EEPROM
  C:1B9EH         LINE#         554
  C:1B9EH         LINE#         555
  C:1B9EH         LINE#         556
  C:1BA5H         LINE#         557
  C:1BACH         LINE#         558
  C:1BACH         LINE#         559
  C:1BAFH         LINE#         560
  C:1BB2H         LINE#         561
  C:1BB2H         LINE#         562
  -------         ENDPROC       READTMP2EEPROM
BL51 BANKED LINKER/LOCATER V6.22                                                      01/27/2021  14:40:19  PAGE 21


  -------         PROC          WRITETMP1BEEPROM
  C:1CAAH         LINE#         564
  C:1CAAH         LINE#         565
  C:1CAAH         LINE#         566
  -------         ENDPROC       WRITETMP1BEEPROM
  -------         PROC          READTMP1BEEPROM
  C:1BB3H         LINE#         568
  C:1BB3H         LINE#         569
  C:1BB3H         LINE#         570
  C:1BBAH         LINE#         571
  C:1BC1H         LINE#         572
  C:1BC1H         LINE#         573
  C:1BC4H         LINE#         574
  C:1BC7H         LINE#         575
  C:1BC7H         LINE#         576
  -------         ENDPROC       READTMP1BEEPROM
  -------         PROC          WRITETMP2BEEPROM
  C:1CB1H         LINE#         577
  C:1CB1H         LINE#         578
  C:1CB1H         LINE#         579
  -------         ENDPROC       WRITETMP2BEEPROM
  -------         PROC          READTMP2BEEPROM
  C:1BC8H         LINE#         581
  C:1BC8H         LINE#         582
  C:1BC8H         LINE#         583
  C:1BCFH         LINE#         584
  C:1BD6H         LINE#         585
  C:1BD6H         LINE#         586
  C:1BD9H         LINE#         587
  C:1BDCH         LINE#         588
  C:1BDCH         LINE#         589
  -------         ENDPROC       READTMP2BEEPROM
  -------         PROC          TIMCAL
  C:1790H         LINE#         591
  C:1790H         LINE#         592
  C:1790H         LINE#         593
  C:1798H         LINE#         594
  C:17A0H         LINE#         595
  C:17B7H         LINE#         596
  C:17C5H         LINE#         597
  C:17DCH         LINE#         598
  C:17EAH         LINE#         599
  C:17F2H         LINE#         600
  C:17FAH         LINE#         601
  -------         ENDPROC       TIMCAL
  -------         PROC          FLASHTEMPVAL
  -------         DO            
  D:0006H         SYMBOL        t
  D:0021H         SYMBOL        CurSenErr
  D:0005H         SYMBOL        Flag_connect
  -------         ENDDO         
  C:18ACH         LINE#         607
  C:18ACH         LINE#         608
  C:18ACH         LINE#         609
  C:18AFH         LINE#         611
  C:18B0H         LINE#         612
  C:18B4H         LINE#         613
BL51 BANKED LINKER/LOCATER V6.22                                                      01/27/2021  14:40:19  PAGE 22


  C:18B8H         LINE#         614
  C:18BDH         LINE#         615
  C:18BDH         LINE#         616
  C:18BFH         LINE#         617
  C:18C5H         LINE#         618
  C:18C7H         LINE#         620
  C:18C7H         LINE#         621
  C:18CAH         LINE#         622
  C:18D5H         LINE#         623
  C:18E2H         LINE#         624
  C:18E2H         LINE#         625
  C:18E9H         LINE#         626
  C:18E9H         LINE#         627
  C:18EFH         LINE#         628
  C:18EFH         LINE#         629
  C:18F2H         LINE#         630
  C:18FEH         LINE#         631
  C:18FEH         LINE#         633
  C:18FEH         LINE#         634
  -------         ENDPROC       FLASHTEMPVAL
  -------         PROC          FLASHTEMPVALB
  -------         DO            
  D:0006H         SYMBOL        t
  D:0022H         SYMBOL        CurSenErr
  D:0005H         SYMBOL        Flag_connect
  -------         ENDDO         
  C:18FFH         LINE#         636
  C:18FFH         LINE#         637
  C:18FFH         LINE#         638
  C:1901H         LINE#         640
  C:1902H         LINE#         641
  C:1907H         LINE#         642
  C:190BH         LINE#         643
  C:1910H         LINE#         644
  C:1910H         LINE#         645
  C:1912H         LINE#         646
  C:1918H         LINE#         647
  C:191AH         LINE#         649
  C:191AH         LINE#         650
  C:191DH         LINE#         651
  C:1928H         LINE#         652
  C:1935H         LINE#         653
  C:1935H         LINE#         654
  C:193CH         LINE#         655
  C:193CH         LINE#         656
  C:1942H         LINE#         657
  C:1942H         LINE#         658
  C:1945H         LINE#         659
  C:1951H         LINE#         660
  C:1951H         LINE#         662
  C:1951H         LINE#         663
  -------         ENDPROC       FLASHTEMPVALB
  -------         PROC          TEMCONTROLAUTO
  -------         DO            
  D:0067H         SYMBOL        TemVal
  D:0068H         SYMBOL        ShuiResult
  D:0069H         SYMBOL        CalTemm
BL51 BANKED LINKER/LOCATER V6.22                                                      01/27/2021  14:40:19  PAGE 23


  -------         ENDDO         
  C:11EFH         LINE#         681
  C:11EFH         LINE#         682
  C:11EFH         LINE#         683
  C:11F2H         LINE#         684
  C:11F4H         LINE#         685
  C:11F8H         LINE#         687
  C:120FH         LINE#         688
  C:120FH         LINE#         689
  C:1214H         LINE#         690
  C:1217H         LINE#         691
  C:121AH         LINE#         692
  C:121AH         LINE#         693
  C:121DH         LINE#         694
  C:121DH         LINE#         695
  C:121FH         LINE#         696
  C:1222H         LINE#         697
  C:1224H         LINE#         698
  C:1226H         LINE#         700
  C:1226H         LINE#         701
  C:1228H         LINE#         702
  C:122BH         LINE#         703
  C:122BH         LINE#         704
  C:122DH         LINE#         706
  C:122DH         LINE#         707
  C:122FH         LINE#         708
  C:1232H         LINE#         709
  C:1232H         LINE#         710
  C:1237H         LINE#         711
  C:1242H         LINE#         712
  C:1242H         LINE#         713
  C:1242H         LINE#         714
  C:1247H         LINE#         715
  C:1247H         LINE#         716
  C:124EH         LINE#         717
  C:1251H         LINE#         718
  C:1251H         LINE#         719
  C:125AH         LINE#         720
  C:125AH         LINE#         721
  C:1268H         LINE#         722
  C:1277H         LINE#         723
  C:1277H         LINE#         724
  C:127AH         LINE#         725
  C:127DH         LINE#         726
  C:127FH         LINE#         727
  C:127FH         LINE#         728
  C:127FH         LINE#         729
  C:1280H         LINE#         730
  C:1280H         LINE#         731
  C:128BH         LINE#         732
  C:128BH         LINE#         733
  C:128DH         LINE#         734
  C:1294H         LINE#         735
  C:1297H         LINE#         736
  C:129EH         LINE#         737
  C:12A6H         LINE#         738
  C:12A6H         LINE#         739
BL51 BANKED LINKER/LOCATER V6.22                                                      01/27/2021  14:40:19  PAGE 24


  C:12B4H         LINE#         740
  C:12B7H         LINE#         741
  C:12C6H         LINE#         742
  C:12C6H         LINE#         743
  C:12C8H         LINE#         744
  C:12CBH         LINE#         745
  C:12CEH         LINE#         746
  C:12DAH         LINE#         747
  C:12DDH         LINE#         748
  C:12DDH         LINE#         749
  C:12DDH         LINE#         750
  C:12DDH         LINE#         751
  C:12DDH         LINE#         752
  C:12DDH         LINE#         753
  C:12DDH         LINE#         754
  -------         ENDPROC       TEMCONTROLAUTO
  -------         PROC          TEMCONTROLAUTOB
  -------         DO            
  D:0067H         SYMBOL        TemVal
  D:0068H         SYMBOL        ShuiResult
  D:0069H         SYMBOL        CalTemm
  -------         ENDDO         
  C:10FDH         LINE#         756
  C:10FDH         LINE#         757
  C:10FDH         LINE#         758
  C:1100H         LINE#         759
  C:1102H         LINE#         760
  C:1106H         LINE#         762
  C:111DH         LINE#         763
  C:111DH         LINE#         764
  C:1122H         LINE#         765
  C:1125H         LINE#         766
  C:1128H         LINE#         767
  C:1128H         LINE#         768
  C:112BH         LINE#         769
  C:112BH         LINE#         770
  C:112DH         LINE#         771
  C:1130H         LINE#         772
  C:1132H         LINE#         773
  C:1134H         LINE#         775
  C:1134H         LINE#         776
  C:1136H         LINE#         777
  C:1139H         LINE#         778
  C:1139H         LINE#         779
  C:113BH         LINE#         781
  C:113BH         LINE#         782
  C:113DH         LINE#         783
  C:1140H         LINE#         784
  C:1140H         LINE#         785
  C:1145H         LINE#         786
  C:1150H         LINE#         787
  C:1150H         LINE#         788
  C:1150H         LINE#         789
  C:1155H         LINE#         790
  C:1155H         LINE#         791
  C:115CH         LINE#         792
  C:115FH         LINE#         793
BL51 BANKED LINKER/LOCATER V6.22                                                      01/27/2021  14:40:19  PAGE 25


  C:115FH         LINE#         794
  C:1168H         LINE#         795
  C:1168H         LINE#         796
  C:1176H         LINE#         797
  C:1185H         LINE#         798
  C:1185H         LINE#         799
  C:1188H         LINE#         800
  C:118BH         LINE#         801
  C:118DH         LINE#         802
  C:118DH         LINE#         803
  C:118DH         LINE#         804
  C:118EH         LINE#         805
  C:118EH         LINE#         806
  C:1199H         LINE#         807
  C:1199H         LINE#         808
  C:119BH         LINE#         809
  C:11A2H         LINE#         810
  C:11A5H         LINE#         811
  C:11ACH         LINE#         812
  C:11B4H         LINE#         813
  C:11B4H         LINE#         814
  C:11C2H         LINE#         815
  C:11C5H         LINE#         816
  C:11D4H         LINE#         817
  C:11D4H         LINE#         818
  C:11D6H         LINE#         819
  C:11D9H         LINE#         820
  C:11DFH         LINE#         821
  C:11EBH         LINE#         822
  C:11EEH         LINE#         823
  C:11EEH         LINE#         824
  C:11EEH         LINE#         825
  C:11EEH         LINE#         826
  C:11EEH         LINE#         827
  C:11EEH         LINE#         828
  C:11EEH         LINE#         829
  -------         ENDPROC       TEMCONTROLAUTOB
  -------         PROC          EXIDWORKJOB
  C:1CBEH         LINE#         831
  C:1CBEH         LINE#         832
  C:1CBEH         LINE#         834
  -------         ENDPROC       EXIDWORKJOB
  -------         PROC          CAFEWORKDOJOB
  C:1CBFH         LINE#         835
  C:1CBFH         LINE#         836
  C:1CBFH         LINE#         838
  -------         ENDPROC       CAFEWORKDOJOB
  C:13C3H         SYMBOL        L?0509
  -------         PROC          L?0508
  -------         ENDPROC       L?0508
  C:13C3H         SYMBOL        L?0509
  -------         PROC          _CLEARWORKDOJOB
  D:0068H         SYMBOL        LED
  -------         DO            
  D:0069H         SYMBOL        Lmp
  -------         ENDDO         
  C:13C8H         LINE#         839
BL51 BANKED LINKER/LOCATER V6.22                                                      01/27/2021  14:40:19  PAGE 26


  C:13CAH         LINE#         840
  C:13CAH         LINE#         841
  C:13CDH         LINE#         842
  C:13D0H         LINE#         843
  C:13D0H         LINE#         844
  C:13D5H         LINE#         845
  C:13D5H         LINE#         846
  C:13D8H         LINE#         847
  C:13DAH         LINE#         849
  C:13DAH         LINE#         850
  C:13DDH         LINE#         851
  C:13DDH         LINE#         852
  C:13E6H         LINE#         853
  C:13E6H         LINE#         854
  C:13E6H         LINE#         855
  C:13E8H         LINE#         857
  C:13E8H         LINE#         858
  C:13F2H         LINE#         859
  C:13F2H         LINE#         860
  C:13F2H         LINE#         861
  C:13F4H         LINE#         869
  C:13F4H         LINE#         870
  C:13F9H         LINE#         871
  C:13F9H         LINE#         872
  C:13FCH         LINE#         873
  C:13FEH         LINE#         875
  C:13FEH         LINE#         876
  C:1401H         LINE#         877
  C:1401H         LINE#         878
  C:140AH         LINE#         879
  C:140AH         LINE#         880
  C:1411H         LINE#         881
  C:1413H         LINE#         883
  C:1413H         LINE#         884
  C:141DH         LINE#         885
  C:141DH         LINE#         886
  C:1442H         LINE#         887
  C:1444H         LINE#         889
  C:1444H         LINE#         890
  C:147FH         LINE#         891
  C:147FH         LINE#         892
  C:147FH         LINE#         893
  C:147FH         LINE#         894
  -------         ENDPROC       _CLEARWORKDOJOB
  -------         PROC          PROWORKSTATE
  -------         DO            
  D:0067H         SYMBOL        RButKey
  -------         ENDDO         
  C:081DH         LINE#         896
  C:081DH         LINE#         897
  C:081DH         LINE#         898
  C:0820H         LINE#         900
  C:084FH         LINE#         901
  C:084FH         LINE#         902
  C:084FH         LINE#         903
  C:0856H         LINE#         904
  C:0856H         LINE#         905
BL51 BANKED LINKER/LOCATER V6.22                                                      01/27/2021  14:40:19  PAGE 27


  C:0864H         LINE#         906
  C:0864H         LINE#         907
  C:0869H         LINE#         908
  C:0871H         LINE#         909
  C:0871H         LINE#         910
  C:0878H         LINE#         911
  C:087AH         LINE#         913
  C:087AH         LINE#         914
  C:0891H         LINE#         915
  C:0891H         LINE#         916
  C:0894H         LINE#         917
  C:0894H         LINE#         918
  C:0894H         LINE#         919
  C:0895H         LINE#         920
  C:0895H         LINE#         921
  C:089EH         LINE#         922
  C:089EH         LINE#         923
  C:08A0H         LINE#         924
  C:08A4H         LINE#         925
  C:08A6H         LINE#         926
  C:08AFH         LINE#         927
  C:08AFH         LINE#         928
  C:08B6H         LINE#         929
  C:08B8H         LINE#         931
  C:08B8H         LINE#         932
  C:08CFH         LINE#         933
  C:08CFH         LINE#         934
  C:08CFH         LINE#         935
  C:08CFH         LINE#         936
  C:08D2H         LINE#         937
  C:08D2H         LINE#         938
  C:08D9H         LINE#         939
  C:08D9H         LINE#         940
  C:08DEH         LINE#         941
  C:08E4H         LINE#         942
  C:08E4H         LINE#         943
  C:08E7H         LINE#         944
  C:08EDH         LINE#         945
  C:08F0H         LINE#         946
  C:08F3H         LINE#         947
  C:08F3H         LINE#         948
  C:08F6H         LINE#         949
  C:08F6H         LINE#         950
  C:08F6H         LINE#         951
  C:08F6H         LINE#         952
  C:08F6H         LINE#         953
  C:08F6H         LINE#         954
  C:08F8H         LINE#         956
  C:08F8H         LINE#         957
  C:08FBH         LINE#         958
  C:0900H         LINE#         959
  C:0906H         LINE#         960
  C:090AH         LINE#         961
  C:090CH         LINE#         962
  C:090CH         LINE#         963
  C:090CH         LINE#         964
  C:090FH         LINE#         965
BL51 BANKED LINKER/LOCATER V6.22                                                      01/27/2021  14:40:19  PAGE 28


  C:0918H         LINE#         966
  C:0918H         LINE#         968
  C:091AH         LINE#         969
  C:0920H         LINE#         970
  C:0923H         LINE#         971
  C:0928H         LINE#         972
  C:092CH         LINE#         973
  C:0931H         LINE#         974
  C:0934H         LINE#         976
  C:0935H         LINE#         977
  C:093BH         LINE#         978
  C:093BH         LINE#         980
  C:093EH         LINE#         981
  C:093EH         LINE#         982
  C:0940H         LINE#         983
  C:0940H         LINE#         984
  C:0957H         LINE#         985
  C:095CH         LINE#         986
  C:0964H         LINE#         987
  C:0970H         LINE#         988
  C:0970H         LINE#         989
  C:0973H         LINE#         990
  C:0978H         LINE#         991
  C:097CH         LINE#         992
  C:098EH         LINE#         993
  C:098EH         LINE#         994
  C:0991H         LINE#         995
  C:0997H         LINE#         996
  C:0997H         LINE#         997
  C:099AH         LINE#         998
  C:099AH         LINE#         999
  C:099CH         LINE#         1000
  C:099CH         LINE#         1001
  C:09B3H         LINE#         1002
  C:09BBH         LINE#         1003
  C:09C0H         LINE#         1004
  C:09CEH         LINE#         1005
  C:09CEH         LINE#         1006
  C:09D1H         LINE#         1007
  C:09D6H         LINE#         1008
  C:09E8H         LINE#         1009
  C:09E8H         LINE#         1010
  C:09EBH         LINE#         1011
  C:0A02H         LINE#         1012
  C:0A02H         LINE#         1013
  C:0A07H         LINE#         1014
  C:0A09H         LINE#         1015
  C:0A0DH         LINE#         1016
  C:0A10H         LINE#         1017
  C:0A10H         LINE#         1018
  C:0A22H         LINE#         1019
  C:0A22H         LINE#         1020
  C:0A25H         LINE#         1021
  C:0A27H         LINE#         1023
  C:0A27H         LINE#         1024
  C:0A2AH         LINE#         1025
  C:0A2AH         LINE#         1026
BL51 BANKED LINKER/LOCATER V6.22                                                      01/27/2021  14:40:19  PAGE 29


  C:0A33H         LINE#         1027
  C:0A33H         LINE#         1028
  C:0A3AH         LINE#         1029
  C:0A3DH         LINE#         1030
  C:0A4AH         LINE#         1031
  C:0A4AH         LINE#         1032
  C:0A4FH         LINE#         1033
  C:0A4FH         LINE#         1034
  C:0A72H         LINE#         1035
  C:0A75H         LINE#         1037
  C:0A75H         LINE#         1038
  C:0A75H         LINE#         1039
  C:0A75H         LINE#         1040
  C:0A75H         LINE#         1041
  C:0A77H         LINE#         1043
  C:0A77H         LINE#         1044
  C:0A8AH         LINE#         1045
  C:0A8AH         LINE#         1046
  C:0A8DH         LINE#         1047
  C:0A8FH         LINE#         1049
  C:0A8FH         LINE#         1050
  C:0A92H         LINE#         1051
  C:0A92H         LINE#         1052
  C:0A9BH         LINE#         1053
  C:0A9BH         LINE#         1054
  C:0AA2H         LINE#         1055
  C:0AA5H         LINE#         1056
  C:0AB2H         LINE#         1057
  C:0AB2H         LINE#         1058
  C:0AB7H         LINE#         1059
  C:0AB7H         LINE#         1060
  C:0ADAH         LINE#         1061
  C:0ADDH         LINE#         1063
  C:0ADDH         LINE#         1064
  C:0B15H         LINE#         1065
  C:0B15H         LINE#         1066
  C:0B15H         LINE#         1067
  C:0B15H         LINE#         1068
  C:0B15H         LINE#         1069
  C:0B15H         LINE#         1070
  C:0B18H         LINE#         1071
  C:0B18H         LINE#         1072
  C:0B30H         LINE#         1073
  C:0B30H         LINE#         1074
  C:0B35H         LINE#         1075
  C:0B3DH         LINE#         1076
  C:0B46H         LINE#         1077
  C:0B46H         LINE#         1078
  C:0B4DH         LINE#         1079
  C:0B4FH         LINE#         1081
  C:0B4FH         LINE#         1082
  C:0B59H         LINE#         1083
  C:0B59H         LINE#         1084
  C:0B7EH         LINE#         1085
  C:0B80H         LINE#         1087
  C:0B80H         LINE#         1088
  C:0BBBH         LINE#         1089
BL51 BANKED LINKER/LOCATER V6.22                                                      01/27/2021  14:40:19  PAGE 30


  C:0BBBH         LINE#         1090
  C:0BBBH         LINE#         1091
  C:0BBBH         LINE#         1092
  C:0BC1H         LINE#         1093
  C:0BC6H         LINE#         1094
  C:0BC6H         LINE#         1095
  C:0BCEH         LINE#         1096
  C:0BE6H         LINE#         1097
  C:0BE6H         LINE#         1098
  C:0BE6H         LINE#         1099
  C:0BE6H         LINE#         1100
  C:0BE6H         LINE#         1101
  C:0BE6H         LINE#         1102
  C:0BE6H         LINE#         1103
  C:0BE8H         LINE#         1105
  C:0BE8H         LINE#         1106
  C:0BEDH         LINE#         1107
  C:0BF8H         LINE#         1108
  C:0BF8H         LINE#         1109
  C:0BF8H         LINE#         1110
  C:0BFBH         LINE#         1111
  C:0C00H         LINE#         1112
  C:0C03H         LINE#         1113
  C:0C03H         LINE#         1114
  C:0C03H         LINE#         1115
  C:0C08H         LINE#         1116
  C:0C11H         LINE#         1117
  C:0C11H         LINE#         1118
  C:0C11H         LINE#         1119
  C:0C14H         LINE#         1120
  C:0C1DH         LINE#         1121
  C:0C1DH         LINE#         1122
  C:0C1FH         LINE#         1123
  C:0C25H         LINE#         1124
  C:0C2AH         LINE#         1125
  C:0C2AH         LINE#         1126
  C:0C2DH         LINE#         1127
  C:0C34H         LINE#         1128
  C:0C34H         LINE#         1129
  C:0C36H         LINE#         1130
  C:0C36H         LINE#         1131
  C:0C37H         LINE#         1132
  C:0C37H         LINE#         1133
  C:0C4FH         LINE#         1134
  C:0C4FH         LINE#         1135
  C:0C54H         LINE#         1136
  C:0C5CH         LINE#         1137
  C:0C65H         LINE#         1138
  C:0C65H         LINE#         1139
  C:0C6CH         LINE#         1140
  C:0C6EH         LINE#         1142
  C:0C6EH         LINE#         1143
  C:0C78H         LINE#         1144
  C:0C78H         LINE#         1145
  C:0C9DH         LINE#         1146
  C:0C9FH         LINE#         1148
  C:0C9FH         LINE#         1149
BL51 BANKED LINKER/LOCATER V6.22                                                      01/27/2021  14:40:19  PAGE 31


  C:0CDAH         LINE#         1150
  C:0CDAH         LINE#         1151
  C:0CDAH         LINE#         1152
  C:0CDAH         LINE#         1153
  C:0CE0H         LINE#         1154
  C:0CE5H         LINE#         1155
  C:0CE5H         LINE#         1156
  C:0CEDH         LINE#         1157
  C:0D05H         LINE#         1158
  C:0D05H         LINE#         1159
  C:0D05H         LINE#         1160
  C:0D08H         LINE#         1161
  C:0D08H         LINE#         1162
  C:0D08H         LINE#         1163
  C:0D0AH         LINE#         1165
  C:0D0AH         LINE#         1166
  C:0D0FH         LINE#         1167
  C:0D1AH         LINE#         1168
  C:0D1AH         LINE#         1169
  C:0D1AH         LINE#         1170
  C:0D1DH         LINE#         1171
  C:0D22H         LINE#         1172
  C:0D25H         LINE#         1173
  C:0D25H         LINE#         1174
  C:0D25H         LINE#         1175
  C:0D2AH         LINE#         1176
  C:0D33H         LINE#         1177
  C:0D33H         LINE#         1178
  C:0D33H         LINE#         1179
  C:0D36H         LINE#         1180
  C:0D3FH         LINE#         1181
  C:0D3FH         LINE#         1182
  C:0D41H         LINE#         1183
  C:0D47H         LINE#         1184
  C:0D4CH         LINE#         1185
  C:0D4FH         LINE#         1186
  C:0D50H         LINE#         1187
  C:0D57H         LINE#         1188
  C:0D57H         LINE#         1189
  C:0D59H         LINE#         1190
  C:0D59H         LINE#         1191
  C:0D5AH         LINE#         1192
  C:0D5AH         LINE#         1193
  C:0D5FH         LINE#         1194
  C:0D65H         LINE#         1195
  C:0D65H         LINE#         1196
  C:0D6DH         LINE#         1197
  C:0D76H         LINE#         1198
  C:0D76H         LINE#         1199
  C:0D7BH         LINE#         1200
  C:0D7EH         LINE#         1201
  C:0D80H         LINE#         1202
  C:0D86H         LINE#         1203
  C:0D88H         LINE#         1204
  C:0D8BH         LINE#         1205
  C:0D8EH         LINE#         1206
  C:0D8EH         LINE#         1207
BL51 BANKED LINKER/LOCATER V6.22                                                      01/27/2021  14:40:19  PAGE 32


  C:0D91H         LINE#         1208
  C:0D93H         LINE#         1210
  C:0D93H         LINE#         1211
  C:0D9FH         LINE#         1212
  C:0D9FH         LINE#         1213
  C:0D9FH         LINE#         1214
  C:0DA1H         LINE#         1216
  C:0DA1H         LINE#         1217
  C:0DACH         LINE#         1218
  C:0DACH         LINE#         1219
  C:0DACH         LINE#         1220
  C:0DAFH         LINE#         1221
  C:0DAFH         LINE#         1222
  C:0DB2H         LINE#         1223
  C:0DB2H         LINE#         1224
  C:0DB2H         LINE#         1225
  C:0DC1H         LINE#         1226
  C:0DC1H         LINE#         1227
  C:0DC4H         LINE#         1228
  C:0DC5H         LINE#         1229
  C:0DCEH         LINE#         1230
  C:0DCEH         LINE#         1231
  C:0DCEH         LINE#         1232
  C:0DD1H         LINE#         1233
  C:0DD3H         LINE#         1234
  C:0DD7H         LINE#         1235
  C:0DDAH         LINE#         1236
  C:0DE1H         LINE#         1237
  C:0DE1H         LINE#         1238
  C:0DE3H         LINE#         1239
  C:0DE3H         LINE#         1240
  C:0DE4H         LINE#         1241
  C:0DE4H         LINE#         1243
  C:0DFBH         LINE#         1244
  C:0DFBH         LINE#         1245
  C:0DFBH         LINE#         1246
  C:0DFEH         LINE#         1247
  C:0E00H         LINE#         1248
  C:0E02H         LINE#         1249
  C:0E05H         LINE#         1250
  C:0E07H         LINE#         1251
  C:0E0AH         LINE#         1252
  C:0E0CH         LINE#         1253
  C:0E12H         LINE#         1254
  C:0E12H         LINE#         1255
  C:0E14H         LINE#         1256
  C:0E18H         LINE#         1257
  C:0E18H         LINE#         1258
  C:0E2AH         LINE#         1259
  C:0E2AH         LINE#         1260
  C:0E2CH         LINE#         1261
  C:0E30H         LINE#         1262
  C:0E30H         LINE#         1263
  C:0E31H         LINE#         1264
  C:0E31H         LINE#         1265
  C:0E39H         LINE#         1266
  C:0E39H         LINE#         1267
BL51 BANKED LINKER/LOCATER V6.22                                                      01/27/2021  14:40:19  PAGE 33


  C:0E40H         LINE#         1268
  C:0E42H         LINE#         1269
  C:0E42H         LINE#         1270
  C:0E42H         LINE#         1271
  C:0E42H         LINE#         1272
  C:0E44H         LINE#         1273
  C:0E4CH         LINE#         1274
  C:0E4CH         LINE#         1275
  C:0E53H         LINE#         1276
  C:0E55H         LINE#         1277
  C:0E6CH         LINE#         1278
  C:0E6FH         LINE#         1279
  C:0E74H         LINE#         1280
  C:0E75H         LINE#         1281
  C:0E7DH         LINE#         1282
  C:0E7DH         LINE#         1283
  C:0E85H         LINE#         1284
  C:0E91H         LINE#         1285
  C:0E91H         LINE#         1287
  C:0E94H         LINE#         1288
  C:0E97H         LINE#         1289
  C:0E99H         LINE#         1290
  C:0E9EH         LINE#         1291
  C:0EB0H         LINE#         1292
  C:0EB0H         LINE#         1293
  C:0EB0H         LINE#         1294
  C:0EB3H         LINE#         1296
  C:0EB3H         LINE#         1297
  C:0ECAH         LINE#         1298
  C:0ECAH         LINE#         1299
  C:0ECFH         LINE#         1300
  C:0ED6H         LINE#         1301
  C:0ED6H         LINE#         1302
  C:0ED9H         LINE#         1303
  C:0EDBH         LINE#         1305
  C:0EDBH         LINE#         1306
  C:0EE1H         LINE#         1307
  C:0EE1H         LINE#         1308
  C:0EF8H         LINE#         1309
  C:0EF8H         LINE#         1311
  C:0EF8H         LINE#         1312
  C:0EFBH         LINE#         1313
  C:0EFBH         LINE#         1314
  C:0F03H         LINE#         1315
  C:0F03H         LINE#         1316
  C:0F0AH         LINE#         1317
  C:0F0CH         LINE#         1318
  C:0F0FH         LINE#         1319
  C:0F14H         LINE#         1320
  C:0F17H         LINE#         1321
  C:0F19H         LINE#         1322
  C:0F21H         LINE#         1323
  C:0F21H         LINE#         1324
  C:0F28H         LINE#         1325
  C:0F2AH         LINE#         1326
  C:0F2DH         LINE#         1327
  C:0F32H         LINE#         1328
BL51 BANKED LINKER/LOCATER V6.22                                                      01/27/2021  14:40:19  PAGE 34


  C:0F38H         LINE#         1329
  C:0F38H         LINE#         1330
  C:0F40H         LINE#         1331
  C:0F40H         LINE#         1332
  C:0F48H         LINE#         1333
  C:0F51H         LINE#         1334
  C:0F51H         LINE#         1336
  C:0F54H         LINE#         1337
  C:0F57H         LINE#         1338
  C:0F59H         LINE#         1339
  C:0F5EH         LINE#         1340
  C:0F75H         LINE#         1341
  C:0F7AH         LINE#         1342
  C:0F7AH         LINE#         1343
  C:0F7BH         LINE#         1345
  C:0F7BH         LINE#         1346
  C:0F8FH         LINE#         1347
  C:0F8FH         LINE#         1348
  C:0F94H         LINE#         1349
  C:0F9BH         LINE#         1350
  C:0F9BH         LINE#         1351
  C:0F9EH         LINE#         1352
  C:0FA0H         LINE#         1354
  C:0FA0H         LINE#         1355
  C:0FA6H         LINE#         1356
  C:0FA6H         LINE#         1357
  C:0FC0H         LINE#         1358
  C:0FC0H         LINE#         1359
  C:0FC0H         LINE#         1360
  C:0FC0H         LINE#         1361
  C:0FC0H         LINE#         1362
  C:0FC2H         LINE#         1363
  C:0FC4H         LINE#         1364
  C:0FC6H         LINE#         1365
  C:0FC8H         LINE#         1366
  C:0FC9H         LINE#         1367
  C:0FC9H         LINE#         1368
  C:0FCCH         LINE#         1369
  C:0FCCH         LINE#         1371
  C:0FCCH         LINE#         1372
  -------         ENDPROC       PROWORKSTATE
  -------         PROC          PROWORKSTATEB
  -------         DO            
  D:0067H         SYMBOL        RButKey
  -------         ENDDO         
  C:0056H         LINE#         1374
  C:0056H         LINE#         1375
  C:0056H         LINE#         1376
  C:0059H         LINE#         1378
  C:0088H         LINE#         1379
  C:0088H         LINE#         1380
  C:0088H         LINE#         1381
  C:008FH         LINE#         1382
  C:008FH         LINE#         1383
  C:009DH         LINE#         1384
  C:009DH         LINE#         1385
  C:00A2H         LINE#         1386
BL51 BANKED LINKER/LOCATER V6.22                                                      01/27/2021  14:40:19  PAGE 35


  C:00AAH         LINE#         1387
  C:00AAH         LINE#         1388
  C:00B1H         LINE#         1389
  C:00B3H         LINE#         1391
  C:00B3H         LINE#         1392
  C:00CAH         LINE#         1393
  C:00CAH         LINE#         1394
  C:00CDH         LINE#         1395
  C:00CDH         LINE#         1396
  C:00CDH         LINE#         1397
  C:00CEH         LINE#         1398
  C:00CEH         LINE#         1399
  C:00D7H         LINE#         1400
  C:00D7H         LINE#         1401
  C:00D9H         LINE#         1402
  C:00DDH         LINE#         1403
  C:00DFH         LINE#         1404
  C:00E8H         LINE#         1405
  C:00E8H         LINE#         1406
[...]
  C:0207H         LINE#         1484
  C:020AH         LINE#         1485
  C:020FH         LINE#         1486
  C:0221H         LINE#         1487
  C:0221H         LINE#         1488
  C:0224H         LINE#         1489
  C:023BH         LINE#         1490
  C:023BH         LINE#         1491
  C:0240H         LINE#         1492
  C:0242H         LINE#         1493
  C:0246H         LINE#         1494
  C:0249H         LINE#         1495
  C:0249H         LINE#         1496
  C:025BH         LINE#         1497
  C:025BH         LINE#         1498
  C:025EH         LINE#         1499
  C:0260H         LINE#         1501
  C:0260H         LINE#         1502
  C:0263H         LINE#         1503
  C:0263H         LINE#         1504
  C:026CH         LINE#         1505
  C:026CH         LINE#         1506
  C:0273H         LINE#         1507
BL51 BANKED LINKER/LOCATER V6.22                                                      01/27/2021  14:40:19  PAGE 37


  C:0276H         LINE#         1508
  C:0283H         LINE#         1509
  C:0283H         LINE#         1510
  C:0288H         LINE#         1511
  C:0288H         LINE#         1512
  C:02ABH         LINE#         1513
  C:02AEH         LINE#         1515
  C:02AEH         LINE#         1516
  C:02AEH         LINE#         1517
  C:02AEH         LINE#         1518
  C:02AEH         LINE#         1519
  C:02B0H         LINE#         1521
  C:02B0H         LINE#         1522
  C:02C3H         LINE#         1523
  C:02C3H         LINE#         1524
  C:02C6H         LINE#         1525
  C:02C8H         LINE#         1527
  C:02C8H         LINE#         1528
  C:02CBH         LINE#         1529
  C:02CBH         LINE#         1530
  C:02D4H         LINE#         1531
  C:02D4H         LINE#         1532
  C:02DBH         LINE#         1533
  C:02DEH         LINE#         1534
  C:02EBH         LINE#         1535
  C:02EBH         LINE#         1536
  C:02F0H         LINE#         1537
  C:02F0H         LINE#         1538
  C:0313H         LINE#         1539
  C:0316H         LINE#         1541
  C:0316H         LINE#         1542
  C:034EH         LINE#         1543
  C:034EH         LINE#         1544
  C:034EH         LINE#         1545
  C:034EH         LINE#         1546
  C:034EH         LINE#         1547
  C:034EH         LINE#         1548
  C:0351H         LINE#         1549
  C:0351H         LINE#         1550
  C:0369H         LINE#         1551
  C:0369H         LINE#         1552
  C:036EH         LINE#         1553
  C:0376H         LINE#         1554
  C:037FH         LINE#         1555
  C:037FH         LINE#         1556
  C:0386H         LINE#         1557
  C:0388H         LINE#         1559
  C:0388H         LINE#         1560
  C:0392H         LINE#         1561
  C:0392H         LINE#         1562
  C:03B7H         LINE#         1563
  C:03B9H         LINE#         1565
  C:03B9H         LINE#         1566
  C:03F4H         LINE#         1567
  C:03F4H         LINE#         1568
  C:03F4H         LINE#         1569
  C:03F4H         LINE#         1570
BL51 BANKED LINKER/LOCATER V6.22                                                      01/27/2021  14:40:19  PAGE 38


  C:03FAH         LINE#         1571
  C:03FFH         LINE#         1572
  C:03FFH         LINE#         1573
  C:0407H         LINE#         1574
  C:041FH         LINE#         1575
  C:041FH         LINE#         1576
  C:041FH         LINE#         1577
  C:041FH         LINE#         1578
  C:041FH         LINE#         1579
  C:041FH         LINE#         1580
  C:041FH         LINE#         1581
  C:0421H         LINE#         1583
  C:0421H         LINE#         1584
  C:0426H         LINE#         1585
  C:0431H         LINE#         1586
  C:0431H         LINE#         1587
  C:0433H         LINE#         1588
  C:0436H         LINE#         1589
  C:043BH         LINE#         1590
  C:043EH         LINE#         1591
  C:043EH         LINE#         1592
  C:043EH         LINE#         1593
  C:0443H         LINE#         1594
  C:044CH         LINE#         1595
  C:044CH         LINE#         1596
  C:044CH         LINE#         1597
  C:044FH         LINE#         1598
  C:0458H         LINE#         1599
  C:0458H         LINE#         1600
  C:045AH         LINE#         1601
  C:0460H         LINE#         1602
  C:0465H         LINE#         1603
  C:0465H         LINE#         1604
  C:0468H         LINE#         1605
  C:046FH         LINE#         1606
  C:046FH         LINE#         1607
  C:0471H         LINE#         1608
  C:0471H         LINE#         1609
  C:0472H         LINE#         1610
  C:0472H         LINE#         1611
  C:048AH         LINE#         1612
  C:048AH         LINE#         1613
  C:048FH         LINE#         1614
  C:0497H         LINE#         1615
  C:04A0H         LINE#         1616
  C:04A0H         LINE#         1617
  C:04A7H         LINE#         1618
  C:04A9H         LINE#         1620
  C:04A9H         LINE#         1621
  C:04B3H         LINE#         1622
  C:04B3H         LINE#         1623
  C:04D8H         LINE#         1624
  C:04DAH         LINE#         1626
  C:04DAH         LINE#         1627
  C:0515H         LINE#         1628
  C:0515H         LINE#         1629
  C:0515H         LINE#         1630
BL51 BANKED LINKER/LOCATER V6.22                                                      01/27/2021  14:40:19  PAGE 39


  C:0515H         LINE#         1631
  C:051BH         LINE#         1632
  C:0520H         LINE#         1633
  C:0520H         LINE#         1634
  C:0528H         LINE#         1635
  C:0540H         LINE#         1636
  C:0540H         LINE#         1637
  C:0542H         LINE#         1638
  C:0545H         LINE#         1639
  C:0545H         LINE#         1640
  C:0545H         LINE#         1641
  C:0547H         LINE#         1643
  C:0547H         LINE#         1644
  C:054CH         LINE#         1645
  C:0557H         LINE#         1646
  C:0557H         LINE#         1647
  C:0559H         LINE#         1648
  C:055CH         LINE#         1649
  C:0561H         LINE#         1650
  C:0564H         LINE#         1651
  C:0564H         LINE#         1652
  C:0564H         LINE#         1653
  C:0569H         LINE#         1654
  C:0572H         LINE#         1655
  C:0572H         LINE#         1656
  C:0572H         LINE#         1657
  C:0575H         LINE#         1658
  C:057EH         LINE#         1659
  C:057EH         LINE#         1660
  C:0580H         LINE#         1661
  C:0586H         LINE#         1662
  C:058BH         LINE#         1663
  C:058EH         LINE#         1664
  C:058FH         LINE#         1665
  C:0596H         LINE#         1666
  C:0596H         LINE#         1667
  C:0598H         LINE#         1668
  C:0598H         LINE#         1669
  C:0599H         LINE#         1670
  C:0599H         LINE#         1671
  C:059EH         LINE#         1672
  C:05A4H         LINE#         1673
  C:05A4H         LINE#         1674
  C:05ACH         LINE#         1675
  C:05B5H         LINE#         1676
  C:05B5H         LINE#         1677
  C:05BAH         LINE#         1678
  C:05BDH         LINE#         1679
  C:05BFH         LINE#         1680
  C:05C5H         LINE#         1681
  C:05C7H         LINE#         1682
  C:05CAH         LINE#         1683
  C:05CDH         LINE#         1684
  C:05CDH         LINE#         1685
  C:05D0H         LINE#         1686
  C:05D2H         LINE#         1688
  C:05D2H         LINE#         1689
BL51 BANKED LINKER/LOCATER V6.22                                                      01/27/2021  14:40:19  PAGE 40


  C:05DEH         LINE#         1690
  C:05DEH         LINE#         1691
  C:05DEH         LINE#         1692
  C:05E0H         LINE#         1694
  C:05E0H         LINE#         1695
  C:05EBH         LINE#         1696
  C:05EBH         LINE#         1697
  C:05EEH         LINE#         1698
  C:05F3H         LINE#         1699
  C:05F5H         LINE#         1700
  C:05F8H         LINE#         1701
  C:05F8H         LINE#         1702
  C:05F8H         LINE#         1703
  C:0607H         LINE#         1704
  C:0607H         LINE#         1705
  C:060AH         LINE#         1706
  C:060BH         LINE#         1707
  C:0614H         LINE#         1708
  C:0614H         LINE#         1709
  C:0617H         LINE#         1710
  C:061CH         LINE#         1711
  C:061EH         LINE#         1712
  C:0622H         LINE#         1713
  C:0625H         LINE#         1714
  C:062CH         LINE#         1715
  C:062CH         LINE#         1716
  C:062EH         LINE#         1717
  C:062EH         LINE#         1718
  C:062FH         LINE#         1719
  C:062FH         LINE#         1721
  C:0646H         LINE#         1722
  C:0646H         LINE#         1723
  C:0649H         LINE#         1724
  C:064EH         LINE#         1725
  C:0650H         LINE#         1726
  C:0652H         LINE#         1727
  C:0655H         LINE#         1728
  C:0657H         LINE#         1729
  C:065AH         LINE#         1730
  C:065CH         LINE#         1731
  C:0662H         LINE#         1732
  C:0662H         LINE#         1733
  C:0664H         LINE#         1734
  C:0668H         LINE#         1735
  C:0668H         LINE#         1736
  C:067AH         LINE#         1737
  C:067AH         LINE#         1738
  C:067CH         LINE#         1739
  C:0680H         LINE#         1740
  C:0680H         LINE#         1741
  C:0681H         LINE#         1742
  C:0681H         LINE#         1743
  C:0689H         LINE#         1744
  C:0689H         LINE#         1745
  C:0690H         LINE#         1746
  C:0692H         LINE#         1747
  C:0692H         LINE#         1748
BL51 BANKED LINKER/LOCATER V6.22                                                      01/27/2021  14:40:19  PAGE 41


  C:0692H         LINE#         1749
  C:0692H         LINE#         1750
  C:0694H         LINE#         1751
  C:069CH         LINE#         1752
  C:069CH         LINE#         1753
  C:06A3H         LINE#         1754
  C:06A5H         LINE#         1755
  C:06BCH         LINE#         1756
  C:06BFH         LINE#         1757
  C:06C4H         LINE#         1758
  C:06C5H         LINE#         1759
  C:06CDH         LINE#         1760
  C:06CDH         LINE#         1761
  C:06D5H         LINE#         1762
  C:06E1H         LINE#         1763
  C:06E1H         LINE#         1765
  C:06E4H         LINE#         1766
  C:06E7H         LINE#         1767
  C:06E9H         LINE#         1768
  C:06EEH         LINE#         1769
  C:0700H         LINE#         1770
  C:0700H         LINE#         1771
  C:0700H         LINE#         1772
  C:0703H         LINE#         1774
  C:0703H         LINE#         1775
  C:071AH         LINE#         1776
  C:071AH         LINE#         1777
  C:071FH         LINE#         1778
  C:0726H         LINE#         1779
  C:0726H         LINE#         1780
  C:0729H         LINE#         1781
  C:072BH         LINE#         1783
  C:072BH         LINE#         1784
  C:0731H         LINE#         1785
  C:0731H         LINE#         1786
  C:0748H         LINE#         1787
  C:0748H         LINE#         1789
  C:0748H         LINE#         1790
  C:074BH         LINE#         1791
  C:074BH         LINE#         1792
  C:0753H         LINE#         1793
  C:0753H         LINE#         1794
  C:075AH         LINE#         1795
  C:075CH         LINE#         1796
  C:075FH         LINE#         1797
  C:0764H         LINE#         1798
  C:0767H         LINE#         1799
  C:0769H         LINE#         1800
  C:0771H         LINE#         1801
  C:0771H         LINE#         1802
  C:0778H         LINE#         1803
  C:077AH         LINE#         1804
  C:077DH         LINE#         1805
  C:0782H         LINE#         1806
  C:0788H         LINE#         1807
  C:0788H         LINE#         1808
  C:0790H         LINE#         1809
BL51 BANKED LINKER/LOCATER V6.22                                                      01/27/2021  14:40:19  PAGE 42


  C:0790H         LINE#         1810
  C:0798H         LINE#         1811
  C:07A1H         LINE#         1812
  C:07A1H         LINE#         1814
  C:07A4H         LINE#         1815
  C:07A7H         LINE#         1816
  C:07A9H         LINE#         1817
  C:07AEH         LINE#         1818
  C:07C5H         LINE#         1819
  C:07CAH         LINE#         1820
  C:07CAH         LINE#         1821
  C:07CBH         LINE#         1823
  C:07CBH         LINE#         1824
  C:07DFH         LINE#         1825
  C:07DFH         LINE#         1826
  C:07E4H         LINE#         1827
  C:07EBH         LINE#         1828
  C:07EBH         LINE#         1829
  C:07EEH         LINE#         1830
  C:07F0H         LINE#         1832
  C:07F0H         LINE#         1833
  C:07F6H         LINE#         1834
  C:07F6H         LINE#         1835
  C:0810H         LINE#         1836
  C:0810H         LINE#         1837
  C:0810H         LINE#         1838
  C:0810H         LINE#         1839
  C:0810H         LINE#         1840
  C:0812H         LINE#         1841
  C:0814H         LINE#         1842
  C:0816H         LINE#         1843
  C:0818H         LINE#         1844
  C:0819H         LINE#         1845
  C:0819H         LINE#         1846
  C:081CH         LINE#         1847
  C:081CH         LINE#         1849
  C:081CH         LINE#         1850
  -------         ENDPROC       PROWORKSTATEB
  -------         PROC          MAIN
  C:1952H         LINE#         1857
  C:1952H         LINE#         1858
  C:1952H         LINE#         1859
  C:1955H         LINE#         1860
  C:1958H         LINE#         1861
  C:195BH         LINE#         1862
  C:195EH         LINE#         1863
  C:1961H         LINE#         1864
  C:1963H         LINE#         1865
  C:1965H         LINE#         1866
  C:1968H         LINE#         1867
  C:196BH         LINE#         1868
  C:196EH         LINE#         1869
  C:1971H         LINE#         1870
  C:197DH         LINE#         1871
  C:1989H         LINE#         1872
  C:1989H         LINE#         1873
  C:1989H         LINE#         1874
BL51 BANKED LINKER/LOCATER V6.22                                                      01/27/2021  14:40:19  PAGE 43


  C:198CH         LINE#         1875
  C:198FH         LINE#         1876
  C:1992H         LINE#         1877
  C:1995H         LINE#         1878
  C:1998H         LINE#         1879
  C:199FH         LINE#         1880
  -------         ENDPROC       MAIN
  -------         ENDMOD        MAIN

  -------         MODULE        TIMER
  C:0000H         SYMBOL        _ICE_DUMMY_
  D:0080H         PUBLIC        P0
  D:0090H         PUBLIC        P1
  D:00A0H         PUBLIC        P2
  C:000EH         PUBLIC        TIMER0_ISR
  D:00B0H         PUBLIC        P3
  D:00A8H         PUBLIC        IEN0
  D:00B8H         PUBLIC        IEN1
  D:00F8H         PUBLIC        IICS
  D:0098H         PUBLIC        SCON
  D:0089H         PUBLIC        TMOD
  D:0088H         PUBLIC        TCON
  D:00E0H         PUBLIC        ACC
  D:008CH         PUBLIC        TH0
  C:1C68H         PUBLIC        TIMER0_initialize
  D:008AH         PUBLIC        TL0
  B:0088H.4       PUBLIC        TR0
  D:00D0H         PUBLIC        PSW
  D:00C0H         PUBLIC        IRCON
  -------         PROC          TIMER0_INITIALIZE
  C:1C68H         LINE#         14
  C:1C68H         LINE#         15
  C:1C68H         LINE#         16
  C:1C6BH         LINE#         17
  C:1C6EH         LINE#         18
  C:1C71H         LINE#         19
  C:1C74H         LINE#         20
  C:1C76H         LINE#         21
  -------         ENDPROC       TIMER0_INITIALIZE
  -------         PROC          TIMER0_ISR
  C:000EH         LINE#         23
  C:002BH         LINE#         25
  C:002EH         LINE#         26
  C:0031H         LINE#         29
  C:0034H         LINE#         30
  -------         ENDPROC       TIMER0_ISR
  -------         ENDMOD        TIMER

  -------         MODULE        WDT
  C:0000H         SYMBOL        _ICE_DUMMY_
  D:00F7H         PUBLIC        TAKEY
  D:0080H         PUBLIC        P0
  D:0090H         PUBLIC        P1
  D:00A0H         PUBLIC        P2
  D:00B0H         PUBLIC        P3
  D:00B6H         PUBLIC        WDTRC
  D:00A8H         PUBLIC        IEN0
BL51 BANKED LINKER/LOCATER V6.22                                                      01/27/2021  14:40:19  PAGE 44


  D:00B8H         PUBLIC        IEN1
  C:004FH         PUBLIC        WDTR_CountClear
  D:00F8H         PUBLIC        IICS
  D:0098H         PUBLIC        SCON
  D:0088H         PUBLIC        TCON
  C:1C77H         PUBLIC        WDTR_Init
  D:00B7H         PUBLIC        WDTK
  D:00E0H         PUBLIC        ACC
  C:1C84H         PUBLIC        WDTR_Disable
  D:00D0H         PUBLIC        PSW
  D:00C0H         PUBLIC        IRCON
  -------         PROC          WDTR_INIT
  C:1C77H         LINE#         7
  C:1C77H         LINE#         8
  C:1C77H         LINE#         9
  C:1C7AH         LINE#         10
  C:1C7DH         LINE#         11
  C:1C80H         LINE#         12
  C:1C83H         LINE#         13
  -------         ENDPROC       WDTR_INIT
  -------         PROC          WDTR_COUNTCLEAR
  C:004FH         LINE#         15
  C:004FH         LINE#         16
  C:004FH         LINE#         17
  C:0052H         LINE#         18
  -------         ENDPROC       WDTR_COUNTCLEAR
  -------         PROC          WDTR_DISABLE
  C:1C84H         LINE#         20
  C:1C84H         LINE#         21
  C:1C84H         LINE#         22
  C:1C87H         LINE#         23
  C:1C8AH         LINE#         24
  C:1C8DH         LINE#         25
  C:1C90H         LINE#         26
  -------         ENDPROC       WDTR_DISABLE
  -------         ENDMOD        WDT

  -------         MODULE        ?C?FPCMP
  C:0FCFH         PUBLIC        ?C?FPCMP
  C:0FCDH         PUBLIC        ?C?FPCMP3
  -------         ENDMOD        ?C?FPCMP

  -------         MODULE        ?C?FCAST
  C:1050H         PUBLIC        ?C?FCASTC
  C:104BH         PUBLIC        ?C?FCASTI
  C:1046H         PUBLIC        ?C?FCASTL
  -------         ENDMOD        ?C?FCAST

  -------         MODULE        ?C?UIDIV
  C:1084H         PUBLIC        ?C?UIDIV
  -------         ENDMOD        ?C?UIDIV

  -------         MODULE        ?C?LNEG
  C:10D9H         PUBLIC        ?C?LNEG
  -------         ENDMOD        ?C?LNEG

  -------         MODULE        ?C?SLCMP
BL51 BANKED LINKER/LOCATER V6.22                                                      01/27/2021  14:40:19  PAGE 45


  C:10E7H         PUBLIC        ?C?SLCMP
  -------         ENDMOD        ?C?SLCMP

*** WARNING L16: UNCALLED SEGMENT, IGNORED FOR OVERLAY PROCESS
    SEGMENT: ?PR?_ROM_1BYTEPROGRAM?EEPROM

*** WARNING L16: UNCALLED SEGMENT, IGNORED FOR OVERLAY PROCESS
    SEGMENT: ?PR?_ROM_2BYTEPROGRAM?EEPROM

*** WARNING L16: UNCALLED SEGMENT, IGNORED FOR OVERLAY PROCESS
    SEGMENT: ?PR?_ROM_BYTEREAD?EEPROM

*** WARNING L16: UNCALLED SEGMENT, IGNORED FOR OVERLAY PROCESS
    SEGMENT: ?PR?EXIDWORKJOB?MAIN

*** WARNING L16: UNCALLED SEGMENT, IGNORED FOR OVERLAY PROCESS
    SEGMENT: ?PR?CAFEWORKDOJOB?MAIN

*** WARNING L16: UNCALLED SEGMENT, IGNORED FOR OVERLAY PROCESS
    SEGMENT: ?PR?WDTR_DISABLE?WDT

Program Size: data=110.5 xdata=33 code=7360
LINK/LOCATE RUN COMPLETE.  6 WARNING(S),  0 ERROR(S)
