BL51 BANKED LINKER/LOCATER V6.22                                                        03/19/2021  09:02:32  PAGE 1


BL51 BANKED LINKER/LOCATER V6.22, INVOKED BY:
F:\KEIL\C51\BIN\BL51.EXE .\Objects\STARTUP.obj, .\Objects\Main.obj, .\Objects\InitROM.obj, .\Objects\UART0.obj, .\Object
>> s\ADC.obj, .\Objects\Timer.obj, .\Objects\EEPROM.obj TO .\Objects\touch PRINT (.\Listings\touch.m51) RAMSIZE (256)


MEMORY MODEL: SMALL WITH FLOATING POINT ARITHMETIC


INPUT MODULES INCLUDED:
  .\Objects\STARTUP.obj (?C_STARTUP)
  .\Objects\Main.obj (MAIN)
  .\Objects\InitROM.obj (INITROM)
  .\Objects\UART0.obj (UART0)
  .\Objects\ADC.obj (ADC)
  .\Objects\Timer.obj (TIMER)
  .\Objects\EEPROM.obj (EEPROM)
  F:\KEIL\C51\LIB\C51FPS.LIB (?C?FPCMP)
  F:\KEIL\C51\LIB\C51FPS.LIB (?C?FCAST)
  F:\KEIL\C51\LIB\C51S.LIB (?C_INIT)
  F:\KEIL\C51\LIB\C51S.LIB (?C?UIDIV)
  F:\KEIL\C51\LIB\C51S.LIB (?C?LNEG)
  F:\KEIL\C51\LIB\C51S.LIB (?C?CCASE)


LINK MAP OF MODULE:  .\Objects\touch (?C_STARTUP)


            TYPE    BASE      LENGTH    RELOCATION   SEGMENT NAME
            -----------------------------------------------------

            * * * * * * *   D A T A   M E M O R Y   * * * * * * *
            REG     0000H     0008H     ABSOLUTE     "REG BANK 0"
            DATA    0008H     0007H     UNIT         _DATA_GROUP_
            DATA    000FH     0002H     UNIT         ?DT?ADC
                    0011H     000FH                  *** GAP ***
            BIT     0020H.0   0000H.2   UNIT         ?BI?MAIN
            BIT     0020H.2   0000H.1   UNIT         ?BI?UART0
            BIT     0020H.3   0000H.1   UNIT         ?BI?ADC
                    0020H.4   0000H.4                *** GAP ***
            DATA    0021H     001EH     UNIT         ?DT?MAIN
            IDATA   003FH     0001H     UNIT         ?STACK

            * * * * * * *  X D A T A   M E M O R Y  * * * * * * *
            XDATA   0000H     0045H     UNIT         ?XD?MAIN
            XDATA   0045H     0042H     UNIT         ?XD?UART0
            XDATA   0087H     0007H     UNIT         _XDATA_GROUP_

            * * * * * * *   C O D E   M E M O R Y   * * * * * * *
            CODE    0000H     0003H     ABSOLUTE     
            CODE    0003H     0008H     UNIT         ?PR?_UART0_TX?UART0
            CODE    000BH     0003H     ABSOLUTE     
            CODE    000EH     0015H     UNIT         ?PR?POWERSLEEP1?MAIN
            CODE    0023H     0003H     ABSOLUTE     
            CODE    0026H     002CH     UNIT         ?PR?_SETMODELEDCTR?MAIN
                    0052H     0001H                  *** GAP ***
            CODE    0053H     0003H     ABSOLUTE     
            CODE    0056H     02E9H     UNIT         ?PR?PROWORKSTATE?MAIN
            CODE    033FH     0144H     UNIT         ?PR?STEAMWORK?MAIN
BL51 BANKED LINKER/LOCATER V6.22                                                      03/19/2021  09:02:32  PAGE 2


            CODE    0483H     0140H     UNIT         ?C?LIB_CODE
            CODE    05C3H     013EH     UNIT         ?PR?FLASHLED?MAIN
            CODE    0701H     011AH     UNIT         ?C_INITSEG
            CODE    081BH     0115H     UNIT         ?PR?_UART_RXD_PROCESS?MAIN
            CODE    0930H     0109H     UNIT         ?PR?CHECKSTEAMBUTSET?MAIN
            CODE    0A39H     00E1H     UNIT         ?PR?STEAMCTRAUTO?MAIN
            CODE    0B1AH     00C5H     UNIT         ?PR?_BUTADJPTO?MAIN
            CODE    0BDFH     00B5H     UNIT         ?PR?CHECKCOFEXIT?MAIN
            CODE    0C94H     00B2H     UNIT         ?PR?GETADKEY?ADC
            CODE    0D46H     009AH     UNIT         ?PR?CHECKCOFBUTSET?MAIN
            CODE    0DE0H     0098H     UNIT         ?PR?_DISPLAYC?MAIN
            CODE    0E78H     0090H     UNIT         ?PR?_DISPLAYZ?MAIN
            CODE    0F08H     008CH     UNIT         ?C_C51STARTUP
            CODE    0F94H     007DH     UNIT         ?PR?_UPDATELED?MAIN
            CODE    1011H     007DH     UNIT         ?PR?COFETEMCTRAUTO?MAIN
            CODE    108EH     0074H     UNIT         ?PR?GETADCCALVAL?ADC
            CODE    1102H     0056H     UNIT         ?PR?_UART_TXD_CMD?MAIN
            CODE    1158H     004AH     UNIT         ?PR?CHECKSTEMEXIT?MAIN
            CODE    11A2H     0048H     UNIT         ?PR?_BUTADJPRO?MAIN
            CODE    11EAH     0043H     UNIT         ?PR?GPIO_INIT?MAIN
            CODE    122DH     0041H     UNIT         ?PR?TIMER0_ISR?TIMER
            CODE    126EH     003FH     UNIT         ?PR?MAIN?MAIN
            CODE    12ADH     003CH     UNIT         ?PR?GETSTEAMTMP?MAIN
            CODE    12E9H     003BH     UNIT         ?PR?_SETMODELEDCTR1?MAIN
            CODE    1324H     003AH     UNIT         ?PR?UART0_ISR?UART0
            CODE    135EH     0039H     UNIT         ?PR?_CTRK1?MAIN
            CODE    1397H     0039H     UNIT         ?PR?_CTRK2?MAIN
            CODE    13D0H     0039H     UNIT         ?PR?_CTRCOFFEHEAT?MAIN
            CODE    1409H     0039H     UNIT         ?PR?_CTRZHENQI?MAIN
            CODE    1442H     0039H     UNIT         ?PR?_CTRBENG?MAIN
            CODE    147BH     0039H     UNIT         ?PR?_CTRBUZ?MAIN
            CODE    14B4H     0039H     UNIT         ?PR?_CTRSTEAM?MAIN
            CODE    14EDH     0036H     UNIT         ?PR?CHECKPOWERKEY?MAIN
            CODE    1523H     0035H     UNIT         ?PR?GETPOP?MAIN
            CODE    1558H     0035H     UNIT         ?PR?GETSHUIWEI?MAIN
            CODE    158DH     0035H     UNIT         ?PR?GETPOWER?MAIN
            CODE    15C2H     0030H     UNIT         ?PR?READSETTEMPEEPROM?MAIN
            CODE    15F2H     002FH     UNIT         ?PR?GETCURTMP?MAIN
            CODE    1621H     002CH     UNIT         ?PR?GETBUFDATA?UART0
            CODE    164DH     0028H     UNIT         ?PR?CHECKSTEMTEMP?MAIN
            CODE    1675H     0027H     UNIT         ?PR?BUZCTR?MAIN
            CODE    169CH     0027H     UNIT         ?PR?CHECKCOFFTEMP?MAIN
            CODE    16C3H     0025H     UNIT         ?PR?START?MAIN
            CODE    16E8H     0025H     UNIT         ?PR?ADCINTERRUPT?ADC
            CODE    170DH     0022H     UNIT         ?PR?CHECKTEMP?MAIN
            CODE    172FH     0020H     UNIT         ?PR?_DELAY?MAIN
            CODE    174FH     001FH     UNIT         ?PR?READTMP1BEEPROM?MAIN
            CODE    176EH     001FH     UNIT         ?PR?READTMP2BEEPROM?MAIN
            CODE    178DH     001AH     UNIT         ?PR?GETBUFSIZE?UART0
            CODE    17A7H     0015H     UNIT         ?PR?INIT_UART0?UART0
            CODE    17BCH     0011H     UNIT         ?PR?ADC_READ12?ADC
            CODE    17CDH     0011H     UNIT         ?PR?ISP_ENABLE?EEPROM
            CODE    17DEH     0011H     UNIT         ?PR?ISP_DISABLE?EEPROM
            CODE    17EFH     0011H     UNIT         ?PR?_READ_EEPROM?EEPROM
            CODE    1800H     0010H     UNIT         ?PR?_WRITE_EEPROM?EEPROM
            CODE    1810H     000FH     UNIT         ?PR?POWERSLEEP?MAIN
            CODE    181FH     000FH     UNIT         ?PR?TIMER0_INITIALIZE?TIMER
BL51 BANKED LINKER/LOCATER V6.22                                                      03/19/2021  09:02:32  PAGE 3


            CODE    182EH     000BH     UNIT         ?PR?WRITESETTEMPEEPROM?MAIN
            CODE    1839H     000BH     UNIT         ?PR?BUFSIZECLEAR?UART0
            CODE    1844H     000BH     UNIT         ?PR?ADC_INIT?ADC
            CODE    184FH     000BH     UNIT         ?PR?ADC?ADC
            CODE    185AH     000AH     UNIT         ?PR?WRITETMP1BEEPROM?MAIN
            CODE    1864H     000AH     UNIT         ?PR?WRITETMP2BEEPROM?MAIN
            CODE    186EH     0006H     UNIT         ?PR?_ADC_START?ADC
                    1874H     074CH                  *** GAP ***
            CODE    1FC0H     0001H     ABSOLUTE     
            CODE    1FC1H     0001H     ABSOLUTE     
            CODE    1FC2H     0001H     ABSOLUTE     
                    1FC3H     0001H                  *** GAP ***
            CODE    1FC4H     0001H     ABSOLUTE     
            CODE    1FC5H     0001H     ABSOLUTE     
                    1FC6H     0001H                  *** GAP ***
            CODE    1FC7H     0001H     ABSOLUTE     
            CODE    1FC8H     0001H     ABSOLUTE     
            CODE    1FC9H     0001H     ABSOLUTE     
            CODE    1FCAH     0001H     ABSOLUTE     
            CODE    1FCBH     0001H     ABSOLUTE     
            CODE    1FCCH     0001H     ABSOLUTE     
            CODE    1FCDH     0001H     ABSOLUTE     
                    1FCEH     0001H                  *** GAP ***
            CODE    1FCFH     0001H     ABSOLUTE     
            CODE    1FD0H     0010H     ABSOLUTE     
            CODE    1FE0H     0010H     ABSOLUTE     
            CODE    1FF0H     0010H     ABSOLUTE     



OVERLAY MAP OF MODULE:   .\Objects\touch (?C_STARTUP)


SEGMENT                               DATA_GROUP          XDATA_GROUP
  +--> CALLED SEGMENT               START    LENGTH     START    LENGTH
-----------------------------------------------------------------------
?C_C51STARTUP                       -----    -----      -----    -----
  +--> ?PR?MAIN?MAIN
  +--> ?C_INITSEG

?PR?MAIN?MAIN                       -----    -----      -----    -----
  +--> ?PR?GPIO_INIT?MAIN
  +--> ?PR?INIT_UART0?UART0
  +--> ?PR?ADC_INIT?ADC
  +--> ?PR?TIMER0_INITIALIZE?TIMER
  +--> ?PR?READTMP1BEEPROM?MAIN
  +--> ?PR?READTMP2BEEPROM?MAIN
  +--> ?PR?READSETTEMPEEPROM?MAIN
  +--> ?PR?_DISPLAYC?MAIN
  +--> ?PR?_DISPLAYZ?MAIN
  +--> ?PR?CHECKPOWERKEY?MAIN
  +--> ?PR?PROWORKSTATE?MAIN
  +--> ?PR?STEAMWORK?MAIN
  +--> ?PR?BUZCTR?MAIN
  +--> ?PR?STEAMCTRAUTO?MAIN
  +--> ?PR?COFETEMCTRAUTO?MAIN
  +--> ?PR?CHECKTEMP?MAIN
BL51 BANKED LINKER/LOCATER V6.22                                                      03/19/2021  09:02:32  PAGE 4


  +--> ?PR?_DELAY?MAIN

?PR?READTMP1BEEPROM?MAIN            -----    -----      -----    -----
  +--> ?PR?_READ_EEPROM?EEPROM
  +--> ?PR?WRITETMP1BEEPROM?MAIN

?PR?_READ_EEPROM?EEPROM             -----    -----      -----    -----
  +--> ?PR?ISP_ENABLE?EEPROM
  +--> ?PR?ISP_DISABLE?EEPROM

?PR?WRITETMP1BEEPROM?MAIN           -----    -----      -----    -----
  +--> ?PR?_WRITE_EEPROM?EEPROM

?PR?_WRITE_EEPROM?EEPROM            -----    -----      -----    -----
  +--> ?PR?ISP_ENABLE?EEPROM
  +--> ?PR?ISP_DISABLE?EEPROM

?PR?READTMP2BEEPROM?MAIN            -----    -----      -----    -----
  +--> ?PR?_READ_EEPROM?EEPROM
  +--> ?PR?WRITETMP2BEEPROM?MAIN

?PR?WRITETMP2BEEPROM?MAIN           -----    -----      -----    -----
  +--> ?PR?_WRITE_EEPROM?EEPROM

?PR?READSETTEMPEEPROM?MAIN          -----    -----      -----    -----
  +--> ?PR?_READ_EEPROM?EEPROM
  +--> ?PR?WRITESETTEMPEEPROM?MAIN

?PR?WRITESETTEMPEEPROM?MAIN         -----    -----      -----    -----
  +--> ?PR?_WRITE_EEPROM?EEPROM

?PR?CHECKPOWERKEY?MAIN              -----    -----      -----    -----
  +--> ?PR?GETPOWER?MAIN
  +--> ?PR?START?MAIN
  +--> ?PR?_DELAY?MAIN

?PR?GETPOWER?MAIN                   0008H    0001H      -----    -----
  +--> ?PR?_UART_TXD_CMD?MAIN
  +--> ?PR?_UART_RXD_PROCESS?MAIN

?PR?_UART_TXD_CMD?MAIN              000AH    0005H      -----    -----
  +--> ?PR?BUFSIZECLEAR?UART0
  +--> ?PR?_UART0_TX?UART0

?PR?_UART_RXD_PROCESS?MAIN          000AH    0003H      0087H    0005H
  +--> ?PR?GETBUFSIZE?UART0
  +--> ?PR?_DELAY?MAIN
  +--> ?PR?GETBUFDATA?UART0

?PR?PROWORKSTATE?MAIN               -----    -----      -----    -----
  +--> ?PR?GETCURTMP?MAIN
  +--> ?PR?CHECKCOFFTEMP?MAIN
  +--> ?PR?_DISPLAYC?MAIN
  +--> ?PR?_CTRBENG?MAIN
  +--> ?PR?_CTRCOFFEHEAT?MAIN
  +--> ?PR?CHECKCOFBUTSET?MAIN
  +--> ?PR?_CTRK2?MAIN
BL51 BANKED LINKER/LOCATER V6.22                                                      03/19/2021  09:02:32  PAGE 5


  +--> ?PR?CHECKCOFEXIT?MAIN
  +--> ?PR?_SETMODELEDCTR?MAIN
  +--> ?PR?_BUTADJPRO?MAIN
  +--> ?PR?POWERSLEEP?MAIN

?PR?GETCURTMP?MAIN                  0008H    0001H      -----    -----
  +--> ?PR?_UART_TXD_CMD?MAIN
  +--> ?PR?_UART_RXD_PROCESS?MAIN

?PR?_CTRBENG?MAIN                   0008H    0002H      -----    -----
  +--> ?PR?_UART_TXD_CMD?MAIN
  +--> ?PR?_UART_RXD_PROCESS?MAIN

?PR?_CTRCOFFEHEAT?MAIN              0008H    0002H      -----    -----
  +--> ?PR?_UART_TXD_CMD?MAIN
  +--> ?PR?_UART_RXD_PROCESS?MAIN

?PR?CHECKCOFBUTSET?MAIN             -----    -----      -----    -----
  +--> ?PR?GETADKEY?ADC
  +--> ?PR?_DISPLAYC?MAIN

?PR?GETADKEY?ADC                    -----    -----      0087H    0002H
  +--> ?PR?GETADCCALVAL?ADC

?PR?GETADCCALVAL?ADC                -----    -----      0089H    0005H
  +--> ?PR?ADC?ADC

?PR?ADC?ADC                         -----    -----      -----    -----
  +--> ?PR?_ADC_START?ADC

?PR?_CTRK2?MAIN                     0008H    0002H      -----    -----
  +--> ?PR?_UART_TXD_CMD?MAIN
  +--> ?PR?_UART_RXD_PROCESS?MAIN

?PR?CHECKCOFEXIT?MAIN               -----    -----      -----    -----
  +--> ?PR?GETADKEY?ADC
  +--> ?PR?_DISPLAYC?MAIN
  +--> ?PR?_CTRBENG?MAIN
  +--> ?PR?_CTRK2?MAIN

?PR?_SETMODELEDCTR?MAIN             -----    -----      -----    -----
  +--> ?PR?_DISPLAYC?MAIN

?PR?_BUTADJPRO?MAIN                 0008H    0001H      -----    -----
  +--> ?PR?_BUTADJPTO?MAIN

?PR?_BUTADJPTO?MAIN                 0009H    0001H      -----    -----
  +--> ?PR?WRITETMP1BEEPROM?MAIN
  +--> ?PR?WRITETMP2BEEPROM?MAIN
  +--> ?PR?_DISPLAYZ?MAIN
  +--> ?PR?WRITESETTEMPEEPROM?MAIN
  +--> ?PR?_DISPLAYC?MAIN

?PR?POWERSLEEP?MAIN                 -----    -----      -----    -----
  +--> ?PR?_CTRBENG?MAIN
  +--> ?PR?_CTRK2?MAIN
  +--> ?PR?_CTRCOFFEHEAT?MAIN
BL51 BANKED LINKER/LOCATER V6.22                                                      03/19/2021  09:02:32  PAGE 6



?PR?STEAMWORK?MAIN                  -----    -----      -----    -----
  +--> ?PR?_DISPLAYZ?MAIN
  +--> ?PR?CHECKSTEAMBUTSET?MAIN
  +--> ?PR?GETSTEAMTMP?MAIN
  +--> ?PR?_CTRSTEAM?MAIN
  +--> ?PR?_SETMODELEDCTR1?MAIN
  +--> ?PR?_BUTADJPRO?MAIN
  +--> ?PR?CHECKSTEMEXIT?MAIN
  +--> ?PR?POWERSLEEP1?MAIN
  +--> ?PR?CHECKSTEMTEMP?MAIN

?PR?CHECKSTEAMBUTSET?MAIN           -----    -----      -----    -----
  +--> ?PR?GETADKEY?ADC
  +--> ?PR?_DISPLAYZ?MAIN
  +--> ?PR?_CTRSTEAM?MAIN

?PR?_CTRSTEAM?MAIN                  0008H    0002H      -----    -----
  +--> ?PR?_UART_TXD_CMD?MAIN
  +--> ?PR?_UART_RXD_PROCESS?MAIN

?PR?GETSTEAMTMP?MAIN                0008H    0001H      -----    -----
  +--> ?PR?_UART_TXD_CMD?MAIN
  +--> ?PR?_UART_RXD_PROCESS?MAIN

?PR?_SETMODELEDCTR1?MAIN            -----    -----      -----    -----
  +--> ?PR?_DISPLAYZ?MAIN

?PR?CHECKSTEMEXIT?MAIN              -----    -----      -----    -----
  +--> ?PR?GETADKEY?ADC
  +--> ?PR?_CTRSTEAM?MAIN

?PR?POWERSLEEP1?MAIN                -----    -----      -----    -----
  +--> ?PR?_CTRZHENQI?MAIN
  +--> ?PR?_CTRK1?MAIN
  +--> ?PR?_CTRSTEAM?MAIN

?PR?_CTRZHENQI?MAIN                 0008H    0002H      -----    -----
  +--> ?PR?_UART_TXD_CMD?MAIN
  +--> ?PR?_UART_RXD_PROCESS?MAIN

?PR?_CTRK1?MAIN                     0008H    0002H      -----    -----
  +--> ?PR?_UART_TXD_CMD?MAIN
  +--> ?PR?_UART_RXD_PROCESS?MAIN

?PR?BUZCTR?MAIN                     -----    -----      -----    -----
  +--> ?PR?_CTRBUZ?MAIN

?PR?_CTRBUZ?MAIN                    0008H    0002H      -----    -----
  +--> ?PR?_UART_TXD_CMD?MAIN
  +--> ?PR?_UART_RXD_PROCESS?MAIN

?PR?STEAMCTRAUTO?MAIN               -----    -----      -----    -----
  +--> ?PR?GETPOP?MAIN
  +--> ?PR?_CTRZHENQI?MAIN
  +--> ?PR?GETSHUIWEI?MAIN
  +--> ?PR?_CTRK1?MAIN
BL51 BANKED LINKER/LOCATER V6.22                                                      03/19/2021  09:02:32  PAGE 7


  +--> ?PR?_CTRBENG?MAIN

?PR?GETPOP?MAIN                     0008H    0001H      -----    -----
  +--> ?PR?_UART_TXD_CMD?MAIN
  +--> ?PR?_UART_RXD_PROCESS?MAIN

?PR?GETSHUIWEI?MAIN                 0008H    0001H      -----    -----
  +--> ?PR?_UART_TXD_CMD?MAIN
  +--> ?PR?_UART_RXD_PROCESS?MAIN

?PR?COFETEMCTRAUTO?MAIN             -----    -----      -----    -----
  +--> ?PR?GETCURTMP?MAIN
  +--> ?PR?CHECKCOFFTEMP?MAIN
  +--> ?PR?_CTRCOFFEHEAT?MAIN

?PR?CHECKTEMP?MAIN                  -----    -----      -----    -----
  +--> ?PR?GETSTEAMTMP?MAIN
  +--> ?PR?CHECKSTEMTEMP?MAIN

*** NEW ROOT ***************************************************

?PR?ADCINTERRUPT?ADC                -----    -----      -----    -----
  +--> ?PR?ADC_READ12?ADC

*** NEW ROOT ***************************************************

?PR?TIMER0_ISR?TIMER                -----    -----      -----    -----
  +--> ?PR?FLASHLED?MAIN

?PR?FLASHLED?MAIN                   -----    -----      -----    -----
  +--> ?PR?_UPDATELED?MAIN



SYMBOL TABLE OF MODULE:  .\Objects\touch (?C_STARTUP)

  VALUE           TYPE          NAME
  ----------------------------------

  -------         MODULE        ?C_STARTUP
  C:0F08H         SEGMENT       ?C_C51STARTUP
  I:003FH         SEGMENT       ?STACK
  C:0000H         PUBLIC        ?C_STARTUP
  D:00E0H         SYMBOL        ACC
  D:00F0H         SYMBOL        B
  D:0083H         SYMBOL        DPH
  D:0082H         SYMBOL        DPL
  N:0000H         SYMBOL        IBPSTACK
  N:0100H         SYMBOL        IBPSTACKTOP
  N:0080H         SYMBOL        IDATALEN
  C:0F0BH         SYMBOL        IDATALOOP
  N:0000H         SYMBOL        PBPSTACK
  N:0100H         SYMBOL        PBPSTACKTOP
  N:0000H         SYMBOL        PDATALEN
  N:0000H         SYMBOL        PDATASTART
  N:0000H         SYMBOL        PPAGE
  N:0000H         SYMBOL        PPAGEENABLE
BL51 BANKED LINKER/LOCATER V6.22                                                      03/19/2021  09:02:32  PAGE 8


  D:00A0H         SYMBOL        PPAGE_SFR
  D:0081H         SYMBOL        SP
  C:0F08H         SYMBOL        STARTUP1
  N:0000H         SYMBOL        XBPSTACK
  N:0000H         SYMBOL        XBPSTACKTOP
  N:0000H         SYMBOL        XDATALEN
  N:0000H         SYMBOL        XDATASTART
  C:0000H         LINE#         126
  C:0F08H         LINE#         133
  C:0F0AH         LINE#         134
  C:0F0BH         LINE#         135
  C:0F0CH         LINE#         136
  C:0F0EH         LINE#         185
  C:0F11H         LINE#         196
  -------         ENDMOD        ?C_STARTUP

  -------         MODULE        MAIN
  C:0000H         SYMBOL        _ICE_DUMMY_
  D:00D4H         PUBLIC        P1M0
  D:00D3H         PUBLIC        P0M1
  D:00D6H         PUBLIC        P2M0
  D:00D5H         PUBLIC        P1M1
  D:0080H         PUBLIC        P0
  C:15F6H         PUBLIC        GetCurTmp
  B:0020H.0       PUBLIC        HeatFlag
  D:00DAH         PUBLIC        P3M0
  D:00D7H         PUBLIC        P2M1
  D:0090H         PUBLIC        P1
  D:00DBH         PUBLIC        P3M1
  D:00A0H         PUBLIC        P2
  X:0000H         PUBLIC        CofAutCtrTime
  X:0002H         PUBLIC        WaterFlag
  D:00B0H         PUBLIC        P3
  X:0003H         PUBLIC        Zhetwo
  X:0004H         PUBLIC        StemAutCtrTime
  B:00A8H.7       PUBLIC        EA
  C:05C3H         PUBLIC        FlashLed
  X:0006H         PUBLIC        HeatState
  C:1810H         PUBLIC        PowerSleep
  X:0007H         PUBLIC        PowerFlag
  D:00A8H         PUBLIC        IEN0
  D:00B8H         PUBLIC        IEN1
  B:0080H.0       PUBLIC        P0_0
  C:16C3H         PUBLIC        Start
  B:0090H.0       PUBLIC        P1_0
  B:0080H.1       PUBLIC        P0_1
  C:081BH         PUBLIC        _UART_Rxd_Process
  C:174FH         PUBLIC        ReadTmp1BEeprom
  B:0080H.2       PUBLIC        P0_2
  C:176EH         PUBLIC        ReadTmp2BEeprom
  B:00B0H.0       PUBLIC        P3_0
  B:0090H.2       PUBLIC        P1_2
  B:0080H.3       PUBLIC        P0_3
  B:00B0H.1       PUBLIC        P3_1
  B:0090H.3       PUBLIC        P1_3
  B:0080H.4       PUBLIC        P0_4
  B:0090H.4       PUBLIC        P1_4
BL51 BANKED LINKER/LOCATER V6.22                                                      03/19/2021  09:02:32  PAGE 9


  B:0080H.5       PUBLIC        P0_5
  C:13D0H         PUBLIC        _CtrCoffeHeat
  C:164DH         PUBLIC        CheckStemTemp
  D:0036H         PUBLIC        swWorkState
  B:00B0H.3       PUBLIC        P3_3
  B:0090H.5       PUBLIC        P1_5
  B:0080H.6       PUBLIC        P0_6
  B:00B0H.4       PUBLIC        P3_4
  B:0090H.6       PUBLIC        P1_6
  B:0080H.7       PUBLIC        P0_7
  C:0BDFH         PUBLIC        CheckCofExit
  X:0008H         PUBLIC        ShuiFlag
  B:00B0H.5       PUBLIC        P3_5
  B:0090H.7       PUBLIC        P1_7
  X:0009H         PUBLIC        DubFlag
  C:1158H         PUBLIC        CheckStemExit
  D:0037H         PUBLIC        onoff
  C:14EDH         PUBLIC        CheckPowerKey
  C:0DE8H         PUBLIC        _DisplayC
  B:0020H.1       PUBLIC        CofHeat
  X:000AH         PUBLIC        PushFlag
  X:000BH         PUBLIC        SigFlag
  C:185AH         PUBLIC        WriteTmp1BEeprom
  C:033FH         PUBLIC        SteamWork
  C:1864H         PUBLIC        WriteTmp2BEeprom
  D:0038H         PUBLIC        LedOnOff1
  X:000CH         PUBLIC        WhichBut
  X:000DH         PUBLIC        CafTemp
  C:126EH         PUBLIC        main
  C:11EAH         PUBLIC        GPIO_Init
  C:135EH         PUBLIC        _CtrK1
  C:14B4H         PUBLIC        _CtrSteam
  C:1397H         PUBLIC        _CtrK2
  X:000FH         PUBLIC        ErrCode
  C:1442H         PUBLIC        _CtrBeng
  D:00F8H         PUBLIC        IICS
  X:0010H         PUBLIC        ShuiTime
  C:158DH         PUBLIC        GetPower
  C:15C2H         PUBLIC        ReadSetTempEeprom
  D:0098H         PUBLIC        SCON
  C:0E78H         PUBLIC        _DisplayZ
  D:0088H         PUBLIC        TCON
  X:0012H         PUBLIC        COFE_LIMT
  C:0026H         PUBLIC        _SetModeLEDCtr
  X:0013H         PUBLIC        TimeCc
  C:0930H         PUBLIC        CheckSteamButSet
  X:0015H         PUBLIC        BengCtrTime
  D:0039H         PUBLIC        KeyTime
  X:0017H         PUBLIC        MkCafeTime
  C:0FA1H         PUBLIC        _UpdateLED
  C:000EH         PUBLIC        PowerSleep1
  X:0019H         PUBLIC        SenTemp
  D:003BH         PUBLIC        StemWork
  C:182EH         PUBLIC        WriteSetTempEeprom
  C:0A39H         PUBLIC        SteamCtrAuto
  C:1107H         PUBLIC        _UART_Txd_Cmd
  X:001BH         PUBLIC        MakTim
BL51 BANKED LINKER/LOCATER V6.22                                                      03/19/2021  09:02:32  PAGE 10


  X:001DH         PUBLIC        SetTemp
  D:00E0H         PUBLIC        ACC
  X:001FH         PUBLIC        Temp1
  X:0020H         PUBLIC        Temp2
  X:0021H         PUBLIC        distable
  X:0033H         PUBLIC        Cafone
  C:0B1AH         PUBLIC        _ButAdjPTo
  C:12B4H         PUBLIC        GetSteamTmp
  C:1523H         PUBLIC        GetPop
  X:0034H         PUBLIC        WhichBut1
  C:0D46H         PUBLIC        CheckCofButSet
  X:0035H         PUBLIC        AutTempTime
  X:0037H         PUBLIC        ErrCode1
  X:0038H         PUBLIC        Cafthr
  C:0056H         PUBLIC        ProWorkState
  C:1675H         PUBLIC        BuzCtr
  C:147BH         PUBLIC        _CtrBuz
  C:1409H         PUBLIC        _CtrZhenQI
  C:1558H         PUBLIC        GetShuiWei
  X:0039H         PUBLIC        Caftwo
  X:003AH         PUBLIC        ZetTmp
  C:12E9H         PUBLIC        _SetModeLEDCtr1
  X:003BH         PUBLIC        AutCtrTime
  X:003DH         PUBLIC        TimeCc1
  X:003FH         PUBLIC        Zheone
  D:003CH         PUBLIC        KeyTime1
  C:1011H         PUBLIC        CofeTemCtrAuto
  X:0040H         PUBLIC        ADKEY
  C:11A2H         PUBLIC        _ButAdjPro
  X:0041H         PUBLIC        COFE_TMP
  C:172FH         PUBLIC        _Delay
  D:003EH         PUBLIC        LedOnOff
  X:0042H         PUBLIC        disCofLed
  X:0043H         PUBLIC        disStemLed
  X:0044H         PUBLIC        Zhethr
  C:170DH         PUBLIC        CheckTemp
  C:169CH         PUBLIC        CheckCoffTemp
  D:00D0H         PUBLIC        PSW
  D:00C0H         PUBLIC        IRCON
  D:00D2H         PUBLIC        P0M0
  -------         PROC          WRITETMP1BEEPROM
  C:185AH         LINE#         205
  C:185AH         LINE#         206
  C:185AH         LINE#         207
  -------         ENDPROC       WRITETMP1BEEPROM
  -------         PROC          READTMP1BEEPROM
  C:174FH         LINE#         209
  C:174FH         LINE#         210
  C:174FH         LINE#         211
  C:1759H         LINE#         212
  C:1764H         LINE#         213
  C:1764H         LINE#         214
  C:176AH         LINE#         215
  C:176DH         LINE#         216
  C:176DH         LINE#         217
  -------         ENDPROC       READTMP1BEEPROM
  -------         PROC          WRITETMP2BEEPROM
BL51 BANKED LINKER/LOCATER V6.22                                                      03/19/2021  09:02:32  PAGE 11


  C:1864H         LINE#         220
  C:1864H         LINE#         221
  C:1864H         LINE#         222
  -------         ENDPROC       WRITETMP2BEEPROM
  -------         PROC          READTMP2BEEPROM
  C:176EH         LINE#         224
  C:176EH         LINE#         225
  C:176EH         LINE#         226
  C:1778H         LINE#         227
  C:1783H         LINE#         228
  C:1783H         LINE#         229
  C:1789H         LINE#         230
  C:178CH         LINE#         231
  C:178CH         LINE#         232
  -------         ENDPROC       READTMP2BEEPROM
  -------         PROC          WRITESETTEMPEEPROM
  C:182EH         LINE#         235
  C:182EH         LINE#         236
  C:182EH         LINE#         237
  -------         ENDPROC       WRITESETTEMPEEPROM
  -------         PROC          READSETTEMPEEPROM
  C:15C2H         LINE#         239
  C:15C2H         LINE#         240
  C:15C2H         LINE#         241
  C:15D1H         LINE#         242
  C:15E5H         LINE#         243
  C:15E5H         LINE#         244
  C:15EEH         LINE#         245
  C:15F1H         LINE#         246
  C:15F1H         LINE#         247
  -------         ENDPROC       READSETTEMPEEPROM
  -------         PROC          _DELAY
  D:0006H         SYMBOL        tim
  -------         DO            
  D:0004H         SYMBOL        i
  D:0002H         SYMBOL        j
  -------         ENDDO         
  C:172FH         LINE#         266
  C:172FH         LINE#         267
  C:172FH         LINE#         269
  C:1739H         LINE#         270
  C:174EH         LINE#         271
  -------         ENDPROC       _DELAY
  -------         PROC          _UART_RXD_PROCESS
  D:000AH         SYMBOL        cmd
  -------         DO            
  X:0087H         SYMBOL        pcmd
  X:0088H         SYMBOL        sdata1
  X:0089H         SYMBOL        sdata2
  X:008AH         SYMBOL        schecksum1
  X:008BH         SYMBOL        schecksum2
  D:0006H         SYMBOL        CheckSumDIS
  D:0004H         SYMBOL        CheckSumPo
  D:000BH         SYMBOL        timeOut
  -------         ENDDO         
  C:081BH         LINE#         282
  C:081DH         LINE#         283
BL51 BANKED LINKER/LOCATER V6.22                                                      03/19/2021  09:02:32  PAGE 12


  C:081DH         LINE#         284
  C:0826H         LINE#         286
  C:082AH         LINE#         287
  C:082AH         LINE#         288
  C:082AH         LINE#         289
  C:0833H         LINE#         290
  C:0833H         LINE#         291
  C:083BH         LINE#         292
  C:0842H         LINE#         293
  C:084DH         LINE#         294
  C:084DH         LINE#         296
  C:0859H         LINE#         297
  C:0859H         LINE#         298
  C:0864H         LINE#         299
  C:0864H         LINE#         300
  C:086FH         LINE#         301
  C:086FH         LINE#         302
  C:087AH         LINE#         303
  C:087AH         LINE#         304
  C:0882H         LINE#         305
  C:088AH         LINE#         306
  C:0892H         LINE#         307
  C:089AH         LINE#         308
  C:08A3H         LINE#         309
  C:08B0H         LINE#         310
  C:08CBH         LINE#         311
  C:08D8H         LINE#         312
  C:08D8H         LINE#         313
  C:08EDH         LINE#         314
  C:08EDH         LINE#         315
  C:08EDH         LINE#         316
  C:08FAH         LINE#         317
  C:08FCH         LINE#         318
  C:08FCH         LINE#         319
  C:08FCH         LINE#         320
  C:08FCH         LINE#         321
  C:090CH         LINE#         322
  C:090EH         LINE#         323
  C:090EH         LINE#         324
  C:0916H         LINE#         325
  C:0918H         LINE#         326
  C:0918H         LINE#         327
  C:0918H         LINE#         328
  C:0918H         LINE#         329
  C:0918H         LINE#         330
  C:0918H         LINE#         331
  C:0918H         LINE#         332
  C:0918H         LINE#         333
  C:0920H         LINE#         334
  C:0922H         LINE#         335
  C:0922H         LINE#         336
  C:0922H         LINE#         337
  C:0922H         LINE#         338
  C:092AH         LINE#         339
  C:092AH         LINE#         340
  C:092AH         LINE#         341
  C:092AH         LINE#         342
BL51 BANKED LINKER/LOCATER V6.22                                                      03/19/2021  09:02:32  PAGE 13


  C:092AH         LINE#         343
  C:092AH         LINE#         344
  C:092AH         LINE#         345
  C:092AH         LINE#         346
  C:092AH         LINE#         347
  C:092AH         LINE#         348
  C:092AH         LINE#         349
  C:092AH         LINE#         350
  C:092AH         LINE#         351
  C:092AH         LINE#         352
  C:092AH         LINE#         353
  C:092AH         LINE#         354
  C:092AH         LINE#         355
  C:092AH         LINE#         356
  C:092DH         LINE#         357
  C:092DH         LINE#         358
  C:092DH         LINE#         359
  C:092DH         LINE#         360
  C:092DH         LINE#         361
  C:092DH         LINE#         362
  C:092FH         LINE#         363
  -------         ENDPROC       _UART_RXD_PROCESS
  -------         PROC          L?0475
  -------         ENDPROC       L?0475
  -------         PROC          _UART_TXD_CMD
  D:000AH         SYMBOL        Cmd
  D:000BH         SYMBOL        Parm1
  D:000CH         SYMBOL        Parm2
  -------         DO            
  D:000DH         SYMBOL        CheckSum
  -------         ENDDO         
  C:1107H         LINE#         365
  C:110DH         LINE#         366
  C:110DH         LINE#         367
  C:1112H         LINE#         368
  C:1115H         LINE#         369
  C:111AH         LINE#         370
  C:111FH         LINE#         371
  C:1124H         LINE#         372
  C:1129H         LINE#         373
  C:112EH         LINE#         374
  C:1133H         LINE#         375
  C:114DH         LINE#         376
  C:1151H         LINE#         377
  -------         ENDPROC       _UART_TXD_CMD
  -------         PROC          L?0480
  -------         ENDPROC       L?0480
  -------         PROC          GETCURTMP
  -------         DO            
  D:0008H         SYMBOL        i
  -------         ENDDO         
  C:15F6H         LINE#         383
  C:15F6H         LINE#         384
  C:15F6H         LINE#         386
  C:15F9H         LINE#         387
  C:1601H         LINE#         388
  C:1601H         LINE#         389
BL51 BANKED LINKER/LOCATER V6.22                                                      03/19/2021  09:02:32  PAGE 14


  C:1604H         LINE#         390
  C:1604H         LINE#         392
  C:1604H         LINE#         393
  C:1607H         LINE#         394
  C:1607H         LINE#         395
  C:160AH         LINE#         396
  C:1612H         LINE#         397
  C:1612H         LINE#         398
  C:1615H         LINE#         399
  C:1615H         LINE#         400
  C:161EH         LINE#         401
  C:161EH         LINE#         402
  C:1620H         LINE#         403
  -------         ENDPROC       GETCURTMP
  -------         PROC          GETPOP
  -------         DO            
  D:0008H         SYMBOL        i
  -------         ENDDO         
  C:1523H         LINE#         425
  C:1523H         LINE#         426
  C:1523H         LINE#         428
  C:152BH         LINE#         429
  C:1533H         LINE#         430
  C:1533H         LINE#         431
  C:1536H         LINE#         432
  C:1536H         LINE#         434
  C:1536H         LINE#         435
  C:1539H         LINE#         436
  C:1539H         LINE#         437
  C:1541H         LINE#         438
  C:1549H         LINE#         439
  C:1549H         LINE#         440
  C:154CH         LINE#         441
  C:154CH         LINE#         442
  C:1555H         LINE#         443
  C:1555H         LINE#         444
  C:1557H         LINE#         445
  -------         ENDPROC       GETPOP
  C:12B0H         SYMBOL        L?0479
  -------         PROC          L?0478
  -------         ENDPROC       L?0478
  C:12B0H         SYMBOL        L?0479
  -------         PROC          GETSTEAMTMP
  -------         DO            
  D:0008H         SYMBOL        i
  -------         ENDDO         
  C:12B4H         LINE#         448
  C:12B4H         LINE#         449
  C:12B4H         LINE#         451
  C:12BCH         LINE#         452
  C:12C4H         LINE#         453
  C:12C4H         LINE#         454
  C:12C7H         LINE#         455
  C:12C7H         LINE#         457
  C:12C7H         LINE#         458
  C:12CAH         LINE#         459
  C:12CAH         LINE#         460
BL51 BANKED LINKER/LOCATER V6.22                                                      03/19/2021  09:02:32  PAGE 15


  C:12D2H         LINE#         461
  C:12DAH         LINE#         462
  C:12DAH         LINE#         463
  C:12DDH         LINE#         464
  C:12DDH         LINE#         465
  C:12E6H         LINE#         466
  C:12E6H         LINE#         467
  C:12E8H         LINE#         468
  -------         ENDPROC       GETSTEAMTMP
  -------         PROC          GETSHUIWEI
  -------         DO            
  D:0008H         SYMBOL        i
  -------         ENDDO         
  C:1558H         LINE#         470
  C:1558H         LINE#         471
  C:1558H         LINE#         473
  C:1560H         LINE#         474
  C:1568H         LINE#         475
  C:1568H         LINE#         476
  C:156BH         LINE#         477
  C:156BH         LINE#         479
  C:156BH         LINE#         480
  C:156EH         LINE#         481
  C:156EH         LINE#         482
  C:1576H         LINE#         483
  C:157EH         LINE#         484
  C:157EH         LINE#         485
  C:1581H         LINE#         486
  C:1581H         LINE#         487
  C:158AH         LINE#         488
  C:158AH         LINE#         489
  C:158CH         LINE#         490
  -------         ENDPROC       GETSHUIWEI
  -------         PROC          _CTRK1
  D:0008H         SYMBOL        ctr
  -------         DO            
  D:0009H         SYMBOL        i
  -------         ENDDO         
  C:135EH         LINE#         491
  C:1360H         LINE#         492
  C:1360H         LINE#         494
  C:1369H         LINE#         495
  C:1371H         LINE#         496
  C:1371H         LINE#         497
  C:1374H         LINE#         498
  C:1374H         LINE#         500
  C:1374H         LINE#         501
  C:1377H         LINE#         502
  C:1377H         LINE#         503
  C:1380H         LINE#         504
  C:1388H         LINE#         505
  C:1388H         LINE#         506
  C:138BH         LINE#         507
  C:138BH         LINE#         508
  C:1394H         LINE#         509
  C:1394H         LINE#         510
  C:1396H         LINE#         511
BL51 BANKED LINKER/LOCATER V6.22                                                      03/19/2021  09:02:32  PAGE 16


  -------         ENDPROC       _CTRK1
  -------         PROC          _CTRK2
  D:0008H         SYMBOL        ctr
  -------         DO            
  D:0009H         SYMBOL        i
  -------         ENDDO         
  C:1397H         LINE#         512
  C:1399H         LINE#         513
  C:1399H         LINE#         515
  C:13A2H         LINE#         516
  C:13AAH         LINE#         517
  C:13AAH         LINE#         518
  C:13ADH         LINE#         519
  C:13ADH         LINE#         521
  C:13ADH         LINE#         522
  C:13B0H         LINE#         523
  C:13B0H         LINE#         524
  C:13B9H         LINE#         525
  C:13C1H         LINE#         526
  C:13C1H         LINE#         527
  C:13C4H         LINE#         528
  C:13C4H         LINE#         529
  C:13CDH         LINE#         530
  C:13CDH         LINE#         531
  C:13CFH         LINE#         532
  -------         ENDPROC       _CTRK2
  -------         PROC          _CTRCOFFEHEAT
  D:0008H         SYMBOL        ctr
  -------         DO            
  D:0009H         SYMBOL        i
  -------         ENDDO         
  C:13D0H         LINE#         534
  C:13D2H         LINE#         535
  C:13D2H         LINE#         537
  C:13DBH         LINE#         538
  C:13E3H         LINE#         539
  C:13E3H         LINE#         540
  C:13E6H         LINE#         541
  C:13E6H         LINE#         543
  C:13E6H         LINE#         544
  C:13E9H         LINE#         545
  C:13E9H         LINE#         546
  C:13F2H         LINE#         547
  C:13FAH         LINE#         548
  C:13FAH         LINE#         549
  C:13FDH         LINE#         550
  C:13FDH         LINE#         551
  C:1406H         LINE#         552
  C:1406H         LINE#         553
  C:1408H         LINE#         554
  -------         ENDPROC       _CTRCOFFEHEAT
  -------         PROC          _CTRZHENQI
  D:0008H         SYMBOL        ctrOn
  -------         DO            
  D:0009H         SYMBOL        i
  -------         ENDDO         
  C:1409H         LINE#         555
BL51 BANKED LINKER/LOCATER V6.22                                                      03/19/2021  09:02:32  PAGE 17


  C:140BH         LINE#         556
  C:140BH         LINE#         558
  C:1414H         LINE#         559
  C:141CH         LINE#         560
  C:141CH         LINE#         561
  C:141FH         LINE#         562
  C:141FH         LINE#         564
  C:141FH         LINE#         565
  C:1422H         LINE#         566
  C:1422H         LINE#         567
  C:142BH         LINE#         568
  C:1433H         LINE#         569
  C:1433H         LINE#         570
  C:1436H         LINE#         571
  C:1436H         LINE#         572
  C:143FH         LINE#         573
  C:143FH         LINE#         574
  C:1441H         LINE#         575
  -------         ENDPROC       _CTRZHENQI
  -------         PROC          _CTRBENG
  D:0008H         SYMBOL        Ontime
  -------         DO            
  D:0009H         SYMBOL        i
  -------         ENDDO         
  C:1442H         LINE#         577
  C:1444H         LINE#         578
  C:1444H         LINE#         580
  C:144DH         LINE#         581
  C:1455H         LINE#         582
  C:1455H         LINE#         583
  C:1458H         LINE#         584
  C:1458H         LINE#         586
  C:1458H         LINE#         587
  C:145BH         LINE#         588
  C:145BH         LINE#         589
  C:1464H         LINE#         590
  C:146CH         LINE#         591
  C:146CH         LINE#         592
  C:146FH         LINE#         593
  C:146FH         LINE#         594
  C:1478H         LINE#         595
  C:1478H         LINE#         596
  C:147AH         LINE#         597
  -------         ENDPROC       _CTRBENG
  -------         PROC          _CTRBUZ
  D:0008H         SYMBOL        ctr
  -------         DO            
  D:0009H         SYMBOL        i
  -------         ENDDO         
  C:147BH         LINE#         621
  C:147DH         LINE#         622
  C:147DH         LINE#         624
  C:1486H         LINE#         625
  C:148EH         LINE#         626
  C:148EH         LINE#         627
  C:1491H         LINE#         628
  C:1491H         LINE#         630
BL51 BANKED LINKER/LOCATER V6.22                                                      03/19/2021  09:02:32  PAGE 18


  C:1491H         LINE#         631
  C:1494H         LINE#         632
  C:1494H         LINE#         633
  C:149DH         LINE#         634
  C:14A5H         LINE#         635
  C:14A5H         LINE#         636
  C:14A8H         LINE#         637
  C:14A8H         LINE#         638
  C:14B1H         LINE#         639
  C:14B1H         LINE#         640
  C:14B3H         LINE#         641
  -------         ENDPROC       _CTRBUZ
  -------         PROC          _CTRSTEAM
  D:0008H         SYMBOL        ctr
  -------         DO            
  D:0009H         SYMBOL        i
  -------         ENDDO         
  C:14B4H         LINE#         643
  C:14B6H         LINE#         644
  C:14B6H         LINE#         646
  C:14BFH         LINE#         647
  C:14C7H         LINE#         648
  C:14C7H         LINE#         649
  C:14CAH         LINE#         650
  C:14CAH         LINE#         652
  C:14CAH         LINE#         653
  C:14CDH         LINE#         654
  C:14CDH         LINE#         655
  C:14D6H         LINE#         656
  C:14DEH         LINE#         657
  C:14DEH         LINE#         658
  C:14E1H         LINE#         659
  C:14E1H         LINE#         660
  C:14EAH         LINE#         661
  C:14EAH         LINE#         662
  C:14ECH         LINE#         663
  -------         ENDPROC       _CTRSTEAM
  -------         PROC          GETPOWER
  -------         DO            
  D:0008H         SYMBOL        i
  -------         ENDDO         
  C:158DH         LINE#         665
  C:158DH         LINE#         666
  C:158DH         LINE#         668
  C:1595H         LINE#         669
  C:159DH         LINE#         670
  C:159DH         LINE#         671
  C:15A0H         LINE#         672
  C:15A0H         LINE#         674
  C:15A0H         LINE#         675
  C:15A3H         LINE#         676
  C:15A3H         LINE#         677
  C:15ABH         LINE#         678
  C:15B3H         LINE#         679
  C:15B3H         LINE#         680
  C:15B6H         LINE#         681
  C:15B6H         LINE#         682
BL51 BANKED LINKER/LOCATER V6.22                                                      03/19/2021  09:02:32  PAGE 19


  C:15BFH         LINE#         683
  C:15BFH         LINE#         684
  C:15C1H         LINE#         685
  -------         ENDPROC       GETPOWER
  -------         PROC          GPIO_INIT
  C:11EAH         LINE#         696
  C:11EAH         LINE#         697
  C:11EAH         LINE#         698
  C:11EDH         LINE#         699
  C:11EFH         LINE#         700
  C:11F1H         LINE#         701
  C:11F3H         LINE#         707
  C:11F5H         LINE#         708
  C:11F8H         LINE#         713
  C:11FAH         LINE#         714
  C:11FDH         LINE#         720
  C:11FFH         LINE#         721
  C:1202H         LINE#         727
  C:1205H         LINE#         728
  C:1208H         LINE#         730
  C:120AH         LINE#         731
  C:120CH         LINE#         732
  C:120EH         LINE#         733
  C:1210H         LINE#         734
  C:1212H         LINE#         735
  C:1214H         LINE#         736
  C:1216H         LINE#         737
  C:1218H         LINE#         738
  C:121AH         LINE#         739
  C:121CH         LINE#         740
  C:121EH         LINE#         741
  C:1220H         LINE#         742
  C:1222H         LINE#         743
  C:1224H         LINE#         744
  C:1226H         LINE#         745
  C:1228H         LINE#         746
  C:122AH         LINE#         747
  C:122CH         LINE#         749
  -------         ENDPROC       GPIO_INIT
  C:0DE0H         SYMBOL        L?0477
  -------         PROC          L?0476
  -------         ENDPROC       L?0476
  C:0DE0H         SYMBOL        L?0477
  -------         PROC          _DISPLAYC
  D:0007H         SYMBOL        Tmp
  D:0005H         SYMBOL        tag
  C:0DE8H         LINE#         750
  C:0DE8H         LINE#         751
  C:0DE8H         LINE#         752
  C:0DEBH         LINE#         753
  C:0DEBH         LINE#         754
  C:0DF1H         LINE#         755
  C:0DF1H         LINE#         756
  C:0DFAH         LINE#         757
  C:0E0AH         LINE#         758
  C:0E0BH         LINE#         759
  C:0E18H         LINE#         760
BL51 BANKED LINKER/LOCATER V6.22                                                      03/19/2021  09:02:32  PAGE 20


  C:0E18H         LINE#         761
  C:0E19H         LINE#         762
  C:0E1EH         LINE#         763
  C:0E1EH         LINE#         764
  C:0E20H         LINE#         766
  C:0E20H         LINE#         767
  C:0E21H         LINE#         768
  C:0E25H         LINE#         769
  C:0E30H         LINE#         770
  C:0E30H         LINE#         771
  C:0E31H         LINE#         772
  C:0E34H         LINE#         773
  C:0E34H         LINE#         774
  C:0E3AH         LINE#         775
  C:0E40H         LINE#         776
  C:0E41H         LINE#         778
  C:0E43H         LINE#         779
  C:0E46H         LINE#         780
  C:0E46H         LINE#         781
  C:0E4BH         LINE#         782
  C:0E4FH         LINE#         783
  C:0E4FH         LINE#         784
  C:0E51H         LINE#         785
  C:0E54H         LINE#         786
  C:0E54H         LINE#         787
  C:0E5AH         LINE#         788
  C:0E60H         LINE#         789
  C:0E64H         LINE#         790
  C:0E66H         LINE#         791
  C:0E69H         LINE#         792
  C:0E69H         LINE#         793
  C:0E6FH         LINE#         794
  C:0E73H         LINE#         795
  C:0E77H         LINE#         796
  C:0E77H         LINE#         797
  -------         ENDPROC       _DISPLAYC
  -------         PROC          _DISPLAYZ
  D:0007H         SYMBOL        Tmp
  D:0005H         SYMBOL        tag
  C:0E78H         LINE#         798
  C:0E78H         LINE#         799
  C:0E78H         LINE#         800
  C:0E7BH         LINE#         801
  C:0E7BH         LINE#         802
  C:0E81H         LINE#         803
  C:0E81H         LINE#         804
  C:0E8AH         LINE#         805
  C:0E9AH         LINE#         806
  C:0E9BH         LINE#         807
  C:0EA8H         LINE#         808
  C:0EA8H         LINE#         809
  C:0EA9H         LINE#         810
  C:0EAEH         LINE#         811
  C:0EAEH         LINE#         812
  C:0EB0H         LINE#         814
  C:0EB0H         LINE#         815
  C:0EB1H         LINE#         816
BL51 BANKED LINKER/LOCATER V6.22                                                      03/19/2021  09:02:32  PAGE 21


  C:0EB5H         LINE#         817
  C:0EC0H         LINE#         818
  C:0EC0H         LINE#         819
  C:0EC1H         LINE#         820
  C:0EC4H         LINE#         821
  C:0EC4H         LINE#         822
  C:0ECAH         LINE#         823
  C:0ED0H         LINE#         824
  C:0ED1H         LINE#         825
  C:0ED3H         LINE#         826
  C:0ED6H         LINE#         827
  C:0ED6H         LINE#         828
  C:0EDBH         LINE#         829
  C:0EDFH         LINE#         830
  C:0EDFH         LINE#         831
  C:0EE1H         LINE#         832
  C:0EE4H         LINE#         833
  C:0EE4H         LINE#         834
  C:0EEAH         LINE#         835
  C:0EF0H         LINE#         836
  C:0EF4H         LINE#         837
  C:0EF6H         LINE#         838
  C:0EF9H         LINE#         839
  C:0EF9H         LINE#         840
  C:0EFFH         LINE#         841
  C:0F03H         LINE#         842
  C:0F07H         LINE#         843
  C:0F07H         LINE#         844
  -------         ENDPROC       _DISPLAYZ
  -------         PROC          POWERSLEEP
  C:1810H         LINE#         847
  C:1810H         LINE#         848
  C:1810H         LINE#         849
  C:1815H         LINE#         850
  C:181AH         LINE#         851
  -------         ENDPROC       POWERSLEEP
  -------         PROC          POWERSLEEP1
  C:000EH         LINE#         853
  C:000EH         LINE#         854
  C:000EH         LINE#         855
  C:0010H         LINE#         856
  C:0015H         LINE#         857
  C:001AH         LINE#         858
  C:001EH         LINE#         859
  -------         ENDPROC       POWERSLEEP1
  -------         PROC          CHECKCOFEXIT
  -------         DO            
  D:0021H         SYMBOL        set
  D:0022H         SYMBOL        down
  D:0023H         SYMBOL        temp
  D:0024H         SYMBOL        temp1
  -------         ENDDO         
  C:0BDFH         LINE#         861
  C:0BDFH         LINE#         862
  C:0BDFH         LINE#         867
  C:0BE7H         LINE#         868
  C:0BF3H         LINE#         869
BL51 BANKED LINKER/LOCATER V6.22                                                      03/19/2021  09:02:32  PAGE 22


  C:0BF3H         LINE#         870
  C:0BF3H         LINE#         871
  C:0BF6H         LINE#         872
  C:0BF6H         LINE#         873
  C:0BF8H         LINE#         874
  C:0BF8H         LINE#         875
  C:0BFBH         LINE#         876
  C:0BFEH         LINE#         877
  C:0BFFH         LINE#         878
  C:0BFFH         LINE#         879
  C:0C0FH         LINE#         880
  C:0C0FH         LINE#         881
  C:0C17H         LINE#         882
  C:0C20H         LINE#         883
  C:0C20H         LINE#         884
  C:0C23H         LINE#         885
  C:0C26H         LINE#         886
  C:0C29H         LINE#         887
  C:0C2DH         LINE#         888
  C:0C41H         LINE#         889
  C:0C41H         LINE#         890
  C:0C41H         LINE#         891
  C:0C43H         LINE#         893
  C:0C43H         LINE#         894
  C:0C4EH         LINE#         895
  C:0C4EH         LINE#         896
  C:0C51H         LINE#         897
  C:0C51H         LINE#         898
  C:0C51H         LINE#         899
  C:0C52H         LINE#         900
  C:0C52H         LINE#         901
  C:0C56H         LINE#         902
  C:0C56H         LINE#         903
  C:0C59H         LINE#         904
  C:0C70H         LINE#         905
  C:0C70H         LINE#         906
  C:0C75H         LINE#         907
  C:0C7AH         LINE#         908
  C:0C7DH         LINE#         909
  C:0C7DH         LINE#         910
  C:0C82H         LINE#         911
  C:0C82H         LINE#         912
  C:0C85H         LINE#         913
  C:0C88H         LINE#         914
  C:0C8BH         LINE#         915
  C:0C8BH         LINE#         916
  C:0C8BH         LINE#         917
  C:0C8EH         LINE#         918
  C:0C93H         LINE#         919
  C:0C93H         LINE#         920
  C:0C93H         LINE#         921
  -------         ENDPROC       CHECKCOFEXIT
  -------         PROC          CHECKSTEMEXIT
  -------         DO            
  D:0025H         SYMBOL        set1
  D:0026H         SYMBOL        timer1
  D:0027H         SYMBOL        temp
BL51 BANKED LINKER/LOCATER V6.22                                                      03/19/2021  09:02:32  PAGE 23


  -------         ENDDO         
  C:1158H         LINE#         922
  C:1158H         LINE#         923
  C:1158H         LINE#         927
  C:1160H         LINE#         928
  C:1167H         LINE#         929
  C:1167H         LINE#         930
  C:1167H         LINE#         931
  C:116AH         LINE#         932
  C:116AH         LINE#         933
  C:116CH         LINE#         934
  C:116CH         LINE#         935
  C:116FH         LINE#         936
  C:1172H         LINE#         937
  C:1173H         LINE#         938
  C:1173H         LINE#         939
  C:1179H         LINE#         940
  C:1179H         LINE#         941
  C:117BH         LINE#         942
  C:117DH         LINE#         943
  C:1184H         LINE#         944
  C:1184H         LINE#         945
  C:118BH         LINE#         946
  C:118BH         LINE#         947
  C:118EH         LINE#         948
  C:118EH         LINE#         949
  C:1190H         LINE#         950
  C:1197H         LINE#         951
  C:1197H         LINE#         952
  C:119AH         LINE#         953
  C:119EH         LINE#         954
  C:11A1H         LINE#         955
  C:11A1H         LINE#         956
  C:11A1H         LINE#         957
  C:11A1H         LINE#         958
  C:11A1H         LINE#         959
  C:11A1H         LINE#         960
  -------         ENDPROC       CHECKSTEMEXIT
  -------         PROC          CHECKCOFBUTSET
  -------         DO            
  D:0028H         SYMBOL        SING
  D:0029H         SYMBOL        DUB
  -------         ENDDO         
  C:0D46H         LINE#         962
  C:0D46H         LINE#         963
  C:0D46H         LINE#         965
  C:0D4EH         LINE#         966
  C:0D5AH         LINE#         967
  C:0D5AH         LINE#         968
  C:0D5AH         LINE#         969
  C:0D60H         LINE#         970
  C:0D62H         LINE#         971
  C:0D63H         LINE#         972
  C:0D63H         LINE#         973
  C:0D69H         LINE#         974
  C:0D6CH         LINE#         975
  C:0D6DH         LINE#         976
BL51 BANKED LINKER/LOCATER V6.22                                                      03/19/2021  09:02:32  PAGE 24


  C:0D6DH         LINE#         977
  C:0D75H         LINE#         978
  C:0D7BH         LINE#         979
  C:0D93H         LINE#         980
  C:0D93H         LINE#         981
  C:0D98H         LINE#         982
  C:0D9BH         LINE#         983
  C:0D9EH         LINE#         984
  C:0D9EH         LINE#         985
  C:0D9FH         LINE#         986
  C:0D9FH         LINE#         987
  C:0DA3H         LINE#         988
  C:0DA3H         LINE#         989
  C:0DAAH         LINE#         990
  C:0DACH         LINE#         991
  C:0DB2H         LINE#         992
  C:0DB5H         LINE#         993
  C:0DB5H         LINE#         994
  C:0DB7H         LINE#         995
  C:0DBBH         LINE#         996
  C:0DBBH         LINE#         997
  C:0DBEH         LINE#         998
  C:0DC4H         LINE#         999
  C:0DCAH         LINE#         1000
  C:0DD0H         LINE#         1001
  C:0DD3H         LINE#         1002
  C:0DD4H         LINE#         1004
  C:0DD4H         LINE#         1005
  C:0DD9H         LINE#         1006
  C:0DDFH         LINE#         1007
  C:0DDFH         LINE#         1008
  C:0DDFH         LINE#         1009
  C:0DDFH         LINE#         1010
  -------         ENDPROC       CHECKCOFBUTSET
  -------         PROC          CHECKSTEAMBUTSET
  -------         DO            
  D:002AH         SYMBOL        TMP1
  D:002BH         SYMBOL        TMP2
  D:002CH         SYMBOL        CLEAR
  -------         ENDDO         
  C:0930H         LINE#         1011
  C:0930H         LINE#         1012
  C:0930H         LINE#         1014
  C:0938H         LINE#         1015
  C:0949H         LINE#         1016
  C:0949H         LINE#         1017
  C:0949H         LINE#         1018
  C:094CH         LINE#         1019
  C:0952H         LINE#         1020
  C:095AH         LINE#         1021
  C:096FH         LINE#         1022
  C:096FH         LINE#         1023
  C:0975H         LINE#         1024
  C:0978H         LINE#         1025
  C:097CH         LINE#         1026
  C:0986H         LINE#         1027
  C:0989H         LINE#         1028
BL51 BANKED LINKER/LOCATER V6.22                                                      03/19/2021  09:02:32  PAGE 25


  C:0989H         LINE#         1029
  C:098AH         LINE#         1030
  C:098AH         LINE#         1031
  C:098DH         LINE#         1032
  C:0993H         LINE#         1033
  C:099BH         LINE#         1034
  C:09B0H         LINE#         1035
  C:09B0H         LINE#         1036
  C:09B6H         LINE#         1037
  C:09B9H         LINE#         1038
  C:09BDH         LINE#         1039
  C:09C7H         LINE#         1040
  C:09CAH         LINE#         1041
  C:09CAH         LINE#         1042
  C:09CBH         LINE#         1043
  C:09CBH         LINE#         1044
  C:09CEH         LINE#         1045
  C:09D4H         LINE#         1046
  C:09D5H         LINE#         1047
  C:09D5H         LINE#         1048
  C:09DAH         LINE#         1049
  C:09DEH         LINE#         1050
  C:09DEH         LINE#         1051
  C:09E1H         LINE#         1052
  C:09E7H         LINE#         1053
  C:09EFH         LINE#         1054
  C:09F5H         LINE#         1055
  C:09F6H         LINE#         1056
  C:09F6H         LINE#         1057
  C:09F8H         LINE#         1058
  C:09FCH         LINE#         1059
  C:09FCH         LINE#         1060
  C:09FFH         LINE#         1061
  C:0A05H         LINE#         1062
  C:0A0DH         LINE#         1063
  C:0A13H         LINE#         1064
  C:0A18H         LINE#         1065
  C:0A1BH         LINE#         1066
  C:0A1CH         LINE#         1067
  C:0A20H         LINE#         1068
  C:0A20H         LINE#         1069
  C:0A23H         LINE#         1070
  C:0A29H         LINE#         1071
  C:0A2EH         LINE#         1072
  C:0A31H         LINE#         1073
  C:0A32H         LINE#         1075
  C:0A32H         LINE#         1076
  C:0A38H         LINE#         1077
  C:0A38H         LINE#         1078
  C:0A38H         LINE#         1079
  C:0A38H         LINE#         1080
  -------         ENDPROC       CHECKSTEAMBUTSET
  -------         PROC          _BUTADJPTO
  D:0007H         SYMBOL        Type
  D:0009H         SYMBOL        Cal
  C:0B1AH         LINE#         1082
  C:0B1CH         LINE#         1083
BL51 BANKED LINKER/LOCATER V6.22                                                      03/19/2021  09:02:32  PAGE 26


  C:0B1CH         LINE#         1084
  C:0B2BH         LINE#         1085
  C:0B2BH         LINE#         1086
  C:0B2BH         LINE#         1087
  C:0B3AH         LINE#         1088
  C:0B3AH         LINE#         1089
  C:0B3DH         LINE#         1090
  C:0B3FH         LINE#         1091
  C:0B4AH         LINE#         1092
  C:0B4AH         LINE#         1093
  C:0B50H         LINE#         1094
  C:0B50H         LINE#         1095
  C:0B53H         LINE#         1096
  C:0B56H         LINE#         1097
  C:0B58H         LINE#         1098
  C:0B58H         LINE#         1099
  C:0B67H         LINE#         1100
  C:0B67H         LINE#         1101
  C:0B6AH         LINE#         1102
  C:0B6CH         LINE#         1103
  C:0B77H         LINE#         1104
  C:0B77H         LINE#         1105
  C:0B7DH         LINE#         1106
  C:0B7DH         LINE#         1107
  C:0B80H         LINE#         1108
  C:0B8AH         LINE#         1109
  C:0B8AH         LINE#         1110
  C:0B8AH         LINE#         1111
  C:0B9FH         LINE#         1112
  C:0B9FH         LINE#         1113
  C:0BAAH         LINE#         1114
  C:0BADH         LINE#         1115
  C:0BADH         LINE#         1116
  C:0BAFH         LINE#         1117
  C:0BBDH         LINE#         1118
  C:0BBDH         LINE#         1119
  C:0BCBH         LINE#         1120
  C:0BD1H         LINE#         1121
  C:0BD8H         LINE#         1122
  C:0BD8H         LINE#         1123
  C:0BDBH         LINE#         1124
  C:0BDEH         LINE#         1125
  C:0BDEH         LINE#         1126
  C:0BDEH         LINE#         1127
  -------         ENDPROC       _BUTADJPTO
  -------         PROC          _BUTADJPRO
  D:0008H         SYMBOL        Type
  -------         DO            
  D:002DH         SYMBOL        AddDelay
  D:002EH         SYMBOL        SubDelay
  D:002FH         SYMBOL        AddBFlag
  D:0030H         SYMBOL        SubBFlag
  -------         ENDDO         
  C:11A2H         LINE#         1130
  C:11A4H         LINE#         1131
  C:11A4H         LINE#         1136
  C:11A6H         LINE#         1137
BL51 BANKED LINKER/LOCATER V6.22                                                      03/19/2021  09:02:32  PAGE 27


  C:11AEH         LINE#         1138
  C:11AEH         LINE#         1139
  C:11B0H         LINE#         1140
  C:11B7H         LINE#         1141
  C:11B7H         LINE#         1142
  C:11BAH         LINE#         1144
  C:11BCH         LINE#         1145
  C:11C1H         LINE#         1146
  C:11C1H         LINE#         1147
  C:11C3H         LINE#         1149
  C:11C3H         LINE#         1150
  C:11C6H         LINE#         1151
  C:11C6H         LINE#         1152
  C:11C8H         LINE#         1153
  C:11D0H         LINE#         1154
  C:11D0H         LINE#         1155
  C:11D2H         LINE#         1156
  C:11D9H         LINE#         1157
  C:11D9H         LINE#         1158
  C:11E0H         LINE#         1160
  C:11E3H         LINE#         1161
  C:11E5H         LINE#         1162
  C:11E5H         LINE#         1163
  C:11E6H         LINE#         1165
  C:11E6H         LINE#         1166
  C:11E9H         LINE#         1167
  C:11E9H         LINE#         1168
  -------         ENDPROC       _BUTADJPRO
  -------         PROC          _SETMODELEDCTR1
  D:0007H         SYMBOL        which
  -------         DO            
  D:0004H         SYMBOL        temp
  -------         ENDDO         
  C:12E9H         LINE#         1210
  C:12E9H         LINE#         1211
  C:12E9H         LINE#         1213
  C:12ECH         LINE#         1214
  C:12ECH         LINE#         1215
  C:12F1H         LINE#         1216
  C:12F3H         LINE#         1218
  C:12F3H         LINE#         1219
  C:12F8H         LINE#         1220
  C:12F8H         LINE#         1221
  C:1307H         LINE#         1222
  C:1307H         LINE#         1223
  C:130BH         LINE#         1224
  C:130FH         LINE#         1225
  C:130FH         LINE#         1226
  C:1315H         LINE#         1227
  C:1318H         LINE#         1228
  C:1319H         LINE#         1230
  C:1319H         LINE#         1231
  C:1320H         LINE#         1232
  C:1323H         LINE#         1233
  C:1323H         LINE#         1234
  C:1323H         LINE#         1235
  -------         ENDPROC       _SETMODELEDCTR1
BL51 BANKED LINKER/LOCATER V6.22                                                      03/19/2021  09:02:32  PAGE 28


  -------         PROC          _SETMODELEDCTR
  D:0007H         SYMBOL        onoff
  C:0026H         LINE#         1237
  C:0026H         LINE#         1238
  C:0026H         LINE#         1239
  C:0029H         LINE#         1240
  C:0029H         LINE#         1241
  C:0038H         LINE#         1242
  C:0038H         LINE#         1243
  C:003CH         LINE#         1244
  C:0040H         LINE#         1245
  C:0040H         LINE#         1246
  C:0043H         LINE#         1247
  C:0046H         LINE#         1248
  C:0047H         LINE#         1250
  C:0047H         LINE#         1251
  C:004EH         LINE#         1252
  C:0051H         LINE#         1253
  C:0051H         LINE#         1254
  C:0051H         LINE#         1255
  C:0051H         LINE#         1256
  -------         ENDPROC       _SETMODELEDCTR
  -------         PROC          BUZCTR
  -------         DO            
  D:0031H         SYMBOL        On
  -------         ENDDO         
  C:1675H         LINE#         1259
  C:1675H         LINE#         1260
  C:1675H         LINE#         1262
  C:1681H         LINE#         1263
  C:1681H         LINE#         1265
  C:1681H         LINE#         1266
  C:168CH         LINE#         1267
  C:168CH         LINE#         1268
  C:168CH         LINE#         1269
  C:168CH         LINE#         1270
  C:168CH         LINE#         1271
  C:168CH         LINE#         1272
  C:168CH         LINE#         1273
  C:168CH         LINE#         1274
  C:1690H         LINE#         1275
  C:1690H         LINE#         1276
  C:1693H         LINE#         1277
  C:1698H         LINE#         1278
  C:1698H         LINE#         1279
  C:1698H         LINE#         1280
  C:1698H         LINE#         1281
  C:169BH         LINE#         1282
  C:169BH         LINE#         1283
  C:169BH         LINE#         1285
  -------         ENDPROC       BUZCTR
  -------         PROC          PROWORKSTATE
  C:0056H         LINE#         1321
  C:0056H         LINE#         1322
  C:0056H         LINE#         1323
  C:0080H         LINE#         1324
  C:0080H         LINE#         1325
BL51 BANKED LINKER/LOCATER V6.22                                                      03/19/2021  09:02:32  PAGE 29


  C:0080H         LINE#         1326
  C:0083H         LINE#         1327
  C:0086H         LINE#         1328
  C:008CH         LINE#         1329
  C:00A0H         LINE#         1330
  C:00A0H         LINE#         1331
  C:00A0H         LINE#         1332
  C:00A2H         LINE#         1334
  C:00A2H         LINE#         1335
  C:00ADH         LINE#         1336
  C:00ADH         LINE#         1337
  C:00B2H         LINE#         1338
  C:00B5H         LINE#         1339
  C:00BCH         LINE#         1340
  C:00BDH         LINE#         1341
  C:00BDH         LINE#         1342
  C:00CFH         LINE#         1343
  C:00CFH         LINE#         1344
  C:00D6H         LINE#         1345
  C:00D6H         LINE#         1346
  C:00DBH         LINE#         1347
  C:00DBH         LINE#         1348
  C:00E2H         LINE#         1349
  C:00E5H         LINE#         1350
  C:00E5H         LINE#         1351
  C:00E6H         LINE#         1352
  C:00E6H         LINE#         1353
  C:00FFH         LINE#         1354
  C:00FFH         LINE#         1355
  C:0102H         LINE#         1356
  C:0105H         LINE#         1357
  C:0105H         LINE#         1358
  C:0119H         LINE#         1359
  C:0119H         LINE#         1360
  C:0125H         LINE#         1361
  C:0125H         LINE#         1362
  C:0125H         LINE#         1363
  C:0125H         LINE#         1364
  C:0127H         LINE#         1365
  C:0136H         LINE#         1366
  C:0136H         LINE#         1367
  C:0147H         LINE#         1368
  C:0147H         LINE#         1369
  C:0149H         LINE#         1370
  C:014BH         LINE#         1371
  C:014DH         LINE#         1372
  C:015FH         LINE#         1373
  C:015FH         LINE#         1374
  C:0161H         LINE#         1375
  C:0166H         LINE#         1376
  C:0168H         LINE#         1378
  C:0168H         LINE#         1379
  C:016FH         LINE#         1380
  C:016FH         LINE#         1381
  C:016FH         LINE#         1382
  C:0183H         LINE#         1383
  C:0183H         LINE#         1384
BL51 BANKED LINKER/LOCATER V6.22                                                      03/19/2021  09:02:32  PAGE 30


  C:0183H         LINE#         1385
  C:0185H         LINE#         1387
  C:0185H         LINE#         1388
  C:0190H         LINE#         1389
  C:0190H         LINE#         1390
  C:0190H         LINE#         1391
  C:0192H         LINE#         1393
  C:0192H         LINE#         1394
  C:0199H         LINE#         1395
  C:019DH         LINE#         1396
  C:01A0H         LINE#         1397
  C:01A0H         LINE#         1398
  C:01A1H         LINE#         1399
  C:01A1H         LINE#         1400
  C:01B5H         LINE#         1401
  C:01B5H         LINE#         1402
  C:01B5H         LINE#         1403
  C:01B7H         LINE#         1405
  C:01B7H         LINE#         1406
  C:01C2H         LINE#         1407
  C:01C2H         LINE#         1408
  C:01C5H         LINE#         1409
  C:01C5H         LINE#         1410
  C:01C5H         LINE#         1411
  C:01CAH         LINE#         1412
  C:01CFH         LINE#         1413
  C:01D6H         LINE#         1414
  C:01DCH         LINE#         1415
  C:01DFH         LINE#         1416
  C:01E2H         LINE#         1417
  C:01E3H         LINE#         1418
  C:01E3H         LINE#         1419
  C:01F2H         LINE#         1420
  C:01F2H         LINE#         1421
  C:01F7H         LINE#         1422
  C:01FCH         LINE#         1423
  C:01FFH         LINE#         1424
  C:0206H         LINE#         1425
  C:0206H         LINE#         1426
  C:021AH         LINE#         1427
  C:021AH         LINE#         1428
  C:021AH         LINE#         1429
  C:021CH         LINE#         1431
  C:021CH         LINE#         1432
  C:0227H         LINE#         1433
  C:0227H         LINE#         1435
  C:0227H         LINE#         1436
  C:022AH         LINE#         1437
  C:022AH         LINE#         1438
  C:0239H         LINE#         1439
  C:0239H         LINE#         1440
  C:023EH         LINE#         1441
  C:0243H         LINE#         1442
  C:0246H         LINE#         1443
  C:024DH         LINE#         1444
  C:024DH         LINE#         1446
  C:0257H         LINE#         1447
BL51 BANKED LINKER/LOCATER V6.22                                                      03/19/2021  09:02:32  PAGE 31


  C:0259H         LINE#         1448
  C:0260H         LINE#         1449
  C:0260H         LINE#         1451
  C:026AH         LINE#         1452
  C:026AH         LINE#         1453
  C:0271H         LINE#         1454
  C:0271H         LINE#         1455
  C:0285H         LINE#         1456
  C:0285H         LINE#         1457
  C:0285H         LINE#         1458
  C:0287H         LINE#         1460
  C:0287H         LINE#         1461
  C:0292H         LINE#         1462
  C:0292H         LINE#         1463
  C:0292H         LINE#         1464
  C:0294H         LINE#         1465
  C:0294H         LINE#         1466
  C:02A9H         LINE#         1467
  C:02A9H         LINE#         1468
  C:02AEH         LINE#         1469
  C:02B3H         LINE#         1470
  C:02B8H         LINE#         1471
  C:02BCH         LINE#         1472
  C:02C2H         LINE#         1473
  C:02C5H         LINE#         1474
  C:02C5H         LINE#         1475
  C:02D9H         LINE#         1476
  C:02D9H         LINE#         1477
  C:02D9H         LINE#         1478
  C:02DBH         LINE#         1480
  C:02DBH         LINE#         1481
  C:02E6H         LINE#         1482
  C:02E6H         LINE#         1483
  C:02E6H         LINE#         1484
  C:02E8H         LINE#         1485
  C:02E8H         LINE#         1486
  C:02EDH         LINE#         1487
  C:02F2H         LINE#         1488
  C:02F5H         LINE#         1489
  C:02F5H         LINE#         1490
  C:02F5H         LINE#         1491
  C:02F8H         LINE#         1492
  C:02FFH         LINE#         1493
  C:0307H         LINE#         1494
  C:0307H         LINE#         1495
  C:0320H         LINE#         1496
  C:0320H         LINE#         1497
  C:0323H         LINE#         1498
  C:0326H         LINE#         1499
  C:0326H         LINE#         1500
  C:032CH         LINE#         1501
  C:032CH         LINE#         1502
  C:032EH         LINE#         1503
  C:032EH         LINE#         1504
  C:032EH         LINE#         1505
  C:032FH         LINE#         1506
  C:032FH         LINE#         1507
BL51 BANKED LINKER/LOCATER V6.22                                                      03/19/2021  09:02:32  PAGE 32


  C:0332H         LINE#         1508
  C:0339H         LINE#         1509
  C:033EH         LINE#         1510
  C:033EH         LINE#         1511
  C:033EH         LINE#         1512
  C:033EH         LINE#         1513
  C:033EH         LINE#         1514
  -------         ENDPROC       PROWORKSTATE
  -------         PROC          STEAMWORK
  C:033FH         LINE#         1517
  C:033FH         LINE#         1518
  C:033FH         LINE#         1519
  C:0368H         LINE#         1520
  C:0368H         LINE#         1521
  C:0368H         LINE#         1522
  C:036EH         LINE#         1523
  C:0375H         LINE#         1524
  C:0378H         LINE#         1525
  C:0379H         LINE#         1526
  C:0379H         LINE#         1527
  C:0380H         LINE#         1528
  C:0380H         LINE#         1529
  C:0390H         LINE#         1530
  C:0390H         LINE#         1531
  C:0392H         LINE#         1532
  C:0394H         LINE#         1534
  C:0394H         LINE#         1535
  C:0398H         LINE#         1536
  C:0398H         LINE#         1537
  C:039AH         LINE#         1539
  C:039AH         LINE#         1540
  C:03A1H         LINE#         1541
  C:03A1H         LINE#         1542
  C:03A4H         LINE#         1543
  C:03A4H         LINE#         1544
  C:03A4H         LINE#         1545
  C:03BDH         LINE#         1546
  C:03BDH         LINE#         1547
  C:03BDH         LINE#         1548
  C:03C0H         LINE#         1549
  C:03C0H         LINE#         1550
  C:03D0H         LINE#         1551
  C:03D0H         LINE#         1552
  C:03D4H         LINE#         1553
  C:03D6H         LINE#         1555
  C:03D6H         LINE#         1556
  C:03DDH         LINE#         1557
  C:03DDH         LINE#         1558
  C:03F0H         LINE#         1559
  C:03F0H         LINE#         1560
  C:03F5H         LINE#         1561
  C:03F8H         LINE#         1562
  C:03F8H         LINE#         1563
  C:03F8H         LINE#         1564
  C:03FAH         LINE#         1565
  C:03FAH         LINE#         1566
  C:0413H         LINE#         1567
BL51 BANKED LINKER/LOCATER V6.22                                                      03/19/2021  09:02:32  PAGE 33


  C:0413H         LINE#         1568
  C:041AH         LINE#         1569
  C:041EH         LINE#         1570
  C:0421H         LINE#         1571
  C:0421H         LINE#         1572
  C:0421H         LINE#         1573
  C:0423H         LINE#         1574
  C:0423H         LINE#         1575
  C:0428H         LINE#         1576
  C:042DH         LINE#         1577
  C:042DH         LINE#         1578
  C:042FH         LINE#         1579
  C:042FH         LINE#         1580
  C:0434H         LINE#         1581
  C:0439H         LINE#         1582
  C:043CH         LINE#         1583
  C:043CH         LINE#         1584
  C:043CH         LINE#         1585
  C:0443H         LINE#         1586
  C:0446H         LINE#         1587
  C:044EH         LINE#         1588
  C:044EH         LINE#         1589
  C:0467H         LINE#         1590
  C:0467H         LINE#         1591
  C:0467H         LINE#         1592
  C:046AH         LINE#         1593
  C:046AH         LINE#         1594
  C:0470H         LINE#         1595
  C:0470H         LINE#         1596
  C:0472H         LINE#         1597
  C:0472H         LINE#         1598
  C:0472H         LINE#         1599
  C:0473H         LINE#         1600
  C:0473H         LINE#         1601
  C:0476H         LINE#         1602
  C:047DH         LINE#         1603
  C:0482H         LINE#         1604
  C:0482H         LINE#         1605
  C:0482H         LINE#         1606
  -------         ENDPROC       STEAMWORK
  C:0F94H         SYMBOL        L?0474
  -------         PROC          L?0473
  -------         ENDPROC       L?0473
  C:0F94H         SYMBOL        L?0474
  -------         PROC          _UPDATELED
  D:0007H         SYMBOL        disDat
  C:0FA1H         LINE#         1608
  C:0FA1H         LINE#         1609
  C:0FA1H         LINE#         1610
  C:0FA9H         LINE#         1611
  C:0FA9H         LINE#         1612
  C:0FABH         LINE#         1613
  C:0FADH         LINE#         1615
  C:0FADH         LINE#         1616
  C:0FAFH         LINE#         1617
  C:0FAFH         LINE#         1618
  C:0FB7H         LINE#         1619
BL51 BANKED LINKER/LOCATER V6.22                                                      03/19/2021  09:02:32  PAGE 34


  C:0FB7H         LINE#         1620
  C:0FB9H         LINE#         1621
  C:0FBBH         LINE#         1623
  C:0FBBH         LINE#         1624
  C:0FBDH         LINE#         1625
  C:0FBDH         LINE#         1626
  C:0FC5H         LINE#         1627
  C:0FC5H         LINE#         1628
  C:0FC7H         LINE#         1629
  C:0FC9H         LINE#         1631
  C:0FC9H         LINE#         1632
  C:0FCBH         LINE#         1633
  C:0FCBH         LINE#         1634
  C:0FD3H         LINE#         1635
  C:0FD3H         LINE#         1636
  C:0FD5H         LINE#         1637
  C:0FD7H         LINE#         1639
  C:0FD7H         LINE#         1640
  C:0FD9H         LINE#         1641
  C:0FD9H         LINE#         1642
  C:0FE1H         LINE#         1643
  C:0FE1H         LINE#         1644
  C:0FE3H         LINE#         1645
  C:0FE5H         LINE#         1647
  C:0FE5H         LINE#         1648
  C:0FE7H         LINE#         1649
  C:0FE7H         LINE#         1650
  C:0FEFH         LINE#         1651
  C:0FEFH         LINE#         1652
  C:0FF1H         LINE#         1653
  C:0FF3H         LINE#         1655
  C:0FF3H         LINE#         1656
  C:0FF5H         LINE#         1657
  C:0FF5H         LINE#         1658
  C:0FFDH         LINE#         1659
  C:0FFDH         LINE#         1660
  C:0FFFH         LINE#         1661
  C:1001H         LINE#         1663
  C:1001H         LINE#         1664
  C:1003H         LINE#         1665
  C:1003H         LINE#         1666
  C:100BH         LINE#         1667
  C:100BH         LINE#         1668
  C:100DH         LINE#         1669
  C:100EH         LINE#         1671
  C:100EH         LINE#         1672
  C:1010H         LINE#         1673
  C:1010H         LINE#         1674
  -------         ENDPROC       _UPDATELED
  -------         PROC          FLASHLED
  -------         DO            
  D:0032H         SYMBOL        dispos
  D:0006H         SYMBOL        dat1
  -------         ENDDO         
  C:05C3H         LINE#         1677
  C:05C3H         LINE#         1678
[...]
  C:0A7CH         LINE#         1877
  C:0A81H         LINE#         1878
  C:0A81H         LINE#         1879
  C:0A83H         LINE#         1880
  C:0A91H         LINE#         1881
  C:0A91H         LINE#         1882
  C:0A93H         LINE#         1883
  C:0A97H         LINE#         1884
  C:0A97H         LINE#         1885
  C:0A9AH         LINE#         1886
  C:0AA7H         LINE#         1887
  C:0AA7H         LINE#         1888
  C:0AAAH         LINE#         1890
  C:0AAAH         LINE#         1891
  C:0AB3H         LINE#         1892
  C:0AB3H         LINE#         1893
  C:0AB3H         LINE#         1894
  C:0AB9H         LINE#         1895
  C:0AB9H         LINE#         1896
  C:0ABBH         LINE#         1897
  C:0AC2H         LINE#         1898
  C:0AC2H         LINE#         1899
  C:0AC5H         LINE#         1900
  C:0AC7H         LINE#         1901
  C:0ACAH         LINE#         1902
  C:0ACEH         LINE#         1903
BL51 BANKED LINKER/LOCATER V6.22                                                      03/19/2021  09:02:32  PAGE 39


  C:0ACEH         LINE#         1904
  C:0ACEH         LINE#         1905
  C:0AE1H         LINE#         1906
  C:0AE1H         LINE#         1907
  C:0AE6H         LINE#         1908
  C:0AE6H         LINE#         1909
  C:0AE6H         LINE#         1910
  C:0AE6H         LINE#         1911
  C:0AEAH         LINE#         1912
  C:0AEAH         LINE#         1913
  C:0AECH         LINE#         1914
  C:0AEFH         LINE#         1915
  C:0AF3H         LINE#         1916
  C:0AF8H         LINE#         1917
  C:0AFDH         LINE#         1918
  C:0AFDH         LINE#         1919
  C:0AFFH         LINE#         1920
  C:0B06H         LINE#         1921
  C:0B06H         LINE#         1922
  C:0B0BH         LINE#         1923
  C:0B0EH         LINE#         1924
  C:0B10H         LINE#         1925
  C:0B16H         LINE#         1926
  C:0B19H         LINE#         1927
  C:0B19H         LINE#         1928
  C:0B19H         LINE#         1929
  C:0B19H         LINE#         1930
  C:0B19H         LINE#         1931
  C:0B19H         LINE#         1932
  C:0B19H         LINE#         1933
  C:0B19H         LINE#         1934
  -------         ENDPROC       STEAMCTRAUTO
  -------         PROC          MAIN
  C:126EH         LINE#         1936
  C:126EH         LINE#         1937
  C:126EH         LINE#         1938
  C:1271H         LINE#         1939
  C:1274H         LINE#         1940
  C:1277H         LINE#         1941
  C:127AH         LINE#         1942
  C:127CH         LINE#         1943
  C:127FH         LINE#         1944
  C:1282H         LINE#         1945
  C:1285H         LINE#         1946
  C:128CH         LINE#         1947
  C:128FH         LINE#         1948
  C:128FH         LINE#         1949
  C:128FH         LINE#         1950
  C:1292H         LINE#         1951
  C:1295H         LINE#         1952
  C:1298H         LINE#         1953
  C:129BH         LINE#         1954
  C:129EH         LINE#         1955
  C:12A1H         LINE#         1956
  C:12A4H         LINE#         1957
  C:12ABH         LINE#         1958
  -------         ENDPROC       MAIN
BL51 BANKED LINKER/LOCATER V6.22                                                      03/19/2021  09:02:32  PAGE 40


  -------         ENDMOD        MAIN

  -------         MODULE        INITROM
  C:1FD0H         PUBLIC        CO_DEBOUNCE
  C:1FCBH         PUBLIC        CO_MODE
  C:1FE0H         PUBLIC        CO_RELEASE
  C:1FF0H         PUBLIC        CO_SENSITIVITY
  C:1FCFH         PUBLIC        CO_SYSCTRL
  C:1FC7H         PUBLIC        CO_TKCON
  C:1FC4H         PUBLIC        CO_TKEN0
  C:1FC5H         PUBLIC        CO_TKEN1
  C:1FC9H         PUBLIC        CO_TKPSSR
  C:1FC8H         PUBLIC        CO_TKSW
  C:1FCAH         PUBLIC        CO_TKWKTRICNT
  C:1FCCH         PUBLIC        CO_WKTKEN0
  C:1FCDH         PUBLIC        CO_WKTKEN1
  C:1FC0H         PUBLIC        _TOUCH_INITROM
  -------         ENDMOD        INITROM

  -------         MODULE        UART0
  C:0000H         SYMBOL        _ICE_DUMMY_
  D:0080H         PUBLIC        P0
  D:0090H         PUBLIC        P1
  D:00A0H         PUBLIC        P2
  D:00B0H         PUBLIC        P3
  X:0045H         PUBLIC        gBUartRxdReadCount
  C:17A7H         PUBLIC        init_UART0
  D:00A8H         PUBLIC        IEN0
  D:00B8H         PUBLIC        IEN1
  B:0020H.2       PUBLIC        bU0TX
  X:0046H         PUBLIC        gBUartRxdBuf
  B:0098H.0       PUBLIC        RI
  X:0086H         PUBLIC        gBUartRxdByteCount
  B:0098H.1       PUBLIC        TI
  C:1839H         PUBLIC        BufSizeClear
  D:00F8H         PUBLIC        IICS
  D:00BAH         PUBLIC        S0RELH
  D:0087H         PUBLIC        PCON
  D:00AAH         PUBLIC        S0RELL
  D:0098H         PUBLIC        SCON
  D:0088H         PUBLIC        TCON
  C:1324H         PUBLIC        UART0_ISR
  C:1621H         PUBLIC        GetBufData
  D:00E0H         PUBLIC        ACC
  C:178DH         PUBLIC        GetBufSize
  D:0099H         PUBLIC        S0BUF
  D:0098H         PUBLIC        S0CON
  D:0091H         PUBLIC        AUX
  C:0003H         PUBLIC        _UART0_TX
  D:00D0H         PUBLIC        PSW
  D:00C0H         PUBLIC        IRCON
  -------         PROC          INIT_UART0
  C:17A7H         LINE#         21
  C:17A7H         LINE#         22
  C:17A7H         LINE#         23
  C:17AAH         LINE#         24
  C:17ADH         LINE#         25
BL51 BANKED LINKER/LOCATER V6.22                                                      03/19/2021  09:02:32  PAGE 41


  C:17B0H         LINE#         26
  C:17B3H         LINE#         27
  C:17B6H         LINE#         28
  C:17B9H         LINE#         29
  C:17BBH         LINE#         30
  -------         ENDPROC       INIT_UART0
  -------         PROC          UART0_ISR
  C:1324H         LINE#         32
  C:132CH         LINE#         34
  C:132FH         LINE#         35
  C:132FH         LINE#         36
  C:1331H         LINE#         37
  C:1341H         LINE#         38
  C:1347H         LINE#         39
  C:134DH         LINE#         40
  C:134FH         LINE#         41
  C:1351H         LINE#         43
  C:1351H         LINE#         44
  C:1353H         LINE#         45
  C:1355H         LINE#         46
  C:1355H         LINE#         47
  -------         ENDPROC       UART0_ISR
  -------         PROC          _UART0_TX
  D:0007H         SYMBOL        n_temp0
  C:0003H         LINE#         49
  C:0003H         LINE#         50
  C:0003H         LINE#         51
  C:0005H         LINE#         52
  C:0007H         LINE#         53
  C:000AH         LINE#         54
  C:000AH         LINE#         56
  C:000AH         LINE#         57
  -------         ENDPROC       _UART0_TX
  -------         PROC          GETBUFSIZE
  -------         DO            
  D:0007H         SYMBOL        BSize
  -------         ENDDO         
  C:178DH         LINE#         60
  C:178DH         LINE#         61
  C:178DH         LINE#         62
  C:178DH         LINE#         63
  C:179BH         LINE#         64
  C:179BH         LINE#         65
  C:179EH         LINE#         66
  C:17A0H         LINE#         68
  C:17A0H         LINE#         69
  C:17A6H         LINE#         70
  C:17A6H         LINE#         71
  C:17A6H         LINE#         72
  -------         ENDPROC       GETBUFSIZE
  -------         PROC          BUFSIZECLEAR
  C:1839H         LINE#         74
  C:1839H         LINE#         75
  C:1839H         LINE#         76
  C:183EH         LINE#         77
  C:1842H         LINE#         78
  C:1843H         LINE#         79
BL51 BANKED LINKER/LOCATER V6.22                                                      03/19/2021  09:02:32  PAGE 42


  -------         ENDPROC       BUFSIZECLEAR
  -------         PROC          GETBUFDATA
  -------         DO            
  D:0007H         SYMBOL        reData
  -------         ENDDO         
  C:1621H         LINE#         82
  C:1621H         LINE#         83
  C:1621H         LINE#         84
  C:1621H         LINE#         85
  C:162EH         LINE#         86
  C:162EH         LINE#         87
  C:163AH         LINE#         88
  C:1640H         LINE#         89
  C:1646H         LINE#         90
  C:1648H         LINE#         91
  C:164AH         LINE#         93
  C:164AH         LINE#         94
  C:164CH         LINE#         95
  C:164CH         LINE#         96
  C:164CH         LINE#         97
  -------         ENDPROC       GETBUFDATA
  -------         ENDMOD        UART0

  -------         MODULE        ADC
  C:0000H         SYMBOL        _ICE_DUMMY_
  D:0080H         PUBLIC        P0
  D:0090H         PUBLIC        P1
  D:00A0H         PUBLIC        P2
  D:00B0H         PUBLIC        P3
  B:00A8H.7       PUBLIC        EA
  C:17BCH         PUBLIC        ADC_Read12
  D:00A8H         PUBLIC        IEN0
  D:00B8H         PUBLIC        IEN1
  C:16E8H         PUBLIC        ADCInterrupt
  C:108EH         PUBLIC        GetADCCalVal
  D:00F8H         PUBLIC        IICS
  D:0098H         PUBLIC        SCON
  D:0088H         PUBLIC        TCON
  C:186EH         PUBLIC        _ADC_Start
  D:00ABH         PUBLIC        ADCC1
  D:00ACH         PUBLIC        ADCC2
  C:1844H         PUBLIC        ADC_Init
  D:00E0H         PUBLIC        ACC
  C:184FH         PUBLIC        ADC
  B:0020H.3       PUBLIC        ADCfinish
  C:0C94H         PUBLIC        GetADKey
  D:00ADH         PUBLIC        ADCDH
  B:00B8H.2       PUBLIC        IEADC
  D:00AEH         PUBLIC        ADCDL
  D:00AFH         PUBLIC        ADCCS
  D:000FH         PUBLIC        n_data
  D:00D0H         PUBLIC        PSW
  D:00C0H         PUBLIC        IRCON
  -------         PROC          _ADC_START
  D:0007H         SYMBOL        n_ADC_CH
  C:186EH         LINE#         8
  C:186EH         LINE#         9
BL51 BANKED LINKER/LOCATER V6.22                                                      03/19/2021  09:02:32  PAGE 43


  C:186EH         LINE#         10
  C:1870H         LINE#         11
  C:1873H         LINE#         12
  -------         ENDPROC       _ADC_START
  -------         PROC          ADC_INIT
  C:1844H         LINE#         14
  C:1844H         LINE#         15
  C:1844H         LINE#         16
  C:1847H         LINE#         17
  C:184AH         LINE#         18
  C:184CH         LINE#         19
  C:184EH         LINE#         20
  -------         ENDPROC       ADC_INIT
  -------         PROC          ADC_READ12
  -------         DO            
  D:0006H         SYMBOL        n_ADCD12
  -------         ENDDO         
  C:17BCH         LINE#         22
  C:17BCH         LINE#         23
  C:17BCH         LINE#         24
  C:17BDH         LINE#         25
  C:17CCH         LINE#         26
  C:17CCH         LINE#         27
  -------         ENDPROC       ADC_READ12
  -------         PROC          ADCINTERRUPT
  C:16E8H         LINE#         29
  C:16F7H         LINE#         31
  C:16FEH         LINE#         32
  C:1700H         LINE#         33
  -------         ENDPROC       ADCINTERRUPT
  -------         PROC          ADC
  C:184FH         LINE#         41
  C:184FH         LINE#         42
  C:184FH         LINE#         67
  C:184FH         LINE#         68
  C:184FH         LINE#         69
  C:1854H         LINE#         70
  C:1857H         LINE#         71
  C:1859H         LINE#         72
  C:1859H         LINE#         103
  -------         ENDPROC       ADC
  -------         PROC          GETADCCALVAL
  -------         DO            
  X:0089H         SYMBOL        i
  X:008AH         SYMBOL        OKVal
  X:008CH         SYMBOL        total
  -------         ENDDO         
  C:108EH         LINE#         105
  C:108EH         LINE#         106
  C:108EH         LINE#         107
  C:1093H         LINE#         108
  C:1097H         LINE#         109
  C:109BH         LINE#         110
  C:10A1H         LINE#         111
  C:10A5H         LINE#         112
  C:10A5H         LINE#         113
  C:10A8H         LINE#         114
BL51 BANKED LINKER/LOCATER V6.22                                                      03/19/2021  09:02:32  PAGE 44


  C:10BDH         LINE#         115
  C:10BDH         LINE#         116
  C:10CBH         LINE#         117
  C:10D9H         LINE#         118
  C:10D9H         LINE#         119
  C:10E5H         LINE#         120
  C:10F5H         LINE#         121
  C:10F5H         LINE#         122
  C:10FEH         LINE#         123
  C:10FEH         LINE#         124
  C:1101H         LINE#         125
  -------         ENDPROC       GETADCCALVAL
  -------         PROC          GETADKEY
  -------         DO            
  X:0087H         SYMBOL        ADValc
  -------         ENDDO         
  C:0C94H         LINE#         143
  C:0C94H         LINE#         144
  C:0C94H         LINE#         145
  C:0C9BH         LINE#         146
  C:0CA6H         LINE#         147
  C:0CB9H         LINE#         148
  C:0CB9H         LINE#         149
  C:0CBCH         LINE#         150
  C:0CBCH         LINE#         151
  C:0CD4H         LINE#         152
  C:0CD4H         LINE#         153
  C:0CD7H         LINE#         154
  C:0CD7H         LINE#         155
  C:0CEFH         LINE#         156
  C:0CEFH         LINE#         157
  C:0CF2H         LINE#         158
  C:0CF2H         LINE#         159
  C:0D0AH         LINE#         160
  C:0D0AH         LINE#         161
  C:0D0DH         LINE#         162
  C:0D0DH         LINE#         163
  C:0D25H         LINE#         164
  C:0D25H         LINE#         165
  C:0D28H         LINE#         166
  C:0D28H         LINE#         167
  C:0D40H         LINE#         168
  C:0D40H         LINE#         169
  C:0D43H         LINE#         170
  C:0D43H         LINE#         171
  C:0D45H         LINE#         172
  -------         ENDPROC       GETADKEY
  -------         ENDMOD        ADC

  -------         MODULE        TIMER
  C:0000H         SYMBOL        _ICE_DUMMY_
  D:0080H         PUBLIC        P0
  D:0090H         PUBLIC        P1
  D:00A0H         PUBLIC        P2
  C:122DH         PUBLIC        TIMER0_ISR
  D:00B0H         PUBLIC        P3
  D:00A8H         PUBLIC        IEN0
BL51 BANKED LINKER/LOCATER V6.22                                                      03/19/2021  09:02:32  PAGE 45


  D:00B8H         PUBLIC        IEN1
  D:00F8H         PUBLIC        IICS
  D:0098H         PUBLIC        SCON
  D:0089H         PUBLIC        TMOD
  D:0088H         PUBLIC        TCON
  D:00E0H         PUBLIC        ACC
  D:008CH         PUBLIC        TH0
  C:181FH         PUBLIC        TIMER0_initialize
  D:008AH         PUBLIC        TL0
  B:0088H.4       PUBLIC        TR0
  D:00D0H         PUBLIC        PSW
  D:00C0H         PUBLIC        IRCON
  -------         PROC          TIMER0_INITIALIZE
  C:181FH         LINE#         14
  C:181FH         LINE#         15
  C:181FH         LINE#         16
  C:1822H         LINE#         17
  C:1825H         LINE#         18
  C:1828H         LINE#         19
  C:182BH         LINE#         20
  C:182DH         LINE#         21
  -------         ENDPROC       TIMER0_INITIALIZE
  -------         PROC          TIMER0_ISR
  C:122DH         LINE#         22
  C:124AH         LINE#         24
  C:124DH         LINE#         25
  C:1250H         LINE#         28
  C:1253H         LINE#         30
  -------         ENDPROC       TIMER0_ISR
  -------         ENDMOD        TIMER

  -------         MODULE        EEPROM
  C:0000H         SYMBOL        _ICE_DUMMY_
  D:00F7H         PUBLIC        TAKEY
  D:0080H         PUBLIC        P0
  D:0090H         PUBLIC        P1
  D:00A0H         PUBLIC        P2
  D:00B0H         PUBLIC        P3
  C:17DEH         PUBLIC        ISP_Disable
  B:00A8H.7       PUBLIC        EA
  D:00A8H         PUBLIC        IEN0
  D:00B8H         PUBLIC        IEN1
  C:17CDH         PUBLIC        ISP_Enable
  C:17EFH         PUBLIC        _Read_EEPROM
  D:00F8H         PUBLIC        IICS
  D:0098H         PUBLIC        SCON
  D:0088H         PUBLIC        TCON
  C:1800H         PUBLIC        _Write_EEPROM
  D:00E1H         PUBLIC        ISPFAH
  D:00E2H         PUBLIC        ISPFAL
  D:00E3H         PUBLIC        ISPFDL
  D:00E0H         PUBLIC        ACC
  D:008FH         PUBLIC        IFCON
  D:00E4H         PUBLIC        ISPFC
  D:00D0H         PUBLIC        PSW
  D:00C0H         PUBLIC        IRCON
  -------         PROC          ISP_ENABLE
BL51 BANKED LINKER/LOCATER V6.22                                                      03/19/2021  09:02:32  PAGE 46


  C:17CDH         LINE#         14
  C:17CDH         LINE#         15
  C:17CDH         LINE#         16
  C:17CFH         LINE#         17
  C:17D2H         LINE#         18
  C:17D5H         LINE#         19
  C:17D8H         LINE#         20
  C:17DBH         LINE#         21
  C:17DDH         LINE#         22
  -------         ENDPROC       ISP_ENABLE
  -------         PROC          ISP_DISABLE
  C:17DEH         LINE#         24
  C:17DEH         LINE#         25
  C:17DEH         LINE#         26
  C:17E0H         LINE#         27
  C:17E3H         LINE#         28
  C:17E6H         LINE#         29
  C:17E9H         LINE#         30
  C:17ECH         LINE#         31
  C:17EEH         LINE#         32
  -------         ENDPROC       ISP_DISABLE
  -------         PROC          _WRITE_EEPROM
  D:0007H         SYMBOL        Addr
  D:0005H         SYMBOL        Data
  C:1800H         LINE#         55
  C:1800H         LINE#         56
  C:1800H         LINE#         57
  C:1803H         LINE#         58
  C:1806H         LINE#         59
  C:1808H         LINE#         60
  C:180AH         LINE#         61
  C:180DH         LINE#         62
  -------         ENDPROC       _WRITE_EEPROM
  -------         PROC          _READ_EEPROM
  D:0007H         SYMBOL        Addr
  -------         DO            
  D:0007H         SYMBOL        Data
  -------         ENDDO         
  C:17EFH         LINE#         65
  C:17EFH         LINE#         66
  C:17EFH         LINE#         68
  C:17F2H         LINE#         69
  C:17F5H         LINE#         70
  C:17F7H         LINE#         71
  C:17FAH         LINE#         72
  C:17FCH         LINE#         73
  C:17FFH         LINE#         74
  C:17FFH         LINE#         75
  -------         ENDPROC       _READ_EEPROM
  -------         ENDMOD        EEPROM

  -------         MODULE        ?C?FPCMP
  C:0485H         PUBLIC        ?C?FPCMP
  C:0483H         PUBLIC        ?C?FPCMP3
  -------         ENDMOD        ?C?FPCMP

  -------         MODULE        ?C?FCAST
BL51 BANKED LINKER/LOCATER V6.22                                                      03/19/2021  09:02:32  PAGE 47


  C:0506H         PUBLIC        ?C?FCASTC
  C:0501H         PUBLIC        ?C?FCASTI
  C:04FCH         PUBLIC        ?C?FCASTL
  -------         ENDMOD        ?C?FCAST

  -------         MODULE        ?C?UIDIV
  C:053AH         PUBLIC        ?C?UIDIV
  -------         ENDMOD        ?C?UIDIV

  -------         MODULE        ?C?LNEG
  C:058FH         PUBLIC        ?C?LNEG
  -------         ENDMOD        ?C?LNEG

  -------         MODULE        ?C?CCASE
  C:059DH         PUBLIC        ?C?CCASE
  -------         ENDMOD        ?C?CCASE

Program Size: data=48.4 xdata=142 code=6320
LINK/LOCATE RUN COMPLETE.  0 WARNING(S),  0 ERROR(S)
